Traversal: BFS depth=2 | Start: ['saved', 'status', 'status'] | 47 nodes found

NODE T0Strings.json [src=unity/Unknown/Assets/_Project/Resources/T0Strings.json loc=L1 community=1486]
NODE provenance.json [src=assets/generated/3d/c1-signature-reader-r02/generation-receipt/provenance.json loc=L1 community=442]
NODE provenance.json [src=assets/generated/3d/c1-patrol-panel-r01/generation-receipt/provenance.json loc=L1 community=442]
NODE SUCCESS.json [src=assets/generated/3d/c1-signature-reader-r02/generation-receipt/SUCCESS.json loc=L1 community=803]
NODE SUCCESS.json [src=assets/generated/3d/c1-patrol-panel-r01/generation-receipt/SUCCESS.json loc=L1 community=803]
NODE formats [src=assets/generated/3d/c1-signature-reader-r02/generation-receipt/provenance.json loc=L56 community=1669]
NODE concept_ref [src=assets/generated/2d/texture/c1-signature-paper-r01/generation-receipt/provenance.json loc=L28 community=442]
NODE prompt_sha256 [src=assets/generated/2d/texture/c1-signature-paper-r01/generation-receipt/provenance.json loc=L10 community=1481]
NODE saved [src=unity/Unknown/Assets/_Project/Resources/T0Strings.json loc=L1 community=1554]
NODE asset_id [src=assets/generated/2d/texture/c1-signature-paper-r01/generation-receipt/provenance.json loc=L3 community=442]
NODE runtimeEligible [src=assets/generated/2d/texture/c1-signature-paper-r01/generation-receipt/provenance.json loc=L30 community=442]
NODE status [src=assets/generated/3d/c1-signature-reader-r02/generation-receipt/SUCCESS.json loc=L2 community=803]
NODE seed [src=assets/generated/3d/c1-signature-reader-r02/generation-receipt/provenance.json loc=L17 community=442]
NODE fees [src=assets/generated/3d/c1-signature-reader-r02/generation-receipt/provenance.json loc=L54 community=442]
NODE outputs [src=assets/generated/3d/c1-signature-reader-r02/generation-receipt/provenance.json loc=L73 community=442]
NODE generator_version [src=assets/generated/3d/c1-signature-reader-r02/generation-receipt/provenance.json loc=L12 community=442]
NODE runtime_review [src=assets/generated/3d/c1-signature-reader-r02/generation-receipt/provenance.json loc=L70 community=442]
NODE source_prompt [src=assets/generated/3d/c1-signature-reader-r02/generation-receipt/provenance.json loc=L13 community=442]
NODE preview_kind [src=assets/generated/3d/c1-signature-reader-r02/generation-receipt/provenance.json loc=L61 community=442]
NODE asset_id [src=assets/generated/3d/c1-signature-reader-r02/generation-receipt/SUCCESS.json loc=L3 community=803]
NODE recipe_sha256 [src=assets/generated/3d/c1-signature-reader-r02/generation-receipt/provenance.json loc=L16 community=442]
NODE third_party_assets [src=assets/generated/3d/c1-signature-reader-r02/generation-receipt/provenance.json loc=L52 community=442]
NODE status [src=assets/generated/3d/c1-signature-reader-r02/generation-receipt/provenance.json loc=L8 community=442]
NODE revision [src=assets/generated/3d/c1-signature-reader-r02/generation-receipt/provenance.json loc=L5 community=442]
NODE recipe_sha256 [src=assets/generated/3d/c1-signature-reader-r02/generation-receipt/SUCCESS.json loc=L6 community=803]
NODE provenance_sha256 [src=assets/generated/3d/c1-signature-reader-r02/generation-receipt/SUCCESS.json loc=L5 community=803]
NODE source_type [src=assets/generated/3d/c1-signature-reader-r02/generation-receipt/provenance.json loc=L9 community=442]
NODE g5_passed [src=assets/generated/3d/c1-signature-reader-r02/generation-receipt/provenance.json loc=L72 community=442]
NODE generator [src=assets/generated/3d/c1-signature-reader-r02/generation-receipt/provenance.json loc=L10 community=442]
NODE canonical_name [src=assets/generated/3d/c1-signature-reader-r02/generation-receipt/provenance.json loc=L3 community=442]
NODE created_utc [src=assets/generated/3d/c1-signature-reader-r02/generation-receipt/provenance.json loc=L6 community=442]
NODE recipe_path [src=assets/generated/3d/c1-signature-reader-r02/generation-receipt/provenance.json loc=L15 community=442]
NODE runtimeEligible [src=assets/generated/3d/c1-signature-reader-r02/generation-receipt/SUCCESS.json loc=L4 community=803]
NODE output_count [src=assets/generated/3d/c1-signature-reader-r02/generation-receipt/SUCCESS.json loc=L7 community=803]
NODE g4_passed [src=assets/generated/3d/c1-signature-reader-r02/generation-receipt/provenance.json loc=L71 community=442]
NODE en [src=unity/Unknown/Assets/_Project/Resources/T0Strings.json loc=L1 community=1554]
NODE external_reference_media [src=assets/generated/3d/c1-patrol-panel-r01/generation-receipt/provenance.json loc=L22 community=442]
NODE concept_deviation [src=assets/generated/3d/c1-patrol-panel-r01/generation-receipt/provenance.json loc=L25 community=442]
NODE imported_external_media [src=assets/generated/3d/c1-signature-reader-r02/generation-receipt/provenance.json loc=L53 community=442]
NODE reference_receipts [src=assets/generated/3d/c1-signature-reader-r02/generation-receipt/provenance.json loc=L26 community=442]
NODE glossary_id [src=assets/generated/3d/c1-signature-reader-r02/generation-receipt/provenance.json loc=L4 community=442]
NODE blender_version [src=assets/generated/3d/c1-signature-reader-r02/generation-receipt/SUCCESS.json loc=L8 community=803]
NODE preview_actual_size [src=assets/generated/3d/c1-signature-reader-r02/generation-receipt/provenance.json loc=L66 community=442]
NODE authoring_lane [src=assets/generated/3d/c1-signature-reader-r02/generation-receipt/provenance.json loc=L11 community=442]
NODE ko [src=unity/Unknown/Assets/_Project/Resources/T0Strings.json loc=L1 community=1554]
NODE concept_scope [src=assets/generated/3d/c1-signature-reader-r02/generation-receipt/provenance.json loc=L55 community=442]
NODE preview_requested_size [src=assets/generated/3d/c1-signature-reader-r02/generation-receipt/provenance.json loc=L62 community=442]
EDGE status --contains [EXTRACTED]--> SUCCESS.json
EDGE status --contains [EXTRACTED]--> SUCCESS.json
EDGE status --contains [EXTRACTED]--> provenance.json
EDGE status --contains [EXTRACTED]--> provenance.json
... (truncated — 0 more nodes cut by ~2000-token budget. Narrow with context_filter=['call'] or use get_node for a specific symbol)
