Unity Editor version:    6000.5.6f1 (0e0577a1a2ac)
Branch:                  6000.5/staging
Build type:              Release
Batch mode:              YES
macOS version:           Version 26.3.1 (Build 25D2128)
Darwin version:          25.3.0
Architecture:            arm64
Running under Rosetta:   NO
Available memory:        16384 MB
Date:                    2026-09-11T03:52:25Z
[Licensing::Module] Trying to connect to existing licensing client channel...
[Licensing::IpcConnector] Channel LicenseClient-jangyoung doesn't exist
Launching external process: /Applications/Unity/Hub/Editor/6000.5.6f1/Unity.app/Contents/Helpers/UnityLicensingClient.app/Contents/MacOS/Unity.Licensing.Client
[Licensing::Module] Successfully launched the LicensingClient (PId: 86451)
Launching external process: /Applications/Unity/Hub/Editor/6000.5.6f1/Unity.app/Contents/Helpers/PackageManager/Server/UnityPackageManager

COMMAND LINE ARGUMENTS:
/Applications/Unity/Hub/Editor/6000.5.6f1/Unity.app/Contents/MacOS/Unity
-batchmode
-quit
-projectPath
/Users/jangyoung/orca/unknown/unity/Unknown
-executeMethod
Tide.EditorTools.C1SignatureProjectBuilder.ImportAndCapture
-logFile
/Users/jangyoung/orca/unknown/_workspace/current/systems/tech-verification/c1-m4/logs/reader-diagnostic-1.log
Successfully changed project path to: /Users/jangyoung/orca/unknown/unity/Unknown
/Users/jangyoung/orca/unknown/unity/Unknown
[UnityMemory] Configuration Parameters - Can be set up in boot.config
    "memorysetup-temp-allocator-size-gi-baking-worker=262144"
    "memorysetup-temp-allocator-size-gi-baking-worker=262144"
    "memorysetup-temp-allocator-size-gi-baking-worker=262144"
    "memorysetup-temp-allocator-size-gi-baking-worker=262144"
    "memorysetup-temp-allocator-size-gi-baking-worker=262144"
    "memorysetup-temp-allocator-size-nav-mesh-worker=65536"
    "memorysetup-temp-allocator-size-audio-worker=65536"
    "memorysetup-temp-allocator-size-cloud-worker=32768"
    "memorysetup-allocator-temp-initial-block-size-main=262144"
    "memorysetup-allocator-temp-initial-block-size-worker=262144"
    "memorysetup-temp-allocator-size-preload-manager=33554432"
    "memorysetup-temp-allocator-size-gfx=262144"
    "memorysetup-temp-allocator-size-background-worker=32768"
    "memorysetup-temp-allocator-size-job-worker=262144"
    "memorysetup-bucket-allocator-granularity=16"
    "memorysetup-bucket-allocator-bucket-count=8"
    "memorysetup-bucket-allocator-block-size=33554432"
    "memorysetup-bucket-allocator-block-count=8"
    "memorysetup-main-allocator-block-size=16777216"
    "memorysetup-thread-allocator-block-size=16777216"
    "memorysetup-main-allocator-mimalloc-enabled=0"
    "memorysetup-gfx-main-allocator-block-size=16777216"
    "memorysetup-gfx-thread-allocator-block-size=16777216"
    "memorysetup-cache-allocator-block-size=4194304"
    "memorysetup-typetree-allocator-block-size=2097152"
    "memorysetup-profiler-bucket-allocator-granularity=16"
    "memorysetup-profiler-bucket-allocator-bucket-count=8"
    "memorysetup-profiler-bucket-allocator-block-size=33554432"
    "memorysetup-profiler-bucket-allocator-block-count=8"
    "memorysetup-profiler-allocator-block-size=16777216"
    "memorysetup-profiler-editor-allocator-block-size=1048576"
    "memorysetup-temp-allocator-size-main=16777216"
    "memorysetup-job-temp-allocator-block-size=2097152"
    "memorysetup-job-temp-allocator-block-size-background=1048576"
    "memorysetup-job-temp-allocator-reduction-small-platforms=262144"
Logging is directed to a specific file, skipping project log.Player connection [8682565888]  Target information:

Player connection [8682565888]  * "[IP] 192.168.219.124 [Port] 55504 [Flags] 2 [Guid] 402300011 [EditorId] 402300011 [Version] 1048832 [Id] OSXEditor(0,MacBook-Pro-2.local) [Debug] 1 [PackageName] OSXEditor [ProjectName] Editor" 

Player connection [8682565888]  * "[IP] 100.119.58.79 [Port] 55504 [Flags] 2 [Guid] 402300011 [EditorId] 402300011 [Version] 1048832 [Id] OSXEditor(0,MacBook-Pro-2.local) [Debug] 1 [PackageName] OSXEditor [ProjectName] Editor" 

Player connection [8682565888] Host joined multi-casting on [225.0.0.222:54997]...
Player connection [8682565888] Host joined alternative multi-casting on [225.0.0.222:34997]...
Input System module state changed to: Initialized.
[Physics::Module] Initialized fallback backend.
[Physics::Module] Id: 0xdecafbad
[Licensing::IpcConnector] Successfully connected to: "LicenseClient-jangyoung" at "2026-09-11T03:52:26.533675Z"
[Package Manager] Connected to IPC stream "Upm-86415" after 0.3 seconds.
[Licensing::Module] Licensing is not yet initialized.
[Licensing::Client] Handshaking with LicensingClient:
  Version:                 1.18.1+9fbee8e
  Session Id:              67843484c4ec4fcab4e5214389617090
  Correlation Id:          b124c899665121ba28b75334a0a297cd
  External correlation Id: 4923963084833807205
  Machine Id:              GDFq97hyJBwslTnyqVIUvhYydXg=
[Licensing::Module] Successfully connected to LicensingClient on channel: "LicenseClient-jangyoung" (connect: 0.58s, validation: 0.04s, handshake: 0.39s)
[Licensing::IpcConnector] Successfully connected to: "LicenseClient-jangyoung-notifications" at "2026-09-11T03:52:26.959196Z"
[Licensing::Module] Connected to LicensingClient (PId: 86451, launch time: 0.00, total connection time: 1.00s)
[Licensing::Module] Error: Access token is unavailable; failed to update
[Licensing::Client] Successfully resolved entitlement details
[Licensing::Module] License group:
  Id: 4513980-UnityPersXXXX
  Product: Unity Personal
  Type: Assigned
  Expiration: Unlimited
[Licensing::Client] Successfully updated license, isAsync: True, time: 0.00
[Licensing::Client] Successfully resolved entitlement details
[Licensing::Module] Licensing Background thread has ended after 1.02s
[Licensing::Module] Licensing is initialized (took 0.18s).
[Licensing::Client] Successfully resolved entitlement details
Library Redirect Path: Library/
[Physics::Module] Selected backend.
[Physics::Module] Name: PhysX
[Physics::Module] Id: 0xf2b8ea05
[Physics::Module] SDK Version: 4.1.2
[Physics::Module] Integration Version: 1.0.0
[Physics::Module] Threading Mode: Multi-Threaded
Initialize engine version: 6000.5.6f1 (0e0577a1a2ac)
[Subsystems] Discovering subsystems at path /Applications/Unity/Hub/Editor/6000.5.6f1/Unity.app/Contents/Resources/UnitySubsystems
[Subsystems] Discovering subsystems at path /Users/jangyoung/orca/unknown/unity/Unknown/Assets
GfxDevice: creating device client; kGfxThreadingModeNonThreaded
 preferred device: Apple M2 Pro (high power)
Metal devices available: 1
0: Apple M2 Pro (high power)
Using device Apple M2 Pro (high power)
Initializing Metal device caps: Apple M2 Pro
Mac GPU Family: 2
Apple GPU Family: 8
MSL Version: 3.0
Has Float MSAA: 1
Has Float Filtering: 1
ReadWrite Texture Tier: 2
Initialize mono
Mono path[0] = '/Applications/Unity/Hub/Editor/6000.5.6f1/Unity.app/Contents/Resources/Scripting/Managed'
Mono path[1] = '/Applications/Unity/Hub/Editor/6000.5.6f1/Unity.app/Contents/Resources/Scripting/BCLExtensions/runtime/netstandard2.1'
Mono path[2] = '/Applications/Unity/Hub/Editor/6000.5.6f1/Unity.app/Contents/Resources/Scripting/MonoBleedingEdge/lib/mono/unityjit-macos'
Mono config path = '/Applications/Unity/Hub/Editor/6000.5.6f1/Unity.app/Contents/Resources/Scripting/MonoBleedingEdge/etc'
Using monoOptions --debugger-agent=transport=dt_socket,embedding=1,server=y,suspend=n,address=127.0.0.1:56415
CodeReloadManager initialized
ImportWorker Server TCP listen port: 0
AcceleratorClientConnectionCallback - disconnected - :0
Begin MonoManager ReloadAssembly
Registering precompiled unity dll's ...
Register platform support module: /Applications/Unity/Hub/Editor/6000.5.6f1/PlaybackEngines/WebGLSupport/UnityEditor.WebGL.Extensions.dll
Register platform support module: /Applications/Unity/Hub/Editor/6000.5.6f1/PlaybackEngines/MacStandaloneSupport/UnityEditor.OSXStandalone.Extensions.dll
Registered in 0.001225 seconds.
Native extension for OSXStandalone target not found
Native extension for WebGL target not found
Package Manager log level set to [2]
ScheduleIndexationOnStartup MainProcess:False IndexOnStartup:True
Mono: successfully reloaded assembly
- Finished resetting the current domain, in  0.309 seconds
Domain Reload Profiling: 722ms
	BeginReloadAssembly (116ms)
		CreateAndSetChildDomain (14ms)
	RebuildCommonClasses (4ms)
	RebuildNativeTypeToScriptingClass (17ms)
	initialDomainReloadingComplete (42ms)
	LoadAllAssembliesAndSetupDomain (233ms)
		LoadAssemblies (102ms)
		AnalyzeDomain (179ms)
			TypeCache.Refresh (178ms)
				TypeCache.ScanAssembly (162ms)
	FinalizeReload (311ms)
		SetupLoadedEditorAssemblies (0ms)
			BeforeProcessingInitializeOnLoad (65ms)
			ProcessInitializeOnLoadAttributes (70ms)
			ProcessInitializeOnLoadMethodAttributes (115ms)
[Licensing::Client] Successfully resolved entitlement details
Application.AssetDatabase Initial Refresh Start
[Package Manager] Restoring resolved packages state from cache
[Licensing::Client] Successfully resolved entitlement details
[Package Manager] Registered 55 packages:
  Packages from [https://packages.unity.com]:
    com.unity.inputsystem@1.20.0 (location: /Users/jangyoung/orca/unknown/unity/Unknown/Library/PackageCache/com.unity.inputsystem@7a4e1a2a8194)
    com.unity.localization@1.5.13 (location: /Users/jangyoung/orca/unknown/unity/Unknown/Library/PackageCache/com.unity.localization@ef5a0677859d)
    com.unity.addressables@2.9.1 (location: /Users/jangyoung/orca/unknown/unity/Unknown/Library/PackageCache/com.unity.addressables@8460f1c9c927)
    com.unity.nuget.newtonsoft-json@3.2.2 (location: /Users/jangyoung/orca/unknown/unity/Unknown/Library/PackageCache/com.unity.nuget.newtonsoft-json@4dfd81071c64)
    com.unity.searcher@4.9.4 (location: /Users/jangyoung/orca/unknown/unity/Unknown/Library/PackageCache/com.unity.searcher@d45a78918735)
    com.unity.burst@1.8.29 (location: /Users/jangyoung/orca/unknown/unity/Unknown/Library/PackageCache/com.unity.burst@6bb9aca3ef38)
    com.unity.profiling.core@1.0.3 (location: /Users/jangyoung/orca/unknown/unity/Unknown/Library/PackageCache/com.unity.profiling.core@8a49f7027d06)
    com.unity.scriptablebuildpipeline@2.6.1 (location: /Users/jangyoung/orca/unknown/unity/Unknown/Library/PackageCache/com.unity.scriptablebuildpipeline@36e3b5898ee2)
    com.unity.nuget.mono-cecil@1.11.6 (location: /Users/jangyoung/orca/unknown/unity/Unknown/Library/PackageCache/com.unity.nuget.mono-cecil@ecb9724e46ff)
    com.unity.test-framework.performance@3.5.0 (location: /Users/jangyoung/orca/unknown/unity/Unknown/Library/PackageCache/com.unity.test-framework.performance@8b56083ec0f0)
  Built-in packages:
    com.unity.render-pipelines.universal@17.5.0 (location: /Users/jangyoung/orca/unknown/unity/Unknown/Library/PackageCache/com.unity.render-pipelines.universal@73b4c4ff130e)
    com.unity.test-framework@1.7.0 (location: /Users/jangyoung/orca/unknown/unity/Unknown/Library/PackageCache/com.unity.test-framework@1405238725ab)
    com.unity.ugui@2.5.0 (location: /Users/jangyoung/orca/unknown/unity/Unknown/Library/PackageCache/com.unity.ugui@67707a67a4ab)
    com.unity.modules.accessibility@1.0.0 (location: /Users/jangyoung/orca/unknown/unity/Unknown/Library/PackageCache/com.unity.modules.accessibility)
    com.unity.modules.adaptiveperformance@1.0.0 (location: /Users/jangyoung/orca/unknown/unity/Unknown/Library/PackageCache/com.unity.modules.adaptiveperformance)
    com.unity.modules.ai@1.0.0 (location: /Users/jangyoung/orca/unknown/unity/Unknown/Library/PackageCache/com.unity.modules.ai)
    com.unity.modules.androidjni@1.0.0 (location: /Users/jangyoung/orca/unknown/unity/Unknown/Library/PackageCache/com.unity.modules.androidjni)
    com.unity.modules.animation@1.0.0 (location: /Users/jangyoung/orca/unknown/unity/Unknown/Library/PackageCache/com.unity.modules.animation)
    com.unity.modules.assetbundle@1.0.0 (location: /Users/jangyoung/orca/unknown/unity/Unknown/Library/PackageCache/com.unity.modules.assetbundle)
    com.unity.modules.audio@1.0.0 (location: /Users/jangyoung/orca/unknown/unity/Unknown/Library/PackageCache/com.unity.modules.audio)
    com.unity.modules.cloth@1.0.0 (location: /Users/jangyoung/orca/unknown/unity/Unknown/Library/PackageCache/com.unity.modules.cloth)
    com.unity.modules.director@1.0.0 (location: /Users/jangyoung/orca/unknown/unity/Unknown/Library/PackageCache/com.unity.modules.director)
    com.unity.modules.imageconversion@1.0.0 (location: /Users/jangyoung/orca/unknown/unity/Unknown/Library/PackageCache/com.unity.modules.imageconversion)
    com.unity.modules.imgui@1.0.0 (location: /Users/jangyoung/orca/unknown/unity/Unknown/Library/PackageCache/com.unity.modules.imgui)
    com.unity.modules.jsonserialize@1.0.0 (location: /Users/jangyoung/orca/unknown/unity/Unknown/Library/PackageCache/com.unity.modules.jsonserialize)
    com.unity.modules.particlesystem@1.0.0 (location: /Users/jangyoung/orca/unknown/unity/Unknown/Library/PackageCache/com.unity.modules.particlesystem)
    com.unity.modules.physics@1.0.0 (location: /Users/jangyoung/orca/unknown/unity/Unknown/Library/PackageCache/com.unity.modules.physics)
    com.unity.modules.physics2d@1.0.0 (location: /Users/jangyoung/orca/unknown/unity/Unknown/Library/PackageCache/com.unity.modules.physics2d)
    com.unity.modules.physicscore2d@1.0.0 (location: /Users/jangyoung/orca/unknown/unity/Unknown/Library/PackageCache/com.unity.modules.physicscore2d)
    com.unity.modules.screencapture@1.0.0 (location: /Users/jangyoung/orca/unknown/unity/Unknown/Library/PackageCache/com.unity.modules.screencapture)
    com.unity.modules.terrain@1.0.0 (location: /Users/jangyoung/orca/unknown/unity/Unknown/Library/PackageCache/com.unity.modules.terrain)
    com.unity.modules.terrainphysics@1.0.0 (location: /Users/jangyoung/orca/unknown/unity/Unknown/Library/PackageCache/com.unity.modules.terrainphysics)
    com.unity.modules.tilemap@1.0.0 (location: /Users/jangyoung/orca/unknown/unity/Unknown/Library/PackageCache/com.unity.modules.tilemap)
    com.unity.modules.ui@1.0.0 (location: /Users/jangyoung/orca/unknown/unity/Unknown/Library/PackageCache/com.unity.modules.ui)
    com.unity.modules.uielements@1.0.0 (location: /Users/jangyoung/orca/unknown/unity/Unknown/Library/PackageCache/com.unity.modules.uielements)
    com.unity.modules.umbra@1.0.0 (location: /Users/jangyoung/orca/unknown/unity/Unknown/Library/PackageCache/com.unity.modules.umbra)
    com.unity.modules.unityanalytics@1.0.0 (location: /Users/jangyoung/orca/unknown/unity/Unknown/Library/PackageCache/com.unity.modules.unityanalytics)
    com.unity.modules.unitywebrequest@1.0.0 (location: /Users/jangyoung/orca/unknown/unity/Unknown/Library/PackageCache/com.unity.modules.unitywebrequest)
    com.unity.modules.unitywebrequestassetbundle@1.0.0 (location: /Users/jangyoung/orca/unknown/unity/Unknown/Library/PackageCache/com.unity.modules.unitywebrequestassetbundle)
    com.unity.modules.unitywebrequestaudio@1.0.0 (location: /Users/jangyoung/orca/unknown/unity/Unknown/Library/PackageCache/com.unity.modules.unitywebrequestaudio)
    com.unity.modules.unitywebrequesttexture@1.0.0 (location: /Users/jangyoung/orca/unknown/unity/Unknown/Library/PackageCache/com.unity.modules.unitywebrequesttexture)
    com.unity.modules.unitywebrequestwww@1.0.0 (location: /Users/jangyoung/orca/unknown/unity/Unknown/Library/PackageCache/com.unity.modules.unitywebrequestwww)
    com.unity.modules.vectorgraphics@1.0.0 (location: /Users/jangyoung/orca/unknown/unity/Unknown/Library/PackageCache/com.unity.modules.vectorgraphics)
    com.unity.modules.vehicles@1.0.0 (location: /Users/jangyoung/orca/unknown/unity/Unknown/Library/PackageCache/com.unity.modules.vehicles)
    com.unity.modules.video@1.0.0 (location: /Users/jangyoung/orca/unknown/unity/Unknown/Library/PackageCache/com.unity.modules.video)
    com.unity.modules.wind@1.0.0 (location: /Users/jangyoung/orca/unknown/unity/Unknown/Library/PackageCache/com.unity.modules.wind)
    com.unity.modules.xr@1.0.0 (location: /Users/jangyoung/orca/unknown/unity/Unknown/Library/PackageCache/com.unity.modules.xr)
    com.unity.modules.subsystems@1.0.0 (location: /Users/jangyoung/orca/unknown/unity/Unknown/Library/PackageCache/com.unity.modules.subsystems)
    com.unity.modules.hierarchycore@1.0.0 (location: /Users/jangyoung/orca/unknown/unity/Unknown/Library/PackageCache/com.unity.modules.hierarchycore)
    com.unity.ext.nunit@2.1.0 (location: /Users/jangyoung/orca/unknown/unity/Unknown/Library/PackageCache/com.unity.ext.nunit@44f7d31723bd)
    com.unity.render-pipelines.core@17.5.0 (location: /Users/jangyoung/orca/unknown/unity/Unknown/Library/PackageCache/com.unity.render-pipelines.core@645717f21c5f)
    com.unity.shadergraph@17.5.0 (location: /Users/jangyoung/orca/unknown/unity/Unknown/Library/PackageCache/com.unity.shadergraph@8d7376ec43ee)
    com.unity.render-pipelines.universal-config@17.5.0 (location: /Users/jangyoung/orca/unknown/unity/Unknown/Library/PackageCache/com.unity.render-pipelines.universal-config@fdda01c80fe3)
    com.unity.collections@6.5.0 (location: /Users/jangyoung/orca/unknown/unity/Unknown/Library/PackageCache/com.unity.collections@a43cabe808ca)
    com.unity.mathematics@1.4.0 (location: /Users/jangyoung/orca/unknown/unity/Unknown/Library/PackageCache/com.unity.mathematics@981956d94fb6)
[Subsystems] No new subsystems found in resolved package list.
[Package Manager] Done registering packages in 0.01 seconds
info: Microsoft.Hosting.Lifetime[14]
      Now listening on: http://unix:/tmp/ilpp.sock-91ce4cc105a82451580320b8034fc51a
info: Microsoft.Hosting.Lifetime[0]
      Application started. Press Ctrl+C to shut down.
info: Microsoft.Hosting.Lifetime[0]
      Hosting environment: Production
info: Microsoft.Hosting.Lifetime[0]
      Content root path: /Users/jangyoung/orca/unknown/unity/Unknown
info: Microsoft.AspNetCore.Hosting.Diagnostics[1]
      Request starting HTTP/2 POST http://ilpp/UnityILPP.PostProcessing/Ping - application/grpc -
info: Microsoft.AspNetCore.Routing.EndpointMiddleware[0]
      Executing endpoint 'gRPC - /UnityILPP.PostProcessing/Ping'
info: Microsoft.AspNetCore.Routing.EndpointMiddleware[1]
      Executed endpoint 'gRPC - /UnityILPP.PostProcessing/Ping'
info: Microsoft.AspNetCore.Hosting.Diagnostics[2]
      Request finished HTTP/2 POST http://ilpp/UnityILPP.PostProcessing/Ping - 200 - application/grpc 27.4372ms
Starting: /Applications/Unity/Hub/Editor/6000.5.6f1/Unity.app/Contents/Resources/BuildPipeline/bee_backend --ipc --defer-dag-verification --dagfile="Library/Bee/200b0aEDbg.dag" --continue-on-failure --profile="Library/Bee/backend1.traceevents" ScriptAssemblies
WorkingDir: /Users/jangyoung/orca/unknown/unity/Unknown
DisplayProgressbar: Compiling Scripts
info: Microsoft.AspNetCore.Hosting.Diagnostics[1]
      Request starting HTTP/2 POST http://ilpp/UnityILPP.PostProcessing/ConfigurePostProcessors - application/grpc -
info: Microsoft.AspNetCore.Routing.EndpointMiddleware[0]
      Executing endpoint 'gRPC - /UnityILPP.PostProcessing/ConfigurePostProcessors'
warn: Unity.ILPP.Runner.PostProcessingAssemblyLoadContext[0]
      Assembly system.runtime.interopservices.windowsruntime has duplicate hint path. Ignoring "/Applications/Unity/Hub/Editor/6000.5.6f1/Unity.app/Contents/Resources/Scripting/UnityReferenceAssemblies/unity-4.8-api/Facades/System.Runtime.InteropServices.WindowsRuntime.dll" in favor of "/Applications/Unity/Hub/Editor/6000.5.6f1/Unity.app/Contents/Resources/Scripting/NetStandard/Extensions/2.0.0/System.Runtime.InteropServices.WindowsRuntime.dll"
warn: Unity.ILPP.Runner.PostProcessingAssemblyLoadContext[0]
      Assembly system.componentmodel.composition has duplicate hint path. Ignoring "/Applications/Unity/Hub/Editor/6000.5.6f1/Unity.app/Contents/Resources/Scripting/UnityReferenceAssemblies/unity-4.8-api/System.ComponentModel.Composition.dll" in favor of "/Applications/Unity/Hub/Editor/6000.5.6f1/Unity.app/Contents/Resources/Scripting/NetStandard/compat/2.1.0/shims/netfx/System.ComponentModel.Composition.dll"
info: Unity.ILPP.Runner.PostProcessingAssemblyLoadContext[0]
      Resolved Unity.Burst.Cecil, Version=0.11.6.0, Culture=neutral, PublicKeyToken=50cebf1cceb9d05e with Library/PackageCache/com.unity.burst@6bb9aca3ef38/Unity.Burst.CodeGen/Unity.Burst.Cecil.dll
info: Unity.ILPP.Runner.PostProcessingAssemblyLoadContext[0]
      Resolved Mono.Cecil, Version=0.11.5.0, Culture=neutral, PublicKeyToken=50cebf1cceb9d05e with Library/PackageCache/com.unity.nuget.mono-cecil@ecb9724e46ff/Mono.Cecil.dll
info: Microsoft.AspNetCore.Routing.EndpointMiddleware[1]
      Executed endpoint 'gRPC - /UnityILPP.PostProcessing/ConfigurePostProcessors'
info: Microsoft.AspNetCore.Hosting.Diagnostics[2]
      Request finished HTTP/2 POST http://ilpp/UnityILPP.PostProcessing/ConfigurePostProcessors - 200 - application/grpc 18.4068ms
ExitCode: 0 Duration: 0s361ms
[624/820    0s] ILPP-Configuration Library/ilpp-configuration.nevergeneratedoutput
*** Tundra build success (0.34 seconds), 1 items updated, 820 evaluated
AssetDatabase: script compilation time: 1.011038s
Total cache size 72886336
Total cache size after purge 72886336, took 00:00:00.0739253
Begin MonoManager ReloadAssembly
Symbol file LoadedFromMemory is not a mono symbol file
Native extension for OSXStandalone target not found
Native extension for WebGL target not found
ScheduleIndexationOnStartup MainProcess:True IndexOnStartup:True
Mono: successfully reloaded assembly
- Finished resetting the current domain, in  2.857 seconds
Domain Reload Profiling: 3401ms
	BeginReloadAssembly (131ms)
		DisableScriptedObjects (12ms)
		CreateAndSetChildDomain (36ms)
	RebuildCommonClasses (6ms)
	RebuildNativeTypeToScriptingClass (12ms)
	initialDomainReloadingComplete (28ms)
	LoadAllAssembliesAndSetupDomain (364ms)
		LoadAssemblies (197ms)
		AnalyzeDomain (134ms)
			TypeCache.Refresh (98ms)
				TypeCache.ScanAssembly (87ms)
			BuildScriptInfoCaches (30ms)
			ResolveRequiredComponents (4ms)
	FinalizeReload (2858ms)
		SetupLoadedEditorAssemblies (0ms)
			BeforeProcessingInitializeOnLoad (58ms)
			ProcessInitializeOnLoadAttributes (2216ms)
			ProcessInitializeOnLoadMethodAttributes (419ms)
		AwakeInstancesAfterBackupRestoration (10ms)
Importing 'GUID: 1142bbad8b9e8c44c83a9775ff120d37 - Path: Packages/com.unity.render-pipelines.core/Tests/Editor/UnifiedRayTracing/TraceRays.urtshader' with importer (ScriptedImporter : Unity.Rendering.LightTransport.Editor:UnityEditor.Rendering.UnifiedRayTracing:UnifiedRTShaderImporter)
Launching external process: /Applications/Unity/Hub/Editor/6000.5.6f1/Unity.app/Contents/Helpers/UnityShaderCompiler
Launched and connected shader compiler UnityShaderCompiler after 0.07 seconds
Imported 'GUID: 1142bbad8b9e8c44c83a9775ff120d37' -> (Import Result ID: 'd974182a854bd7ec564893663a1f0c15') in 0.097 seconds [static and dynamic dependencies]. Details - ImportResultOutputID=fc1946655c50077f9e9b69308387967b DependenciesID=763f4d8aea85fef44a5934a30eca4011 StaticDependenciesID=b590610e5fcd8a708a4f2de850e8beb3 
Importing 'GUID: d19f4f8a13b6edb48b986a47ec96402e - Path: Packages/com.unity.render-pipelines.core/Runtime/PathTracing/Shaders/LightmapShadowMaskIntegration.urtshader' with importer (ScriptedImporter : Unity.Rendering.LightTransport.Editor:UnityEditor.Rendering.UnifiedRayTracing:UnifiedRTShaderImporter)
Imported 'GUID: d19f4f8a13b6edb48b986a47ec96402e' -> (Import Result ID: '9ccdfad5f4f12f7849623105e818bf25') in 0.017 seconds [static and dynamic dependencies]. Details - ImportResultOutputID=ff2d02a4e47975453598396cbf51d0bd DependenciesID=692b6a3b638af6bad70953c02bd9208c StaticDependenciesID=49e323bdcc1546638b13bdfb4cfc68f8 
Importing 'GUID: 737a1597422c12547a8714d76a9406ec - Path: Packages/com.unity.render-pipelines.core/Runtime/PathTracing/Shaders/LightmapGBufferDebug.urtshader' with importer (ScriptedImporter : Unity.Rendering.LightTransport.Editor:UnityEditor.Rendering.UnifiedRayTracing:UnifiedRTShaderImporter)
Imported 'GUID: 737a1597422c12547a8714d76a9406ec' -> (Import Result ID: 'dc1f1f6e7ddeac7550e5f75a0e0def2c') in 0.004 seconds [static and dynamic dependencies]. Details - ImportResultOutputID=4d72c2d5b82345ba806c7359b5f61a0a DependenciesID=9ddaf8454a644c4764c7b813f83328fd StaticDependenciesID=3f20227e84078b6c645405c46cb8ba27 
Importing 'GUID: f32463968f29423cad25aee15a14b9f1 - Path: Packages/com.unity.render-pipelines.core/Runtime/Lighting/SurfaceCache/PunctualLightSampling.urtshader' with importer (ScriptedImporter : Unity.Rendering.LightTransport.Editor:UnityEditor.Rendering.UnifiedRayTracing:UnifiedRTShaderImporter)
Imported 'GUID: f32463968f29423cad25aee15a14b9f1' -> (Import Result ID: '9c0a2075f169161d646cf578eaf71c36') in 0.015 seconds [static and dynamic dependencies]. Details - ImportResultOutputID=fd872977d09240d13206b8f392fda2d5 DependenciesID=1b8d612a714a545ff4b8eab79212b935 StaticDependenciesID=4f869afac6e91401aa4f6406345ebaa4 
Importing 'GUID: 1451d029813b192429211be28181beab - Path: Packages/com.unity.render-pipelines.core/Runtime/PathTracing/Shaders/LightmapNormalIntegration.urtshader' with importer (ScriptedImporter : Unity.Rendering.LightTransport.Editor:UnityEditor.Rendering.UnifiedRayTracing:UnifiedRTShaderImporter)
Imported 'GUID: 1451d029813b192429211be28181beab' -> (Import Result ID: 'e906f249c3cadc6c10392fd539456f66') in 0.062 seconds [static and dynamic dependencies]. Details - ImportResultOutputID=45c6e5f7d5f2dccf3e1dd0fcdea25fa3 DependenciesID=2fb5a55e5fa4831dff0b68fea21aa999 StaticDependenciesID=626f7de18fff1a2955b8662085b4dbf4 
Importing 'GUID: 94a070d33e408384bafc1dea4a565df9 - Path: Packages/com.unity.render-pipelines.core/Editor/Lighting/ProbeVolume/RenderingLayerMask/TraceRenderingLayerMask.urtshader' with importer (ScriptedImporter : Unity.Rendering.LightTransport.Editor:UnityEditor.Rendering.UnifiedRayTracing:UnifiedRTShaderImporter)
Imported 'GUID: 94a070d33e408384bafc1dea4a565df9' -> (Import Result ID: '235356a48c0705e7b24982275710c12b') in 0.004 seconds [static and dynamic dependencies]. Details - ImportResultOutputID=78ab2d5f2f27d060579d808bb62f7b61 DependenciesID=c024466ffbec7eea68052c88bf0b4ebb StaticDependenciesID=1fb66491edd8b32229e5d2cbc061e2c6 
Importing 'GUID: 94a39d12848d8d64ca962a72b74e7c50 - Path: Packages/com.unity.render-pipelines.core/Runtime/Lighting/SurfaceCache/Estimation.urtshader' with importer (ScriptedImporter : Unity.Rendering.LightTransport.Editor:UnityEditor.Rendering.UnifiedRayTracing:UnifiedRTShaderImporter)
Imported 'GUID: 94a39d12848d8d64ca962a72b74e7c50' -> (Import Result ID: '89399814a7eb92c2b64fdc0f7042504e') in 0.004 seconds [static and dynamic dependencies]. Details - ImportResultOutputID=6a38fbb3052c7dbb92fd506acd3a3629 DependenciesID=9f82bfe627bef5b424cc6f240e5c40b4 StaticDependenciesID=8d6e14e20b029a55e979a2936b1a7ca7 
Importing 'GUID: 6513c3b892e933c4f8d00c19d5c47532 - Path: Packages/com.unity.render-pipelines.core/Tests/Editor/UnifiedRayTracing/TraceTransparentRays.urtshader' with importer (ScriptedImporter : Unity.Rendering.LightTransport.Editor:UnityEditor.Rendering.UnifiedRayTracing:UnifiedRTShaderImporter)
Imported 'GUID: 6513c3b892e933c4f8d00c19d5c47532' -> (Import Result ID: '4e217a1ec27406487f5f86cfe42719d6') in 0.003 seconds [static and dynamic dependencies]. Details - ImportResultOutputID=cdffa83baddfdc8023b6cdb44926dc59 DependenciesID=47d290f1a691b3075da1d2eb637eaca9 StaticDependenciesID=1d53447eb896b42061753339acb6425c 
Importing 'GUID: 7624adbeb148b5c48ab5ab660cc2602a - Path: Packages/com.unity.render-pipelines.core/Runtime/PathTracing/Shaders/LightmapIndirectIntegration.urtshader' with importer (ScriptedImporter : Unity.Rendering.LightTransport.Editor:UnityEditor.Rendering.UnifiedRayTracing:UnifiedRTShaderImporter)
Imported 'GUID: 7624adbeb148b5c48ab5ab660cc2602a' -> (Import Result ID: '36c36ee092852a0187eb7e666772e70b') in 0.005 seconds [static and dynamic dependencies]. Details - ImportResultOutputID=43c47a076132571ba8e7a1b6d622c1ea DependenciesID=1329073acafcd291e9cb583882063280 StaticDependenciesID=dfa7396d5ca1cf2ef064ee30a15c28cb 
Importing 'GUID: e9f4de6d1e07fb94f9a60d35b618f724 - Path: Packages/com.unity.render-pipelines.core/Runtime/PathTracing/Shaders/LightmapGBufferIntegration.urtshader' with importer (ScriptedImporter : Unity.Rendering.LightTransport.Editor:UnityEditor.Rendering.UnifiedRayTracing:UnifiedRTShaderImporter)
Imported 'GUID: e9f4de6d1e07fb94f9a60d35b618f724' -> (Import Result ID: '2c5a99b66e0c0d66c7ebe8762247d531') in 0.006 seconds [static and dynamic dependencies]. Details - ImportResultOutputID=070eaec947367ddc40b9f2196bdd0758 DependenciesID=1b33af91fb184cbf0e1851ddb7ea0855 StaticDependenciesID=c1c19c6613f9208e5bdf4763e0c6f025 
Importing 'GUID: 5a2a534753fbdb44e96c3c78b5a6999d - Path: Packages/com.unity.render-pipelines.core/Editor/Lighting/ProbeVolume/DynamicGI/DynamicGISkyOcclusion.urtshader' with importer (ScriptedImporter : Unity.Rendering.LightTransport.Editor:UnityEditor.Rendering.UnifiedRayTracing:UnifiedRTShaderImporter)
Imported 'GUID: 5a2a534753fbdb44e96c3c78b5a6999d' -> (Import Result ID: '07fe202943086987dd41f7a136e7c6f8') in 0.003 seconds [static and dynamic dependencies]. Details - ImportResultOutputID=8ac16c01a185cf22d6ee6833110f483e DependenciesID=c0817fe5c8e603af5793c9684bf158c8 StaticDependenciesID=9a3cb12acb0dec6d8b8b546f6957ac54 
Importing 'GUID: 5bbebdef5916845478fcef13fa10d89f - Path: Packages/com.unity.render-pipelines.core/Runtime/PathTracing/Shaders/LightmapDirectIntegration.urtshader' with importer (ScriptedImporter : Unity.Rendering.LightTransport.Editor:UnityEditor.Rendering.UnifiedRayTracing:UnifiedRTShaderImporter)
Imported 'GUID: 5bbebdef5916845478fcef13fa10d89f' -> (Import Result ID: 'fb4b1924f599f0d536e4521be929ef2b') in 0.004 seconds [static and dynamic dependencies]. Details - ImportResultOutputID=a192526b3e2a5698e57c2b2a7cffb1ff DependenciesID=51774b8e0a40fac721425f46acd1f2d5 StaticDependenciesID=ab8dfb6112dd9c39408de08a801f1c40 
Importing 'GUID: fbc59f55df2416344b008dc23753cae2 - Path: Packages/com.unity.render-pipelines.core/Tests/Editor/UnifiedRayTracing/TraceRaysAndFetchAttributes.urtshader' with importer (ScriptedImporter : Unity.Rendering.LightTransport.Editor:UnityEditor.Rendering.UnifiedRayTracing:UnifiedRTShaderImporter)
Imported 'GUID: fbc59f55df2416344b008dc23753cae2' -> (Import Result ID: 'd02865e946271a402d3aa89313af9673') in 0.002 seconds [static and dynamic dependencies]. Details - ImportResultOutputID=4484410c04332179c074a6b340741201 DependenciesID=a794b0702e910c54cd4682bc32b6ae4e StaticDependenciesID=bb4038394feca1bf80603c9ecafaf941 
Importing 'GUID: 1c410815c01ce1d4d82c645c0cd45747 - Path: Packages/com.unity.render-pipelines.core/Runtime/PathTracing/Shaders/LightmapAOIntegration.urtshader' with importer (ScriptedImporter : Unity.Rendering.LightTransport.Editor:UnityEditor.Rendering.UnifiedRayTracing:UnifiedRTShaderImporter)
Imported 'GUID: 1c410815c01ce1d4d82c645c0cd45747' -> (Import Result ID: '857d6da21a85b9add0c0f64845b8dc25') in 0.004 seconds [static and dynamic dependencies]. Details - ImportResultOutputID=534ed70b9d748fa8c8fa1c2f9a98e700 DependenciesID=72c991647bd80c6900d4b173c59d9c44 StaticDependenciesID=2a6f0b41367922b80676f60713a1f940 
Importing 'GUID: 2c32233d92a2d0745930664c087c5c9a - Path: Packages/com.unity.render-pipelines.core/Runtime/PathTracing/Shaders/ProbeIntegrationValidity.urtshader' with importer (ScriptedImporter : Unity.Rendering.LightTransport.Editor:UnityEditor.Rendering.UnifiedRayTracing:UnifiedRTShaderImporter)
Imported 'GUID: 2c32233d92a2d0745930664c087c5c9a' -> (Import Result ID: '53a8fcb94d1a8b55ad88470de00fbb1a') in 0.003 seconds [static and dynamic dependencies]. Details - ImportResultOutputID=bbd8efa74559d9bcf465fbe1bbd02323 DependenciesID=4810dcbc84a9540c6e6dcd0c2d91664e StaticDependenciesID=716f4e45d1a45953f3ce73d3fbf3ee8f 
Importing 'GUID: ace95ac84e213794891b4bd7c9b3c158 - Path: Packages/com.unity.render-pipelines.core/Runtime/PathTracing/Shaders/LightmapValidityIntegration.urtshader' with importer (ScriptedImporter : Unity.Rendering.LightTransport.Editor:UnityEditor.Rendering.UnifiedRayTracing:UnifiedRTShaderImporter)
Imported 'GUID: ace95ac84e213794891b4bd7c9b3c158' -> (Import Result ID: '6ae68151c2258a2db54f0eaa6e0d850c') in 0.004 seconds [static and dynamic dependencies]. Details - ImportResultOutputID=b0878c5250a17d7e5541816f19053cc4 DependenciesID=6e7f016cca4c73a6c2111634521aadb8 StaticDependenciesID=aa8b51d51372d9acaf9acfb058c3fae3 
Importing 'GUID: 5ecdabd800f05984696f22ba95284516 - Path: Packages/com.unity.render-pipelines.core/Runtime/PathTracing/Shaders/ProbeIntegrationIndirect.urtshader' with importer (ScriptedImporter : Unity.Rendering.LightTransport.Editor:UnityEditor.Rendering.UnifiedRayTracing:UnifiedRTShaderImporter)
Imported 'GUID: 5ecdabd800f05984696f22ba95284516' -> (Import Result ID: '33802045e92536d1e1eb281b8faea4b0') in 0.004 seconds [static and dynamic dependencies]. Details - ImportResultOutputID=6031056b88f2ea79393bbc251449ef2f DependenciesID=3213e956c427853efeb2b08a578da956 StaticDependenciesID=2385462edeeea1f1fc9193c7edbfff8e 
Importing 'GUID: 6e0b547bab30a804c8123974120d583f - Path: Packages/com.unity.render-pipelines.core/Tests/Runtime/PathTracing/PathIteratorTest.urtshader' with importer (ScriptedImporter : Unity.Rendering.LightTransport.Editor:UnityEditor.Rendering.UnifiedRayTracing:UnifiedRTShaderImporter)
Imported 'GUID: 6e0b547bab30a804c8123974120d583f' -> (Import Result ID: 'c6766975d143abb99d43f61f8472e2df') in 0.004 seconds [static and dynamic dependencies]. Details - ImportResultOutputID=0719ac8bcf895dbb84b04e2069ad856b DependenciesID=aa866bac0a138e0f1a03026ddb486b02 StaticDependenciesID=d71187151fc008df7658be7f7d10f903 
Importing 'GUID: de3013e16d99f2746ab1735ec06a660b - Path: Packages/com.unity.render-pipelines.core/Runtime/PathTracing/Shaders/ProbeIntegrationOcclusion.urtshader' with importer (ScriptedImporter : Unity.Rendering.LightTransport.Editor:UnityEditor.Rendering.UnifiedRayTracing:UnifiedRTShaderImporter)
Imported 'GUID: de3013e16d99f2746ab1735ec06a660b' -> (Import Result ID: '643bbfd896c171503902ffe1e4c40bc2') in 0.004 seconds [static and dynamic dependencies]. Details - ImportResultOutputID=41c8b17480a2737c0b3ffdb0ccc01b7b DependenciesID=71f9799452c91b523a2bb458fdadfae0 StaticDependenciesID=208d47b8903d77848e11a18b72e01619 
Importing 'GUID: 1f9bfe60b4ad75943a5281839c1a4e5c - Path: Packages/com.unity.render-pipelines.core/Runtime/PathTracing/Shaders/ProbeIntegrationDirect.urtshader' with importer (ScriptedImporter : Unity.Rendering.LightTransport.Editor:UnityEditor.Rendering.UnifiedRayTracing:UnifiedRTShaderImporter)
Imported 'GUID: 1f9bfe60b4ad75943a5281839c1a4e5c' -> (Import Result ID: '65d89e4f7d37e859f963f0d7893db814') in 0.004 seconds [static and dynamic dependencies]. Details - ImportResultOutputID=6d2bfc2f176a1aa4c0929266339e763a DependenciesID=4c4f19844ec4b23e64fefd0700eeeff2 StaticDependenciesID=11eb62a12594dcb52ff4b378a213954b 
Importing 'GUID: ff2cbab5da58bf04d82c5f34037ed123 - Path: Packages/com.unity.render-pipelines.core/Editor/Lighting/ProbeVolume/VirtualOffset/TraceVirtualOffset.urtshader' with importer (ScriptedImporter : Unity.Rendering.LightTransport.Editor:UnityEditor.Rendering.UnifiedRayTracing:UnifiedRTShaderImporter)
Imported 'GUID: ff2cbab5da58bf04d82c5f34037ed123' -> (Import Result ID: '43cb7cd19366a6f99818b0db05035a81') in 0.003 seconds [static and dynamic dependencies]. Details - ImportResultOutputID=566d3112f5f2bb7acd194c92442a8f59 DependenciesID=9b0f37a3e8df4b56f5e8bb68ec06856e StaticDependenciesID=01d1bb4a8db62c88e4fe35fdba25fa75 
Starting new worker id: 0 with log in /Users/jangyoung/orca/unknown/unity/Unknown/Logs/AssetImportWorkerHW0.log

Asset Pipeline Refresh (id=381367bc8c3a046a98dd7763dd26576a): Total: 5.666 seconds - Initiated by InitialRefreshV2(ForceSynchronousImport)
	(Values over 0.05ms)
	Summary:
		Imports: total=21 (actual=21, local cache=0, cache server=0)
		Asset DB Process Time: managed=1 ms, native=3811 ms
		Asset DB Callback time: managed=175 ms, native=55 ms
		Scripting: domain reloads=1, domain reload time=563 ms, compile time=1012 ms, other=45 ms
		Project Asset Count: scripts=1112, non-scripts=1963
		Asset File Changes: new=0, changed=0, moved=0, deleted=0
		Scan Filter Count: 1
	InvokePackagesCallback: 14.426ms
	ApplyChangesToAssetFolders: 0.256ms
	Scan: 378.594ms
	Collect global state as custom dependencies: 11.147ms
	CategorizeScriptCompilationAssets: 35.345ms
	ProcessAssetsWithTransientArtifactChanges: 39.300ms
	CategorizeAssets: 65.365ms
	CompileScripts: 1011.793ms
	ImportOutOfDateAssets: 3168.372ms (2867.913ms without children)
		ImportManagerImport: 270.178ms (1.256ms without children)
			UpdateCategorizedAssets: 1.155ms
		UnloadImportedAssets: 2.300ms
		ReloadImportedAssets: 1.012ms
		EnsureUptoDateAssetsAreRegisteredWithGuidPM: 0.475ms
		ImportSchedulerStart: 27.453ms
	PostProcessAllAssets: 216.173ms
		ComputeShaderImportPostprocess 23.559ms
		RaytracingShaderImportPostprocess 16.000ms
		VCAutoAddAssetPostprocess 0.689ms
		XRBuildSystem.XRAssetImported 0.055ms
		MonoPostProcessAllAssets: 175.172ms
			AssetPostprocessor.OnPostprocessAllAssets 101.990ms
			StyleCatalogPostProcessor.OnPostprocessAllAssets 20.697ms
			UniversalRenderPipelineGlobalSettingsPostprocessor.OnPostprocessAllAssets 9.082ms
			BuilderAssetPostprocessor.OnPostprocessAllAssets 5.024ms
			SyncVS.PostprocessSyncProject 2.665ms
			ShaderGraphAssetPostProcessor.OnPostprocessAllAssets 2.279ms
			LocalizationAssetPostProcessor.OnPostprocessAllAssets 1.582ms
			WindowAssetPostprocessingWatcher.OnPostprocessAllAssets 1.520ms
			SpeedTree9Postprocessor.OnPostprocessAllAssets 1.149ms
			AssetChangedListener.OnPostprocessAllAssets 1.005ms
			RetainedModeAssetPostprocessor.OnPostprocessAllAssets 0.888ms
			AddressablesAssetPostProcessor.OnPostprocessAllAssets 0.821ms
			MaterialPostprocessor.OnPostprocessAllAssets 0.627ms
			ArtifactBrowserPostProcessor.OnPostprocessAllAssets 0.577ms
			EditModeScopePostprocessor.OnPostprocessAllAssets 0.551ms
			RenderPipelineGlobalSettingsPostprocessor.OnPostprocessAllAssets 0.494ms
			PostProcessor.OnPostprocessAllAssets 0.486ms
			TMPro_TexturePostProcessor.OnPostprocessAllAssets 0.458ms
			InputActionAssetPostprocessor.OnPostprocessAllAssets 0.444ms
			InputActionJsonNameModifierAssetProcessor.OnPostprocessAllAssets 0.366ms
			AssetPathToTypes.OnPostprocessAllAssets 0.306ms
			TextAssetPostProcessor.OnPostprocessAllAssets 0.266ms
			SampleDependencyImporterPostProcessor.OnPostprocessAllAssets 0.265ms
			AssetEvents.OnPostprocessAllAssets 0.224ms
			AudioMixerPostprocessor.OnPostprocessAllAssets 0.220ms
			ShaderReflectionAssetPostProcessor.OnPostprocessAllAssets 0.180ms
			ReferencedClipsPostProcessor.OnPostprocessAllAssets 0.167ms
			TerrainToolbarOverlayPostProcessor.OnPostprocessAllAssets 0.134ms
			ConfigAssetsTracker.OnPostprocessAllAssets 0.131ms
			AssetDatabaseCallbacks.OnPostprocessAllAssets 0.107ms
			SpeedTreePostProcessor.OnPostprocessAllAssets 0.089ms
			ScenarioDriftAssetsTracker.OnPostprocessAllAssets 0.088ms
			ProjectSettingsPostprocessor.OnPostprocessAllAssets 0.082ms
			AudioContainerPostProcessor.OnPostprocessAllAssets 0.071ms
	PostAssetChangesProfiler: 1.383ms
	UnloadStreamsBegin: 1.052ms
	PersistCurrentRevisions: 0.238ms
	GenerateScriptTypeHashes: 1.369ms
	GenerateScriptTypeSerializationHashes: 2.444ms
	Untracked: 720.192ms

Application.AssetDatabase Initial Refresh End
Shader Hidden/ChartRasterizerHardware is not supported: GPU does not support conservative rasterization
Shader Hidden/ChartRasterizerHardware is not supported: GPU does not support conservative rasterization
Scanning for USB devices : 0.032ms
Initializing Unity extensions:
[MODES] ModeService[none].Initialize
[MODES] ModeService[none].LoadModes
[MODES] Loading mode Default (0) for mode-current-id-Unknown T0
2026-09-11 12:52:34.439 Unity[86415:247518] NSEventModifierFlagFunction specified to -setKeyEquivalentModifierMask: for item <NSMenuItem: 0xc176872a0 SDF, ke='Command-F12'>, but is only supported for system-provided menu items; will not be used
Unloading 84 Unused Serialized files (Serialized files now loaded: 0)
Unloading 4789 unused Assets / (12.2 MB). Loaded Objects now: 5590.
Memory consumption went from 260.2 MB to 247.9 MB.
Total: 15.865625 ms (FindLiveObjects: 0.500959 ms CreateObjectMapping: 1.822791 ms MarkObjects: 6.968417 ms  DeleteObjects: 6.572833 ms)

2026-09-11 12:52:34.522 Unity[86415:247518] NSEventModifierFlagFunction specified to -setKeyEquivalentModifierMask: for item <NSMenuItem: 0xc17684b40 SDF, ke='Command-F12'>, but is only supported for system-provided menu items; will not be used
Importing 'GUID: c04f4ee61e71748f48dee06376074fd6 - Path: Assets/_Project/Art/Candidates/c1-signature-reader-r01' with importer (DefaultImporter)
Imported 'GUID: c04f4ee61e71748f48dee06376074fd6' -> (Import Result ID: '4085f16ca6f9e537eeee04646dccd933') in 0.003 seconds [static dependencies only]. Details - ImportResultOutputID=b6f30a06fbb0aefe7d1877fb3dc5d3bc DependenciesID=f3de5398c02a6470cf1365277fb85917 StaticDependenciesID=69f8400d2c9e49da12e366ea7bc18158 
Importing 'GUID: 2f4e722fecb1e4370bdb493e22d3e363 - Path: Assets/_Project/Art/Candidates/c1-signature-reader-r01/textures' with importer (DefaultImporter)
Imported 'GUID: 2f4e722fecb1e4370bdb493e22d3e363' -> (Import Result ID: '0864d459d8892fc1946f9a40a7a4050d') in 0.001 seconds [static dependencies only]. Details - ImportResultOutputID=f1a779930f71fa5a38fc6779cb09dd36 DependenciesID=4b9598f76886d76477757e9a35dd2630 StaticDependenciesID=7df57b3175375f1425c2d6896d259d42 
Importing 'GUID: 23ca1086c02c74cfab66f7dccac4a558 - Path: Assets/_Project/Art/Candidates/c1-signature-reader-r01/textures/MAT_C1_Reader_Patina_Roughness.png' with importer (TextureImporter)
Imported 'GUID: 23ca1086c02c74cfab66f7dccac4a558' -> (Import Result ID: '7154d7743252adaf3be66de0c1b72dbb') in 0.049 seconds [static and dynamic dependencies]. Details - ImportResultOutputID=e84df7709c8b39bcf0c2ddcf077b7c14 DependenciesID=4264bc69eb8060e9a3f20eb6b3838480 StaticDependenciesID=02394a100ce020eaaa11091bf513b28b 
Importing 'GUID: b3c2b88d1245a49709d898428ce1e954 - Path: Assets/_Project/Art/Candidates/c1-signature-reader-r01/textures/MAT_C1_Reader_Casting_Roughness.png' with importer (TextureImporter)
Imported 'GUID: b3c2b88d1245a49709d898428ce1e954' -> (Import Result ID: '0f6ee472f805eb8c176639cea3bff8e9') in 0.013 seconds [static and dynamic dependencies]. Details - ImportResultOutputID=fc0c872d46ff1662465f6b0c35bd4c3b DependenciesID=b0248e4a908580dfb226c8ab058da567 StaticDependenciesID=62dd587e04fb5899368e4c8c36868268 
Importing 'GUID: 140e92dafcf224a80a46dc453ebbbfc7 - Path: Assets/_Project/Art/Candidates/c1-signature-reader-r01/textures/MAT_C1_Reader_Casting_BaseColor.png' with importer (TextureImporter)
Imported 'GUID: 140e92dafcf224a80a46dc453ebbbfc7' -> (Import Result ID: '0481ca3598a56441d029e96da13ccb69') in 0.017 seconds [static and dynamic dependencies]. Details - ImportResultOutputID=d6ec554d07e73ac98e6836ca1eace857 DependenciesID=c2fa4f373ee7ec1138aafc8c686dfa02 StaticDependenciesID=5ce9e7710d0f7c727eb68cfc6564c8dd 
Importing 'GUID: b943ee49a3d8640eb82673ac34c9f840 - Path: Assets/_Project/Art/Candidates/c1-signature-reader-r01/SignaturePaper.png' with importer (TextureImporter)
Imported 'GUID: b943ee49a3d8640eb82673ac34c9f840' -> (Import Result ID: 'dfc55ed036087c6f6a40ed1655b45637') in 0.026 seconds [static and dynamic dependencies]. Details - ImportResultOutputID=d2c3d719ab4d83f3f1ba4ae3e26eb8c3 DependenciesID=4527f92c15d11cf31cea38cd21857d8a StaticDependenciesID=afe3f6c81b57a81fa7cf3cce9223fd66 
Importing 'GUID: cfe51f13322e8477f9fa3ec908b96b7f - Path: Assets/_Project/Art/Candidates/c1-signature-reader-r01/textures/MAT_C1_Reader_Patina_BaseColor.png' with importer (TextureImporter)
Imported 'GUID: cfe51f13322e8477f9fa3ec908b96b7f' -> (Import Result ID: 'e0e5cf6a5842b0eba9e2196ee8e6c48e') in 0.016 seconds [static and dynamic dependencies]. Details - ImportResultOutputID=c704fcad28ad88fbf012a1a066e5126a DependenciesID=8890e0476b01d3ad76c191cb1e60269d StaticDependenciesID=2447f24b2e6d486cf69c0190018ee970 
Importing 'GUID: 799d38599b39b47b98cb320df2409f70 - Path: Assets/_Project/Art/Candidates/c1-signature-reader-r01/Reader.fbx' with importer (FBXImporter)
Worker ready: AssetImportWorkerHW0 0
Imported 'GUID: 799d38599b39b47b98cb320df2409f70' -> (Import Result ID: '8e87fa142dadb4521e2a55fdb8a492a0') in 0.283 seconds [static and dynamic dependencies]. Details - ImportResultOutputID=c9366f6960ce0a9737f5c9ba1734f4bc DependenciesID=db78b4fa70fd4568ad1011c8214126d9 StaticDependenciesID=d7af2d213d09081ea50ea1883701a83e 

Asset Pipeline Refresh (id=3f457d1653d2c459f8a54ba693c71b7c): Total: 0.769 seconds - Initiated by RefreshV2(NoUpdateAssetOptions)
	(Values over 0.05ms)
	Summary:
		Imports: total=8 (actual=8, local cache=0, cache server=0)
		Asset DB Process Time: managed=237 ms, native=506 ms
		Asset DB Callback time: managed=24 ms, native=1 ms
		Scripting: domain reloads=0, domain reload time=0 ms, compile time=0 ms, other=0 ms
		Project Asset Count: scripts=1114, non-scripts=1969
		Asset File Changes: new=8, changed=8, moved=0, deleted=0
		Scan Filter Count: 1
	ApplyChangesToAssetFolders: 0.121ms
	Scan: 260.668ms
	Collect global state as custom dependencies: 0.519ms
	OnSourceAssetsModified: 0.582ms
	ProcessAssetsWithTransientArtifactChanges: 0.099ms
	CategorizeAssets: 24.986ms
	ImportOutOfDateAssets: 448.552ms (11.261ms without children)
		ImportManagerImport: 412.425ms (0.665ms without children)
			UpdateCategorizedAssets: 0.094ms
		UnloadImportedAssets: 0.110ms
		EnsureUptoDateAssetsAreRegisteredWithGuidPM: 0.310ms
		ImportSchedulerStart: 24.407ms
	PostProcessAllAssets: 23.040ms
		XRBuildSystem.XRAssetImported 0.332ms
		MonoPostProcessAllAssets: 21.933ms
			TMPro_TexturePostProcessor.OnPostprocessAllAssets 11.022ms
			AssetPostprocessor.OnPostprocessAllAssets 3.884ms
			ShaderGraphAssetPostProcessor.OnPostprocessAllAssets 3.237ms
			TextAssetPostProcessor.OnPostprocessAllAssets 1.430ms
			LocalizationAssetPostProcessor.OnPostprocessAllAssets 0.230ms
			PostProcessor.OnPostprocessAllAssets 0.148ms
			RenderPipelineGlobalSettingsPostprocessor.OnPostprocessAllAssets 0.130ms
			AssetChangedListener.OnPostprocessAllAssets 0.101ms
			InputActionJsonNameModifierAssetProcessor.OnPostprocessAllAssets 0.080ms
			MaterialPostprocessor.OnPostprocessAllAssets 0.069ms
			InputActionAssetPostprocessor.OnPostprocessAllAssets 0.063ms
			RetainedModeAssetPostprocessor.OnPostprocessAllAssets 0.055ms
	PostAssetChangesProfiler: 2.306ms
	GatherAllCurrentPrimaryImportResultRevisions: 0.203ms
	PersistCurrentRevisions: 0.199ms
	Untracked: 6.734ms

Importing 'GUID: b943ee49a3d8640eb82673ac34c9f840 - Path: Assets/_Project/Art/Candidates/c1-signature-reader-r01/SignaturePaper.png' with importer (TextureImporter)
Imported 'GUID: b943ee49a3d8640eb82673ac34c9f840' -> (Import Result ID: '4312a7392706b3e11f0dc79acd4c1710') in 0.035 seconds [static and dynamic dependencies]. Details - ImportResultOutputID=8d616a1aadd0ea15373863a8b281a4c3 DependenciesID=b4fa39399b26181dc249e544a4f72a98 StaticDependenciesID=dc1f4f9d6054801c52907be82ad0f2b0 
Asset Pipeline Refresh (id=a3450d10c950441c0b6aa4dc3688a638): Total: 0.101 seconds - Initiated by StopAssetImportingV2(NoUpdateAssetOptions)
Importing 'GUID: 140e92dafcf224a80a46dc453ebbbfc7 - Path: Assets/_Project/Art/Candidates/c1-signature-reader-r01/textures/MAT_C1_Reader_Casting_BaseColor.png' with importer (TextureImporter)
Imported 'GUID: 140e92dafcf224a80a46dc453ebbbfc7' -> (Import Result ID: 'c7cc0e8d4759916b3daeb3b384543dd2') in 0.020 seconds [static and dynamic dependencies]. Details - ImportResultOutputID=7bc31f460ec80bfe8eea1387c2964e1e DependenciesID=0994a560d0f30e6dafe9b3184704b96d StaticDependenciesID=138e8bea50efee53167aeff3cd33a9c7 
Asset Pipeline Refresh (id=db9dc2c385169426490247dd19cd4d1f): Total: 0.078 seconds - Initiated by StopAssetImportingV2(NoUpdateAssetOptions)
Importing 'GUID: b3c2b88d1245a49709d898428ce1e954 - Path: Assets/_Project/Art/Candidates/c1-signature-reader-r01/textures/MAT_C1_Reader_Casting_Roughness.png' with importer (TextureImporter)
Imported 'GUID: b3c2b88d1245a49709d898428ce1e954' -> (Import Result ID: '114a72734318202f9ff82289eccdb486') in 0.012 seconds [static and dynamic dependencies]. Details - ImportResultOutputID=dd7893283336b1a8c233f9b88767f908 DependenciesID=b06ac3d046e488e440e2609a0b935cde StaticDependenciesID=0c4fc5ce5aefb0b512ee74d0297813d9 
Asset Pipeline Refresh (id=bb639cce6b894433f9931b9f863211db): Total: 0.078 seconds - Initiated by StopAssetImportingV2(NoUpdateAssetOptions)
Importing 'GUID: cfe51f13322e8477f9fa3ec908b96b7f - Path: Assets/_Project/Art/Candidates/c1-signature-reader-r01/textures/MAT_C1_Reader_Patina_BaseColor.png' with importer (TextureImporter)
Imported 'GUID: cfe51f13322e8477f9fa3ec908b96b7f' -> (Import Result ID: 'fd25f93bd8053ae1fde23506df623620') in 0.019 seconds [static and dynamic dependencies]. Details - ImportResultOutputID=3fcc5753d30ddc76367c79c709cacc8e DependenciesID=f68a8848322e72b5be9a455e3287693a StaticDependenciesID=bdc9ddca46c2add65a52adb052e37776 
Asset Pipeline Refresh (id=37352c3140ca9468f84378334c0a2229): Total: 0.076 seconds - Initiated by StopAssetImportingV2(NoUpdateAssetOptions)
Importing 'GUID: 23ca1086c02c74cfab66f7dccac4a558 - Path: Assets/_Project/Art/Candidates/c1-signature-reader-r01/textures/MAT_C1_Reader_Patina_Roughness.png' with importer (TextureImporter)
Imported 'GUID: 23ca1086c02c74cfab66f7dccac4a558' -> (Import Result ID: 'd0efb5dd0c09ad9745b29196907c2560') in 0.014 seconds [static and dynamic dependencies]. Details - ImportResultOutputID=762840f719f7ad2dde7ac9819f6d91b6 DependenciesID=7477a97e7098c0d1126360b64cc9f7e7 StaticDependenciesID=bfe18378bf5da44962e0fae1d243d4b9 
Asset Pipeline Refresh (id=f7e410202da7e481d859db7f605ecabe): Total: 0.073 seconds - Initiated by StopAssetImportingV2(NoUpdateAssetOptions)
Unloading 0 Unused Serialized files (Serialized files now loaded: 0)
Unloading 9 unused Assets / (Unknown). Loaded Objects now: 5590.
Memory consumption went from 212.0 MB to 212.0 MB.
Total: 8.122375 ms (FindLiveObjects: 0.198667 ms CreateObjectMapping: 0.543917 ms MarkObjects: 7.356125 ms  DeleteObjects: 0.023250 ms)

Importing 'GUID: b3c2b88d1245a49709d898428ce1e954 - Path: Assets/_Project/Art/Candidates/c1-signature-reader-r01/textures/MAT_C1_Reader_Casting_Roughness.png' with importer (TextureImporter)
Imported 'GUID: b3c2b88d1245a49709d898428ce1e954' -> (Import Result ID: 'd312569d650c19aee6f28764d4a5b84e') in 0.015 seconds [static and dynamic dependencies]. Details - ImportResultOutputID=a757d6d350d2c57e0014301989615105 DependenciesID=874116c17b430e1457e8596e6aeafea9 StaticDependenciesID=1cb6c9a8802d09abdf3e2c7387bc37ef 
Asset Pipeline Refresh (id=cb28971e1068941ab86c43da4a3916ad): Total: 0.085 seconds - Initiated by StopAssetImportingV2(NoUpdateAssetOptions)
Importing 'GUID: 15519da7ad4834e7091e85db0ca9818a - Path: Assets/_Project/Art/Candidates/c1-signature-reader-r01/MAT_C1_Reader_Casting_MetallicSmoothness.asset' with importer (NativeFormatImporter)
Imported 'GUID: 15519da7ad4834e7091e85db0ca9818a' -> (Import Result ID: 'b924b8435f9f6440d268c026671a55a5') in 0.023 seconds [static dependencies only]. Details - ImportResultOutputID=751998a488d2ea8643c471b3ce8d69e3 DependenciesID=d677389ac33b0efaa000d86aab2c6bc2 StaticDependenciesID=859c5f3fe2d0db36ea8ecce735e0e817 
Asset Pipeline Refresh (id=aa5f849adab9846edb3995f0e13e2f64): Total: 0.111 seconds - Initiated by StopAssetImportingV2(NoUpdateAssetOptions)
Importing 'GUID: 0373c127588b64dfe8627a91ee4d5488 - Path: Assets/_Project/Art/Candidates/c1-signature-reader-r01/MAT_C1_Reader_Casting.mat' with importer (NativeFormatImporter)
Imported 'GUID: 0373c127588b64dfe8627a91ee4d5488' -> (Import Result ID: '60342a28efb3ab5f4dbe3acff7e32bad') in 0.002 seconds [static dependencies only]. Details - ImportResultOutputID=4720e4dc89f8fcdc2b027716959574f9 DependenciesID=2e99a02ca3c94d8a7612c796b71f3aa8 StaticDependenciesID=902500632ac76a1d0adb0931e03db156 
Asset Pipeline Refresh (id=466c8df32e2714348844cf298f1efcc2): Total: 0.065 seconds - Initiated by StopAssetImportingV2(NoUpdateAssetOptions)
Importing 'GUID: 23ca1086c02c74cfab66f7dccac4a558 - Path: Assets/_Project/Art/Candidates/c1-signature-reader-r01/textures/MAT_C1_Reader_Patina_Roughness.png' with importer (TextureImporter)
Imported 'GUID: 23ca1086c02c74cfab66f7dccac4a558' -> (Import Result ID: 'bbd6f03b4fd197dd7731976fe4826cef') in 0.015 seconds [static and dynamic dependencies]. Details - ImportResultOutputID=0885bf24b9ad8ba0ff6d3eef540336ec DependenciesID=2c59d47459d95732eae1bd1c3a765562 StaticDependenciesID=39733c6370f71d77ea62f03a7bd8fa4c 
Asset Pipeline Refresh (id=b81f95967d7734df2af4e99a17475877): Total: 0.077 seconds - Initiated by StopAssetImportingV2(NoUpdateAssetOptions)
Importing 'GUID: a565b79598d8a4542b0af83be340dcec - Path: Assets/_Project/Art/Candidates/c1-signature-reader-r01/MAT_C1_Reader_Patina_MetallicSmoothness.asset' with importer (NativeFormatImporter)
Imported 'GUID: a565b79598d8a4542b0af83be340dcec' -> (Import Result ID: '8f1246919f1badfe1818a5c8f2c4b0b6') in 0.026 seconds [static dependencies only]. Details - ImportResultOutputID=20eaf4219db2baab4a9898af7b9b11a0 DependenciesID=ca158a4e2c79f677a07e44833e8f67e0 StaticDependenciesID=995b7180a62550d07052d965cd6a936e 
Asset Pipeline Refresh (id=89ede950a474f42d5829e5a654b404a0): Total: 0.118 seconds - Initiated by StopAssetImportingV2(NoUpdateAssetOptions)
Importing 'GUID: 35f91eb6be57c4066a9c4680a66a0aa3 - Path: Assets/_Project/Art/Candidates/c1-signature-reader-r01/MAT_C1_Reader_Patina.mat' with importer (NativeFormatImporter)
Imported 'GUID: 35f91eb6be57c4066a9c4680a66a0aa3' -> (Import Result ID: '24b1b4773fcfae0f1fd8ced1719b38df') in 0.001 seconds [static dependencies only]. Details - ImportResultOutputID=c2f4e46098a8f532de9cc27f1876e1f4 DependenciesID=425a4d3dfda0068281999714c4344d0e StaticDependenciesID=f36e7ca7b292eae984740ae3528887cd 
Asset Pipeline Refresh (id=0fc2411ceb54641f8bc6abda1b4d2e46): Total: 0.053 seconds - Initiated by StopAssetImportingV2(NoUpdateAssetOptions)
Importing 'GUID: e55ef588a799f46b184264c5063037cb - Path: Assets/_Project/Art/Candidates/c1-signature-reader-r01/MAT_C1_Reader_Recess.mat' with importer (NativeFormatImporter)
Imported 'GUID: e55ef588a799f46b184264c5063037cb' -> (Import Result ID: '59797044e06c87c335ba00e5faa7d20a') in 0.001 seconds [static dependencies only]. Details - ImportResultOutputID=a500d4a14cc4eaf3d2252b036f902667 DependenciesID=0f96f20a54791eb3a19aa04e182909b2 StaticDependenciesID=9298fbb3008f3a29822343a89c874197 
Asset Pipeline Refresh (id=61895843fd5624242b33b540e70e48e0): Total: 0.052 seconds - Initiated by StopAssetImportingV2(NoUpdateAssetOptions)
Importing 'GUID: 8c40b630d344044449d5ad9e62350f7c - Path: Assets/_Project/Art/Candidates/c1-signature-reader-r01/MAT_C1_Reader_Salt.mat' with importer (NativeFormatImporter)
Imported 'GUID: 8c40b630d344044449d5ad9e62350f7c' -> (Import Result ID: '6d857089a9c0cb6fa9c48f30785f3192') in 0.001 seconds [static dependencies only]. Details - ImportResultOutputID=2eade239c32015ea509a76225eb8cb44 DependenciesID=8e21084b1e574e2268badeedecb790db StaticDependenciesID=386e6bbfbf1cca7fe9edf61c2e210b58 
Asset Pipeline Refresh (id=3ab02e2d3b1674f35a3c7ec75578e757): Total: 0.050 seconds - Initiated by StopAssetImportingV2(NoUpdateAssetOptions)
Importing 'GUID: 7efc9d32cafc54082bee4c275726670b - Path: Assets/_Project/Art/Candidates/c1-signature-reader-r01/SignatureReader.prefab' with importer (PrefabImporter)
Imported 'GUID: 7efc9d32cafc54082bee4c275726670b' -> (Import Result ID: 'dd2f9bdb0822ac5ab0027e1e24178a07') in 0.002 seconds [static and dynamic dependencies]. Details - ImportResultOutputID=4618bf00fd137bbb834a13c8474a459b DependenciesID=0fe6478733316f54106b5b20a282f00e StaticDependenciesID=41c2fd57697d5baf3ad30f3b1ed6cb5b 
Asset Pipeline Refresh (id=658389af9a4a04a729f6cdd0307837d0): Total: 0.052 seconds - Initiated by StopAssetImportingV2(NoUpdateAssetOptions)
Importing 'GUID: 9198acca6fecb4bfeb17c81c67a2e9f8 - Path: Assets/_Project/Resources/C1SignatureView.asset' with importer (NativeFormatImporter)
Imported 'GUID: 9198acca6fecb4bfeb17c81c67a2e9f8' -> (Import Result ID: '7c97dd0f713fd05c23c87bb73b993e26') in 0.001 seconds [static dependencies only]. Details - ImportResultOutputID=f35b5ac2ed24ae2831f3f135fe2d449d DependenciesID=b9cc2e363d93f3451edc2e5fdecb943e StaticDependenciesID=83440ac752c1b8e8b45937bb506793cd 
Asset Pipeline Refresh (id=3d3f6d55161e64d73bbd27100108b15f): Total: 0.052 seconds - Initiated by StopAssetImportingV2(NoUpdateAssetOptions)
Importing 'GUID: 0373c127588b64dfe8627a91ee4d5488 - Path: Assets/_Project/Art/Candidates/c1-signature-reader-r01/MAT_C1_Reader_Casting.mat' with importer (NativeFormatImporter)
Imported 'GUID: 0373c127588b64dfe8627a91ee4d5488' -> (Import Result ID: 'c85ab17de15376eea395b9091a306086') in 0.001 seconds [static dependencies only]. Details - ImportResultOutputID=4720e4dc89f8fcdc2b027716959574f9 DependenciesID=29210cf31873512f0eb2c980ccf5e79d StaticDependenciesID=add4bee477cea36fd6592c27715479c9 
Importing 'GUID: 35f91eb6be57c4066a9c4680a66a0aa3 - Path: Assets/_Project/Art/Candidates/c1-signature-reader-r01/MAT_C1_Reader_Patina.mat' with importer (NativeFormatImporter)
Imported 'GUID: 35f91eb6be57c4066a9c4680a66a0aa3' -> (Import Result ID: 'fe671391f952b92b6659dfe0290d6ec3') in 0.001 seconds [static dependencies only]. Details - ImportResultOutputID=c2f4e46098a8f532de9cc27f1876e1f4 DependenciesID=57ccd159a29bad918e5ffdc3647f575c StaticDependenciesID=af020f029a3e94e0e6f43724f221029f 
Importing 'GUID: e55ef588a799f46b184264c5063037cb - Path: Assets/_Project/Art/Candidates/c1-signature-reader-r01/MAT_C1_Reader_Recess.mat' with importer (NativeFormatImporter)
Imported 'GUID: e55ef588a799f46b184264c5063037cb' -> (Import Result ID: 'b546965100001cb20489b07fd9f8555e') in 0.001 seconds [static dependencies only]. Details - ImportResultOutputID=a500d4a14cc4eaf3d2252b036f902667 DependenciesID=b828299c5466ff6afa00d1b5e189d2e6 StaticDependenciesID=70a66cd3faa90767b2f78d4f58cbe220 
Importing 'GUID: 8c40b630d344044449d5ad9e62350f7c - Path: Assets/_Project/Art/Candidates/c1-signature-reader-r01/MAT_C1_Reader_Salt.mat' with importer (NativeFormatImporter)
Imported 'GUID: 8c40b630d344044449d5ad9e62350f7c' -> (Import Result ID: '20449f3add5c797717f9a914037223de') in 0.001 seconds [static dependencies only]. Details - ImportResultOutputID=2eade239c32015ea509a76225eb8cb44 DependenciesID=226c49179512efac0e4ecea5ce102e3d StaticDependenciesID=71efc4340ef65d9f280abd83a9236e36 
Importing 'GUID: 9198acca6fecb4bfeb17c81c67a2e9f8 - Path: Assets/_Project/Resources/C1SignatureView.asset' with importer (NativeFormatImporter)
Imported 'GUID: 9198acca6fecb4bfeb17c81c67a2e9f8' -> (Import Result ID: '0482d9414bca7b390832965e5beb42a3') in 0.000 seconds [static dependencies only]. Details - ImportResultOutputID=f35b5ac2ed24ae2831f3f135fe2d449d DependenciesID=6d1fb8d07bcaa06d8713daf09db10316 StaticDependenciesID=b9a3ad2b4c1a1dec3f0d2faf594e84dd 
Asset Pipeline Refresh (id=835545eb8d27f49eab86049e754251ae): Total: 0.057 seconds - Initiated by StopAssetImportingV2(NoUpdateAssetOptions)
C1_SIGNATURE_NATIVE_DIAGNOSTIC /Users/jangyoung/orca/unknown/_workspace/current/systems/tech-verification/c1-m4/reader
UnityEngine.Debug:ExtractStackTraceNoAlloc (byte*,int,string)
UnityEngine.StackTraceUtility:ExtractStackTrace () (at /Users/bokken/build/output/unity/unity/Runtime/Export/Scripting/StackTrace.cs:35)
UnityEngine.DebugLogHandler:Internal_Log (UnityEngine.LogType,UnityEngine.LogOption,string,UnityEngine.Object)
UnityEngine.DebugLogHandler:LogFormat (UnityEngine.LogType,UnityEngine.Object,string,object[])
UnityEngine.Logger:Log (UnityEngine.LogType,object)
UnityEngine.Debug:Log (object)
Tide.EditorTools.C1SignatureProjectBuilder:ImportAndCapture () (at Assets/_Project/Editor/C1SignatureProjectBuilder.cs:66)

(Filename: Assets/_Project/Editor/C1SignatureProjectBuilder.cs Line: 66)

Batchmode quit successfully invoked - shutting down!
Thread 0x16eaff000 may have been prematurely finalized
Input System module state changed to: ShutdownInProgress.
Input Polling Thread exited.
Input System module state changed to: Shutdown.
[Physics::Module] Cleanup current backend.
[Physics::Module] Id: 0xf2b8ea05
[Licensing::IpcConnector] LicenseClient-jangyoung-notifications channel disconnected successfully.
[Licensing::IpcConnector] LicenseClient-jangyoung channel disconnected successfully.
Thread 0x16da83000 may have been prematurely finalized
Thread 0x16db0f000 may have been prematurely finalized
Thread 0x16db9b000 may have been prematurely finalized
Thread 0x16dc27000 may have been prematurely finalized
Thread 0x16dcb3000 may have been prematurely finalized
Thread 0x16dd3f000 may have been prematurely finalized
Thread 0x16ddcb000 may have been prematurely finalized
Thread 0x16de57000 may have been prematurely finalized
Thread 0x16dee3000 may have been prematurely finalized
MSBuild 서버을(를) 종료하는 중...
VB/C# 컴파일러 서버을(를) 종료하는 중...
AcceleratorClientConnectionCallback - disconnected - :0
Thread 0x17547f000 may have been prematurely finalized
info: Microsoft.Hosting.Lifetime[0]
      Application is shutting down...
Cleanup mono
CodeReloadManager destroyed
info: Unity.ILPP.Runner.PostProcessingAssemblyLoadContext[0]
      ALC ILPP context 1 is unloading
VB/C# 컴파일러 서버을(를) 종료했습니다.
MSBuild 서버을(를) 종료했습니다.
debugger-agent: Unable to listen on 43
Exiting batchmode successfully now!
[Package Manager] Server process was shutdown
