Input #0, mov,mp4,m4a,3gp,3g2,mj2, from '/Users/jangyoung/orca/unknown/docs/media/cinematic-gameplay-m6/cinematic.mp4':
  Metadata:
    major_brand     : isom
    minor_version   : 512
    compatible_brands: isomiso2avc1mp41
    encoder         : Lavf61.7.100
  Duration: 00:00:36.00, start: 0.000000, bitrate: 1623 kb/s
  Stream #0:0[0x1](und): Video: h264 (High) (avc1 / 0x31637661), yuv420p(progressive), 1280x720 [SAR 1:1 DAR 16:9], 1452 kb/s, 30 fps, 30 tbr, 15360 tbn (default)
      Metadata:
        handler_name    : VideoHandler
        vendor_id       : [0][0][0][0]
        encoder         : Lavc61.19.101 libx264
  Stream #0:1[0x2](und): Audio: aac (LC) (mp4a / 0x6134706D), 48000 Hz, stereo, fltp, 161 kb/s (default)
      Metadata:
        handler_name    : SoundHandler
        vendor_id       : [0][0][0][0]
Stream mapping:
  Stream #0:0 -> #0:0 (h264 (native) -> wrapped_avframe (native))
  Stream #0:1 -> #0:1 (aac (native) -> pcm_s16le (native))
Press [q] to stop, [?] for help
Output #0, null, to 'pipe:':
  Metadata:
    major_brand     : isom
    minor_version   : 512
    compatible_brands: isomiso2avc1mp41
    encoder         : Lavf61.7.100
  Stream #0:0(und): Video: wrapped_avframe, yuv420p(progressive), 1280x720 [SAR 1:1 DAR 16:9], q=2-31, 200 kb/s, 30 fps, 30 tbn (default)
      Metadata:
        handler_name    : VideoHandler
        vendor_id       : [0][0][0][0]
        encoder         : Lavc61.19.101 wrapped_avframe
  Stream #0:1(und): Audio: pcm_s16le, 192000 Hz, stereo, s16, 6144 kb/s (default)
      Metadata:
        handler_name    : SoundHandler
        vendor_id       : [0][0][0][0]
        encoder         : Lavc61.19.101 pcm_s16le
[Parsed_loudnorm_0 @ 0xc58c19800]
{
	"input_i" : "-27.19",
	"input_tp" : "-15.73",
	"input_lra" : "0.30",
	"input_thresh" : "-37.28",
	"output_i" : "-26.89",
	"output_tp" : "-14.78",
	"output_lra" : "0.50",
	"output_thresh" : "-36.95",
	"normalization_type" : "dynamic",
	"target_offset" : "-0.11"
}
[out#0/null @ 0xc58c183c0] video:464KiB audio:27008KiB subtitle:0KiB other streams:0KiB global headers:0KiB muxing overhead: unknown
frame= 1080 fps=930 q=-0.0 Lsize=N/A time=00:00:36.00 bitrate=N/A speed=  31x
