Unity Editor version:    6000.5.6f1 (0e0577a1a2ac)
Branch:                  6000.5/staging
Build type:              Release
Batch mode:              YES
macOS version:           Version 26.3.1 (Build 25D2128)
Darwin version:          25.3.0
Architecture:            arm64
Running under Rosetta:   NO
Available memory:        16384 MB
Date:                    2026-09-10T05:26:34Z
[Licensing::Module] Trying to connect to existing licensing client channel...
[Licensing::IpcConnector] Successfully connected to: "LicenseClient-jangyoung" at "2026-09-10T05:26:34.713651Z"
Launching external process: /Applications/Unity/Hub/Editor/6000.5.6f1/Unity.app/Contents/Helpers/PackageManager/Server/UnityPackageManager

COMMAND LINE ARGUMENTS:
/Applications/Unity/Hub/Editor/6000.5.6f1/Unity.app/Contents/MacOS/Unity
-batchmode
-nographics
-projectPath
/Users/jangyoung/orca/unknown/unity/Unknown
-executeMethod
PackageBootstrap.Run
-logFile
/tmp/unknown-t0-package-bootstrap.log
Successfully changed project path to: /Users/jangyoung/orca/unknown/unity/Unknown
/Users/jangyoung/orca/unknown/unity/Unknown
[UnityMemory] Configuration Parameters - Can be set up in boot.config
    "memorysetup-temp-allocator-size-gi-baking-worker=262144"
    "memorysetup-temp-allocator-size-gi-baking-worker=262144"
    "memorysetup-temp-allocator-size-gi-baking-worker=262144"
    "memorysetup-temp-allocator-size-gi-baking-worker=262144"
    "memorysetup-temp-allocator-size-gi-baking-worker=262144"
    "memorysetup-temp-allocator-size-nav-mesh-worker=65536"
    "memorysetup-temp-allocator-size-audio-worker=65536"
    "memorysetup-temp-allocator-size-cloud-worker=32768"
    "memorysetup-allocator-temp-initial-block-size-main=262144"
    "memorysetup-allocator-temp-initial-block-size-worker=262144"
    "memorysetup-temp-allocator-size-preload-manager=33554432"
    "memorysetup-temp-allocator-size-gfx=262144"
    "memorysetup-temp-allocator-size-background-worker=32768"
    "memorysetup-temp-allocator-size-job-worker=262144"
    "memorysetup-bucket-allocator-granularity=16"
    "memorysetup-bucket-allocator-bucket-count=8"
    "memorysetup-bucket-allocator-block-size=33554432"
    "memorysetup-bucket-allocator-block-count=8"
    "memorysetup-main-allocator-block-size=16777216"
    "memorysetup-thread-allocator-block-size=16777216"
    "memorysetup-main-allocator-mimalloc-enabled=0"
    "memorysetup-gfx-main-allocator-block-size=16777216"
    "memorysetup-gfx-thread-allocator-block-size=16777216"
    "memorysetup-cache-allocator-block-size=4194304"
    "memorysetup-typetree-allocator-block-size=2097152"
    "memorysetup-profiler-bucket-allocator-granularity=16"
    "memorysetup-profiler-bucket-allocator-bucket-count=8"
    "memorysetup-profiler-bucket-allocator-block-size=33554432"
    "memorysetup-profiler-bucket-allocator-block-count=8"
    "memorysetup-profiler-allocator-block-size=16777216"
    "memorysetup-profiler-editor-allocator-block-size=1048576"
    "memorysetup-temp-allocator-size-main=16777216"
    "memorysetup-job-temp-allocator-block-size=2097152"
    "memorysetup-job-temp-allocator-block-size-background=1048576"
    "memorysetup-job-temp-allocator-reduction-small-platforms=262144"
Logging is directed to a specific file, skipping project log.Player connection [8594452736]  Target information:

Player connection [8594452736]  * "[IP] 192.168.219.124 [Port] 55505 [Flags] 2 [Guid] 3878436189 [EditorId] 3878436189 [Version] 1048832 [Id] OSXEditor(0,MacBook-Pro-2.local) [Debug] 1 [PackageName] OSXEditor [ProjectName] Editor" 

Player connection [8594452736]  * "[IP] 100.119.58.79 [Port] 55505 [Flags] 2 [Guid] 3878436189 [EditorId] 3878436189 [Version] 1048832 [Id] OSXEditor(0,MacBook-Pro-2.local) [Debug] 1 [PackageName] OSXEditor [ProjectName] Editor" 

Player connection [8594452736] Host joined multi-casting on [225.0.0.222:54997]...
Player connection [8594452736] Host joined alternative multi-casting on [225.0.0.222:34997]...
Input System module state changed to: Initialized.
[Physics::Module] Initialized fallback backend.
[Physics::Module] Id: 0xdecafbad
[Licensing::Client] Handshaking with LicensingClient:
  Version:                 1.18.3+d7ffd15
  Session Id:              8969e148ab9143d5bcde97ef5dcf88b1
  Correlation Id:          7eff4bd7a42a21a35f828ca90cd3d378
  External correlation Id: 2187000962381078976
  Machine Id:              GDFq97hyJBwslTnyqVIUvhYydXg=
[Licensing::Module] Successfully connected to LicensingClient on channel: "LicenseClient-jangyoung" (connect: 0.00s, validation: 0.01s, handshake: 0.52s)
[Licensing::IpcConnector] Successfully connected to: "LicenseClient-jangyoung-notifications" at "2026-09-10T05:26:35.249198Z"
[Licensing::Module] Error: Access token is unavailable; failed to update
[Licensing::Client] Successfully resolved entitlement details
[Licensing::Module] License group:
  Id: 4513980-UnityPersXXXX
  Product: Unity Personal
  Type: Assigned
  Expiration: Unlimited
[Licensing::Client] Successfully updated license, isAsync: True, time: 0.01
[Licensing::Client] Successfully resolved entitlement details
[Licensing::Module] Licensing Background thread has ended after 0.56s
[Package Manager] Connected to IPC stream "Upm-93120" after 0.4 seconds.
[Licensing::Client] Successfully resolved entitlement details
Library Redirect Path: Library/
[Physics::Module] Selected backend.
[Physics::Module] Name: PhysX
[Physics::Module] Id: 0xf2b8ea05
[Physics::Module] SDK Version: 4.1.2
[Physics::Module] Integration Version: 1.0.0
[Physics::Module] Threading Mode: Multi-Threaded
Initialize engine version: 6000.5.6f1 (0e0577a1a2ac)
[Subsystems] Discovering subsystems at path /Applications/Unity/Hub/Editor/6000.5.6f1/Unity.app/Contents/Resources/UnitySubsystems
[Subsystems] Discovering subsystems at path /Users/jangyoung/orca/unknown/unity/Unknown/Assets
Forcing GfxDevice: Null
GfxDevice: creating device client; kGfxThreadingModeNonThreaded
NullGfxDevice:
    Version:  NULL 1.0 [1.0]
    Renderer: Null Device
    Vendor:   Unity Technologies
Initialize mono
Mono path[0] = '/Applications/Unity/Hub/Editor/6000.5.6f1/Unity.app/Contents/Resources/Scripting/Managed'
Mono path[1] = '/Applications/Unity/Hub/Editor/6000.5.6f1/Unity.app/Contents/Resources/Scripting/BCLExtensions/runtime/netstandard2.1'
Mono path[2] = '/Applications/Unity/Hub/Editor/6000.5.6f1/Unity.app/Contents/Resources/Scripting/MonoBleedingEdge/lib/mono/unityjit-macos'
Mono config path = '/Applications/Unity/Hub/Editor/6000.5.6f1/Unity.app/Contents/Resources/Scripting/MonoBleedingEdge/etc'
Using monoOptions --debugger-agent=transport=dt_socket,embedding=1,server=y,suspend=n,address=127.0.0.1:56120
CodeReloadManager initialized
ImportWorker Server TCP listen port: 0
AcceleratorClientConnectionCallback - disconnected - :0
Begin MonoManager ReloadAssembly
Registering precompiled unity dll's ...
Register platform support module: /Applications/Unity/Hub/Editor/6000.5.6f1/PlaybackEngines/WebGLSupport/UnityEditor.WebGL.Extensions.dll
Register platform support module: /Applications/Unity/Hub/Editor/6000.5.6f1/PlaybackEngines/MacStandaloneSupport/UnityEditor.OSXStandalone.Extensions.dll
Registered in 0.004563 seconds.
Native extension for OSXStandalone target not found
Native extension for WebGL target not found
Package Manager log level set to [2]
ScheduleIndexationOnStartup MainProcess:False IndexOnStartup:True
Mono: successfully reloaded assembly
- Finished resetting the current domain, in  0.314 seconds
Domain Reload Profiling: 788ms
	BeginReloadAssembly (158ms)
		CreateAndSetChildDomain (6ms)
	RebuildCommonClasses (4ms)
	RebuildNativeTypeToScriptingClass (18ms)
	initialDomainReloadingComplete (53ms)
	LoadAllAssembliesAndSetupDomain (239ms)
		LoadAssemblies (150ms)
		AnalyzeDomain (182ms)
			TypeCache.Refresh (181ms)
				TypeCache.ScanAssembly (163ms)
	FinalizeReload (315ms)
		SetupLoadedEditorAssemblies (0ms)
			InitializePlatformSupportModulesInManaged (4ms)
			BeforeProcessingInitializeOnLoad (64ms)
			ProcessInitializeOnLoadAttributes (73ms)
			ProcessInitializeOnLoadMethodAttributes (115ms)
[Licensing::Client] Successfully resolved entitlement details
Application.AssetDatabase Initial Refresh Start
[Package Manager] Restoring resolved packages state from cache
[Licensing::Client] Successfully resolved entitlement details
[Package Manager] Registered 37 packages:
  Built-in packages:
    com.unity.multiplayer.center@1.0.1 (location: /Users/jangyoung/orca/unknown/unity/Unknown/Library/PackageCache/com.unity.multiplayer.center@b860850997d0)
    com.unity.modules.accessibility@1.0.0 (location: /Users/jangyoung/orca/unknown/unity/Unknown/Library/PackageCache/com.unity.modules.accessibility)
    com.unity.modules.adaptiveperformance@1.0.0 (location: /Users/jangyoung/orca/unknown/unity/Unknown/Library/PackageCache/com.unity.modules.adaptiveperformance)
    com.unity.modules.ai@1.0.0 (location: /Users/jangyoung/orca/unknown/unity/Unknown/Library/PackageCache/com.unity.modules.ai)
    com.unity.modules.androidjni@1.0.0 (location: /Users/jangyoung/orca/unknown/unity/Unknown/Library/PackageCache/com.unity.modules.androidjni)
    com.unity.modules.animation@1.0.0 (location: /Users/jangyoung/orca/unknown/unity/Unknown/Library/PackageCache/com.unity.modules.animation)
    com.unity.modules.assetbundle@1.0.0 (location: /Users/jangyoung/orca/unknown/unity/Unknown/Library/PackageCache/com.unity.modules.assetbundle)
    com.unity.modules.audio@1.0.0 (location: /Users/jangyoung/orca/unknown/unity/Unknown/Library/PackageCache/com.unity.modules.audio)
    com.unity.modules.cloth@1.0.0 (location: /Users/jangyoung/orca/unknown/unity/Unknown/Library/PackageCache/com.unity.modules.cloth)
    com.unity.modules.director@1.0.0 (location: /Users/jangyoung/orca/unknown/unity/Unknown/Library/PackageCache/com.unity.modules.director)
    com.unity.modules.imageconversion@1.0.0 (location: /Users/jangyoung/orca/unknown/unity/Unknown/Library/PackageCache/com.unity.modules.imageconversion)
    com.unity.modules.imgui@1.0.0 (location: /Users/jangyoung/orca/unknown/unity/Unknown/Library/PackageCache/com.unity.modules.imgui)
    com.unity.modules.jsonserialize@1.0.0 (location: /Users/jangyoung/orca/unknown/unity/Unknown/Library/PackageCache/com.unity.modules.jsonserialize)
    com.unity.modules.particlesystem@1.0.0 (location: /Users/jangyoung/orca/unknown/unity/Unknown/Library/PackageCache/com.unity.modules.particlesystem)
    com.unity.modules.physics@1.0.0 (location: /Users/jangyoung/orca/unknown/unity/Unknown/Library/PackageCache/com.unity.modules.physics)
    com.unity.modules.physics2d@1.0.0 (location: /Users/jangyoung/orca/unknown/unity/Unknown/Library/PackageCache/com.unity.modules.physics2d)
    com.unity.modules.physicscore2d@1.0.0 (location: /Users/jangyoung/orca/unknown/unity/Unknown/Library/PackageCache/com.unity.modules.physicscore2d)
    com.unity.modules.screencapture@1.0.0 (location: /Users/jangyoung/orca/unknown/unity/Unknown/Library/PackageCache/com.unity.modules.screencapture)
    com.unity.modules.terrain@1.0.0 (location: /Users/jangyoung/orca/unknown/unity/Unknown/Library/PackageCache/com.unity.modules.terrain)
    com.unity.modules.terrainphysics@1.0.0 (location: /Users/jangyoung/orca/unknown/unity/Unknown/Library/PackageCache/com.unity.modules.terrainphysics)
    com.unity.modules.tilemap@1.0.0 (location: /Users/jangyoung/orca/unknown/unity/Unknown/Library/PackageCache/com.unity.modules.tilemap)
    com.unity.modules.ui@1.0.0 (location: /Users/jangyoung/orca/unknown/unity/Unknown/Library/PackageCache/com.unity.modules.ui)
    com.unity.modules.uielements@1.0.0 (location: /Users/jangyoung/orca/unknown/unity/Unknown/Library/PackageCache/com.unity.modules.uielements)
    com.unity.modules.umbra@1.0.0 (location: /Users/jangyoung/orca/unknown/unity/Unknown/Library/PackageCache/com.unity.modules.umbra)
    com.unity.modules.unityanalytics@1.0.0 (location: /Users/jangyoung/orca/unknown/unity/Unknown/Library/PackageCache/com.unity.modules.unityanalytics)
    com.unity.modules.unitywebrequest@1.0.0 (location: /Users/jangyoung/orca/unknown/unity/Unknown/Library/PackageCache/com.unity.modules.unitywebrequest)
    com.unity.modules.unitywebrequestassetbundle@1.0.0 (location: /Users/jangyoung/orca/unknown/unity/Unknown/Library/PackageCache/com.unity.modules.unitywebrequestassetbundle)
    com.unity.modules.unitywebrequestaudio@1.0.0 (location: /Users/jangyoung/orca/unknown/unity/Unknown/Library/PackageCache/com.unity.modules.unitywebrequestaudio)
    com.unity.modules.unitywebrequesttexture@1.0.0 (location: /Users/jangyoung/orca/unknown/unity/Unknown/Library/PackageCache/com.unity.modules.unitywebrequesttexture)
    com.unity.modules.unitywebrequestwww@1.0.0 (location: /Users/jangyoung/orca/unknown/unity/Unknown/Library/PackageCache/com.unity.modules.unitywebrequestwww)
    com.unity.modules.vectorgraphics@1.0.0 (location: /Users/jangyoung/orca/unknown/unity/Unknown/Library/PackageCache/com.unity.modules.vectorgraphics)
    com.unity.modules.vehicles@1.0.0 (location: /Users/jangyoung/orca/unknown/unity/Unknown/Library/PackageCache/com.unity.modules.vehicles)
    com.unity.modules.video@1.0.0 (location: /Users/jangyoung/orca/unknown/unity/Unknown/Library/PackageCache/com.unity.modules.video)
    com.unity.modules.wind@1.0.0 (location: /Users/jangyoung/orca/unknown/unity/Unknown/Library/PackageCache/com.unity.modules.wind)
    com.unity.modules.xr@1.0.0 (location: /Users/jangyoung/orca/unknown/unity/Unknown/Library/PackageCache/com.unity.modules.xr)
    com.unity.modules.subsystems@1.0.0 (location: /Users/jangyoung/orca/unknown/unity/Unknown/Library/PackageCache/com.unity.modules.subsystems)
    com.unity.modules.hierarchycore@1.0.0 (location: /Users/jangyoung/orca/unknown/unity/Unknown/Library/PackageCache/com.unity.modules.hierarchycore)
[Subsystems] No new subsystems found in resolved package list.
[Package Manager] Done registering packages in 0.01 seconds
[ScriptCompilation] Requested script compilation because: AssetDatabase observed changes in script compilation related files
info: Microsoft.Hosting.Lifetime[14]
      Now listening on: http://unix:/tmp/ilpp.sock-91ce4cc105a82451580320b8034fc51a
info: Microsoft.Hosting.Lifetime[0]
      Application started. Press Ctrl+C to shut down.
info: Microsoft.Hosting.Lifetime[0]
      Hosting environment: Production
info: Microsoft.Hosting.Lifetime[0]
      Content root path: /Users/jangyoung/orca/unknown/unity/Unknown
info: Microsoft.AspNetCore.Hosting.Diagnostics[1]
      Request starting HTTP/2 POST http://ilpp/UnityILPP.PostProcessing/Ping - application/grpc -
info: Microsoft.AspNetCore.Routing.EndpointMiddleware[0]
      Executing endpoint 'gRPC - /UnityILPP.PostProcessing/Ping'
info: Microsoft.AspNetCore.Routing.EndpointMiddleware[1]
      Executed endpoint 'gRPC - /UnityILPP.PostProcessing/Ping'
info: Microsoft.AspNetCore.Hosting.Diagnostics[2]
      Request finished HTTP/2 POST http://ilpp/UnityILPP.PostProcessing/Ping - 200 - application/grpc 31.3660ms
Starting: /Applications/Unity/Hub/Editor/6000.5.6f1/Unity.app/Contents/Resources/BuildPipeline/bee_backend --ipc --defer-dag-verification --dagfile="Library/Bee/200b0aEDbg.dag" --continue-on-failure --profile="Library/Bee/backend1.traceevents" ScriptAssemblies
WorkingDir: /Users/jangyoung/orca/unknown/unity/Unknown
DisplayProgressbar: Compiling Scripts
ExitCode: 4 Duration: 0s71ms
Rebuilding DAG because FileSignature timestamp changed: Library/Bee/200b0aEDbg-inputdata.json
*** Tundra requires additional run (0.05 seconds), 0 items updated, 133 evaluated
Starting: /Applications/Unity/Hub/Editor/6000.5.6f1/Unity.app/Contents/Resources/Scripting/netcorerun/netcorerun "/Applications/Unity/Hub/Editor/6000.5.6f1/Unity.app/Contents/Resources/BuildPipeline/ScriptCompilationBuildProgram.exe" "Library/Bee/200b0aEDbg.dag.json" "Library/Bee/200b0aEDbg-inputdata.json" "Library/Bee/buildprogram0.traceevents"
WorkingDir: /Users/jangyoung/orca/unknown/unity/Unknown
ExitCode: 0 Duration: 0s530ms
Starting: /Applications/Unity/Hub/Editor/6000.5.6f1/Unity.app/Contents/Resources/BuildPipeline/bee_backend --ipc --defer-dag-verification --dagfile="Library/Bee/200b0aEDbg.dag" --continue-on-failure --dagfilejson="Library/Bee/200b0aEDbg.dag.json" --profile="Library/Bee/backend2.traceevents" ScriptAssemblies
WorkingDir: /Users/jangyoung/orca/unknown/unity/Unknown
ExitCode: 0 Duration: 2s253ms
Finished compiling graph: 182 nodes, 848 flattened edges (826 ToBuild, 6 ToUse), maximum node priority 37
[161/179    0s] WriteText Library/Bee/artifacts/200b0aEDbg.dag/Assembly-CSharp-Editor.rsp2
[162/179    0s] WriteText Library/Bee/artifacts/200b0aEDbg.dag/Assembly-CSharp-Editor.UnityAdditionalFile.txt
[163/179    0s] WriteText Library/Bee/artifacts/200b0aEDbg.dag/Assembly-CSharp-Editor.dll.mvfrm.rsp
[164/179    0s] WriteText Library/Bee/artifacts/200b0aEDbg.dag/Assembly-CSharp-Editor.rsp
[174/179    0s] MovedFromExtractor Library/Bee/artifacts/mvdfrm/Unity.Multiplayer.Center.Editor.ref.dll_71BC7C9094EE3CC5.mvfrm
[175/179    0s] MovedFromExtractor-Combine Library/Bee/artifacts/200b0aEDbg.dag/Assembly-CSharp-Editor.dll.mvfrm
[176/179    2s] Csc Library/Bee/artifacts/200b0aEDbg.dag/Assembly-CSharp-Editor.dll (+2 others)
[177/179    0s] CopyFiles Library/ScriptAssemblies/Assembly-CSharp-Editor.pdb
[178/179    0s] CopyFiles Library/ScriptAssemblies/Assembly-CSharp-Editor.dll
*** Tundra build success (2.23 seconds), 9 items updated, 179 evaluated
Total cache size 251752
Total cache size after purge 251752, took 00:00:00.0141809
AssetDatabase: script compilation time: 3.887271s
Begin MonoManager ReloadAssembly
Importing 'GUID: e12dd4b033d054fbc8f9e61431248f47 - Path: Assets/_Project' with importer (DefaultImporter)
Imported 'GUID: e12dd4b033d054fbc8f9e61431248f47' -> (Import Result ID: '8cee2a11a5de90c3962b4200dab99861') in 0.036 seconds [static dependencies only]. Details - ImportResultOutputID=b7bc4e8e282e0b787d7bff9ca907907f DependenciesID=a041cdae934838c0fddabbb6b67db705 StaticDependenciesID=26470c4a3bb77794e06a675efcb0116a 
Importing 'GUID: 84a838259f1f041d1afffa93cb11fa19 - Path: Assets/_Project/Editor' with importer (DefaultImporter)
Imported 'GUID: 84a838259f1f041d1afffa93cb11fa19' -> (Import Result ID: '4dc80bc690d389519ff81f1ef2b9cad4') in 0.005 seconds [static dependencies only]. Details - ImportResultOutputID=775a7b08899bf5d840aa84f0bd20feb4 DependenciesID=cc02d639f6e692522665d84233e6d2fb StaticDependenciesID=0de44d0a698e26a66521b0a2fa5583f4 
Native extension for OSXStandalone target not found
Native extension for WebGL target not found
ScheduleIndexationOnStartup MainProcess:True IndexOnStartup:True
Mono: successfully reloaded assembly
- Finished resetting the current domain, in  0.288 seconds
Domain Reload Profiling: 700ms
	BeginReloadAssembly (276ms)
		DisableScriptedObjects (65ms)
		CreateAndSetChildDomain (64ms)
	RebuildCommonClasses (9ms)
	RebuildNativeTypeToScriptingClass (15ms)
	initialDomainReloadingComplete (32ms)
	LoadAllAssembliesAndSetupDomain (78ms)
		LoadAssemblies (93ms)
		AnalyzeDomain (15ms)
			TypeCache.Refresh (9ms)
				TypeCache.ScanAssembly (3ms)
			BuildScriptInfoCaches (3ms)
	FinalizeReload (290ms)
		SetupLoadedEditorAssemblies (0ms)
			BeforeProcessingInitializeOnLoad (63ms)
			ProcessInitializeOnLoadAttributes (49ms)
			ProcessInitializeOnLoadMethodAttributes (48ms)
		AwakeInstancesAfterBackupRestoration (14ms)
Starting new worker id: 0 with log in /Users/jangyoung/orca/unknown/unity/Unknown/Logs/AssetImportWorkerHW0.log

Asset Pipeline Refresh (id=d71b090bd8037412a8227586f129007c): Total: 4.897 seconds - Initiated by InitialRefreshV2(ForceSynchronousImport)
	(Values over 0.05ms)
	Summary:
		Imports: total=2 (actual=2, local cache=0, cache server=0)
		Asset DB Process Time: managed=2 ms, native=489 ms
		Asset DB Callback time: managed=51 ms, native=20 ms
		Scripting: domain reloads=1, domain reload time=440 ms, compile time=3888 ms, other=3 ms
		Project Asset Count: scripts=115, non-scripts=81
		Asset File Changes: new=3, changed=3, moved=0, deleted=0
		Scan Filter Count: 1
	InvokePackagesCallback: 17.056ms
	ApplyChangesToAssetFolders: 0.222ms
	Scan: 96.412ms
	Collect global state as custom dependencies: 10.462ms
	OnSourceAssetsModified: 0.616ms
	CategorizeScriptCompilationAssets: 0.210ms
	ProcessAssetsWithTransientArtifactChanges: 2.538ms
	CategorizeAssets: 1.942ms
	CompileScripts: 3888.478ms
	ImportOutOfDateAssets: 345.689ms (291.927ms without children)
		ImportManagerImport: 47.225ms (2.414ms without children)
		UnloadImportedAssets: 0.495ms
		ImportSchedulerStart: 6.006ms
	PostProcessAllAssets: 56.045ms
		VCAutoAddAssetPostprocess 0.762ms
		MonoPostProcessAllAssets: 51.154ms
			AssetPostprocessor.OnPostprocessAllAssets 17.528ms
			StyleCatalogPostProcessor.OnPostprocessAllAssets 12.730ms
			WindowAssetPostprocessingWatcher.OnPostprocessAllAssets 5.713ms
			BuilderAssetPostprocessor.OnPostprocessAllAssets 2.991ms
			SyncVS.PostprocessSyncProject 2.778ms
			AssetChangedListener.OnPostprocessAllAssets 1.036ms
			EditModeScopePostprocessor.OnPostprocessAllAssets 0.692ms
			RetainedModeAssetPostprocessor.OnPostprocessAllAssets 0.591ms
			SpeedTree9Postprocessor.OnPostprocessAllAssets 0.351ms
			ArtifactBrowserPostProcessor.OnPostprocessAllAssets 0.328ms
			TextAssetPostProcessor.OnPostprocessAllAssets 0.280ms
			AudioMixerPostprocessor.OnPostprocessAllAssets 0.169ms
			AssetEvents.OnPostprocessAllAssets 0.161ms
			TerrainToolbarOverlayPostProcessor.OnPostprocessAllAssets 0.126ms
			ReferencedClipsPostProcessor.OnPostprocessAllAssets 0.116ms
			AssetDatabaseCallbacks.OnPostprocessAllAssets 0.094ms
			ConfigAssetsTracker.OnPostprocessAllAssets 0.085ms
			SpeedTreePostProcessor.OnPostprocessAllAssets 0.082ms
			ScenarioDriftAssetsTracker.OnPostprocessAllAssets 0.064ms
			AudioContainerPostProcessor.OnPostprocessAllAssets 0.052ms
	PostAssetChangesProfiler: 1.252ms
	UnloadStreamsBegin: 1.246ms
	GenerateScriptTypeHashes: 0.172ms
	GenerateScriptTypeSerializationHashes: 0.380ms
	Untracked: 465.458ms

Application.AssetDatabase Initial Refresh End
Scanning for USB devices : 0.183ms
Initializing Unity extensions:
[MODES] ModeService[none].Initialize
[MODES] ModeService[none].LoadModes
[MODES] Loading mode Default (0) for mode-current-id-Unknown
Unloading 3 Unused Serialized files (Serialized files now loaded: 0)
Unloading 77 unused Assets / (454.3 KB). Loaded Objects now: 726.
Memory consumption went from 132.4 MB to 132.0 MB.
Total: 4.665959 ms (FindLiveObjects: 0.037167 ms CreateObjectMapping: 0.012834 ms MarkObjects: 4.443125 ms  DeleteObjects: 0.172375 ms)

[Project] Loading completed in 7.806 seconds
	Project init time: 				7.093 seconds
		Template init time: 		0.000 seconds
		Package Manager init time: 		0.372 seconds
		Asset Database init time: 		0.421 seconds
		Global illumination init time: 	0.001 seconds
		Assemblies load time: 			0.868 seconds
		Unity extensions init time: 	0.000 seconds
		Asset Database refresh time: 	4.897 seconds
	Scene opening time: 			0.527 seconds
##utp:{"type":"ProjectInfo","version":2,"phase":"Immediate","time":1789018002507,"processId":93120,"projectLoad":7.805857166000001,"projectInit":7.093425375,"templateInit":0.0,"packageManagerInit":0.372388042,"assetDatabaseInit":0.420819542,"globalIlluminationInit":0.000995209,"assembliesLoad":0.867545083,"unityExtensionsInit":0.000429458,"assetDatabaseRefresh":4.896875333,"sceneOpening":0.52687275}
##utp:{"type":"EditorInfo","version":2,"phase":"Immediate","time":1789018002507,"processId":93120,"editorVersion":"6000.5.6f1 (0e0577a1a2ac)","branch":"6000.5/staging","buildType":"Release","platform":"OSX"}
[Licensing::Client] Successfully resolved entitlement details
Start Indexing on Editor startup
[Indexing] Starting Initial Indexing for Assets
[UnityConnectServicesConfig] config is NOT valid, switching to default
Created GICache directory at /Users/jangyoung/Library/Caches/com.unity3d.UnityEditor/GiCache. Took: 0.008s, timestamps: [7.817 - 7.826]
Worker ready: AssetImportWorkerHW0 0
[Package Manager] Unable to add packages:
  Unable to add package [com.unity.inputsystem]:
    TAR_ENTRY_ERROR: ENOSPC: no space left on device, open '/Users/jangyoung/orca/unknown/unity/Unknown/Library/PackageCache/.tmp-93121-Sp6mUUdiZorb/package/Documentation~/Testing.md'
  Unable to add package [com.unity.ugui]:
    ENOSPC: no space left on device, copyfile '/Applications/Unity/Hub/Editor/6000.5.6f1/Unity.app/Contents/Resources/PackageManager/BuiltInPackages/com.unity.ugui/Runtime/TMP/TMP_InputValidator.cs.meta' -> '/Users/jangyoung/orca/unknown/unity/Unknown/Library/PackageCache/.tmp-93121-qi9bwrJ7cQ3o/package/Runtime/TMP/TMP_InputValidator.cs.meta'
  Unable to add package [com.unity.localization]:
    One or more dependencies could not be added to the local file system:
      com.unity.addressables: TAR_ENTRY_ERROR: ENOSPC: no space left on device, open '/Users/jangyoung/orca/unknown/unity/Unknown/Library/PackageCache/.tmp-93121-cXl6LRVHeb9f/package/Editor/GUI/Adapters/TreeViewAdapter.cs'
      com.unity.test-framework: ENOSPC: no space left on device, copyfile '/Applications/Unity/Hub/Editor/6000.5.6f1/Unity.app/Contents/Resources/PackageManager/BuiltInPackages/com.unity.test-framework/UnityEditor.TestRunner/Api/ITestRunSettings.cs' -> '/Users/jangyoung/orca/unknown/unity/Unknown/Library/PackageCache/.tmp-93121-4g6yWV135tO2/package/UnityEditor.TestRunner/Api/ITestRunSettings.cs'
  Unable to add package [com.unity.test-framework]:
    ENOSPC: no space left on device, copyfile '/Applications/Unity/Hub/Editor/6000.5.6f1/Unity.app/Contents/Resources/PackageManager/BuiltInPackages/com.unity.test-framework/UnityEditor.TestRunner/Api/ITestRunSettings.cs' -> '/Users/jangyoung/orca/unknown/unity/Unknown/Library/PackageCache/.tmp-93121-4g6yWV135tO2/package/UnityEditor.TestRunner/Api/ITestRunSettings.cs'
  Unable to add package [com.unity.render-pipelines.universal]:
    ENOSPC: no space left on device, copyfile '/Applications/Unity/Hub/Editor/6000.5.6f1/Unity.app/Contents/Resources/PackageManager/BuiltInPackages/com.unity.render-pipelines.universal/Runtime/RenderingLayerUtils.cs' -> '/Users/jangyoung/orca/unknown/unity/Unknown/Library/PackageCache/.tmp-93121-tGPnuMoWGsjj/package/Runtime/RenderingLayerUtils.cs'
Required package resolution failed: Unable to add packages:
  Unable to add package [com.unity.inputsystem]:
    TAR_ENTRY_ERROR: ENOSPC: no space left on device, open '/Users/jangyoung/orca/unknown/unity/Unknown/Library/PackageCache/.tmp-93121-Sp6mUUdiZorb/package/Documentation~/Testing.md'
  Unable to add package [com.unity.ugui]:
    ENOSPC: no space left on device, copyfile '/Applications/Unity/Hub/Editor/6000.5.6f1/Unity.app/Contents/Resources/PackageManager/BuiltInPackages/com.unity.ugui/Runtime/TMP/TMP_InputValidator.cs.meta' -> '/Users/jangyoung/orca/unknown/unity/Unknown/Library/PackageCache/.tmp-93121-qi9bwrJ7cQ3o/package/Runtime/TMP/TMP_InputValidator.cs.meta'
  Unable to add package [com.unity.localization]:
    One or more dependencies could not be added to the local file system:
      com.unity.addressables: TAR_ENTRY_ERROR: ENOSPC: no space left on device, open '/Users/jangyoung/orca/unknown/unity/Unknown/Library/PackageCache/.tmp-93121-cXl6LRVHeb9f/package/Editor/GUI/Adapters/TreeViewAdapter.cs'
      com.unity.test-framework: ENOSPC: no space left on device, copyfile '/Applications/Unity/Hub/Editor/6000.5.6f1/Unity.app/Contents/Resources/PackageManager/BuiltInPackages/com.unity.test-framework/UnityEditor.TestRunner/Api/ITestRunSettings.cs' -> '/Users/jangyoung/orca/unknown/unity/Unknown/Library/PackageCache/.tmp-93121-4g6yWV135tO2/package/UnityEditor.TestRunner/Api/ITestRunSettings.cs'
  Unable to add package [com.unity.test-framework]:
    ENOSPC: no space left on device, copyfile '/Applications/Unity/Hub/Editor/6000.5.6f1/Unity.app/Contents/Resources/PackageManager/BuiltInPackages/com.unity.test-framework/UnityEditor.TestRunner/Api/ITestRunSettings.cs' -> '/Users/jangyoung/orca/unknown/unity/Unknown/Library/PackageCache/.tmp-93121-4g6yWV135tO2/package/UnityEditor.TestRunner/Api/ITestRunSettings.cs'
  Unable to add package [com.unity.render-pipelines.universal]:
    ENOSPC: no space left on device, copyfile '/Applications/Unity/Hub/Editor/6000.5.6f1/Unity.app/Contents/Resources/PackageManager/BuiltInPackages/com.unity.render-pipelines.universal/Runtime/RenderingLayerUtils.cs' -> '/Users/jangyoung/orca/unknown/unity/Unknown/Library/PackageCache/.tmp-93121-tGPnuMoWGsjj/package/Runtime/RenderingLayerUtils.cs'
UnityEngine.Debug:ExtractStackTraceNoAlloc (byte*,int,string)
UnityEngine.StackTraceUtility:ExtractStackTrace () (at /Users/bokken/build/output/unity/unity/Runtime/Export/Scripting/StackTrace.cs:35)
UnityEngine.DebugLogHandler:Internal_Log (UnityEngine.LogType,UnityEngine.LogOption,string,UnityEngine.Object)
UnityEngine.DebugLogHandler:LogFormat (UnityEngine.LogType,UnityEngine.Object,string,object[])
UnityEngine.Logger:Log (UnityEngine.LogType,object)
UnityEngine.Debug:LogError (object)
PackageBootstrap:Poll () (at Assets/_Project/Editor/PackageBootstrap.cs:28)
UnityEditor.EditorApplication:Internal_CallUpdateFunctions () (at /Users/bokken/build/output/unity/unity/Editor/Mono/EditorApplication.cs:403)

(Filename: Assets/_Project/Editor/PackageBootstrap.cs Line: 28)

MonoPathRemapper: Attempts to remap: 1302; Successful remaps: 364
Thread 0x16d21b000 may have been prematurely finalized
Serialized file version minimum: 23, current 23
Thread 0x16d2a7000 may have been prematurely finalized
Input System module state changed to: ShutdownInProgress.
Input Polling Thread exited.
Input System module state changed to: Shutdown.
[Physics::Module] Cleanup current backend.
[Physics::Module] Id: 0xf2b8ea05
[Licensing::IpcConnector] LicenseClient-jangyoung-notifications channel disconnected successfully.
[Licensing::IpcConnector] LicenseClient-jangyoung channel disconnected successfully.
Thread 0x16e283000 may have been prematurely finalized
Thread 0x16e30f000 may have been prematurely finalized
AcceleratorClientConnectionCallback - disconnected - :0
Thread 0x16ffc3000 may have been prematurely finalized
Cleanup mono
CodeReloadManager destroyed
info: Microsoft.Hosting.Lifetime[0]
      Application is shutting down...
debugger-agent: Unable to listen on 43
MSBuild 서버을(를) 종료하는 중...
VB/C# 컴파일러 서버을(를) 종료하는 중...
MSBuild 서버을(를) 종료했습니다.
VB/C# 컴파일러 서버을(를) 종료했습니다.
