Unity Editor version:    6000.5.6f1 (0e0577a1a2ac)
Branch:                  6000.5/staging
Build type:              Release
Batch mode:              YES
macOS version:           Version 26.3.1 (Build 25D2128)
Darwin version:          25.3.0
Architecture:            arm64
Running under Rosetta:   NO
Available memory:        16384 MB
Date:                    2026-09-10T16:31:42Z
[Licensing::Module] Trying to connect to existing licensing client channel...
[Licensing::IpcConnector] Successfully connected to: "LicenseClient-jangyoung" at "2026-09-10T16:31:42.937913Z"
Launching external process: /Applications/Unity/Hub/Editor/6000.5.6f1/Unity.app/Contents/Helpers/PackageManager/Server/UnityPackageManager

COMMAND LINE ARGUMENTS:
/Applications/Unity/Hub/Editor/6000.5.6f1/Unity.app/Contents/MacOS/Unity
-batchmode
-quit
-projectPath
/Users/jangyoung/orca/unknown/unity/Unknown
-executeMethod
Tide.EditorTools.C1ProjectBuilder.ImportAndCapture
-logFile
/Users/jangyoung/orca/unknown/_workspace/current/systems/tech-verification/c1-m3/logs/panel-diagnostic-1.log
Successfully changed project path to: /Users/jangyoung/orca/unknown/unity/Unknown
/Users/jangyoung/orca/unknown/unity/Unknown
[UnityMemory] Configuration Parameters - Can be set up in boot.config
    "memorysetup-temp-allocator-size-gi-baking-worker=262144"
    "memorysetup-temp-allocator-size-gi-baking-worker=262144"
    "memorysetup-temp-allocator-size-gi-baking-worker=262144"
    "memorysetup-temp-allocator-size-gi-baking-worker=262144"
    "memorysetup-temp-allocator-size-gi-baking-worker=262144"
    "memorysetup-temp-allocator-size-nav-mesh-worker=65536"
    "memorysetup-temp-allocator-size-audio-worker=65536"
    "memorysetup-temp-allocator-size-cloud-worker=32768"
    "memorysetup-allocator-temp-initial-block-size-main=262144"
    "memorysetup-allocator-temp-initial-block-size-worker=262144"
    "memorysetup-temp-allocator-size-preload-manager=33554432"
    "memorysetup-temp-allocator-size-gfx=262144"
    "memorysetup-temp-allocator-size-background-worker=32768"
    "memorysetup-temp-allocator-size-job-worker=262144"
    "memorysetup-bucket-allocator-granularity=16"
    "memorysetup-bucket-allocator-bucket-count=8"
    "memorysetup-bucket-allocator-block-size=33554432"
    "memorysetup-bucket-allocator-block-count=8"
    "memorysetup-main-allocator-block-size=16777216"
    "memorysetup-thread-allocator-block-size=16777216"
    "memorysetup-main-allocator-mimalloc-enabled=0"
    "memorysetup-gfx-main-allocator-block-size=16777216"
    "memorysetup-gfx-thread-allocator-block-size=16777216"
    "memorysetup-cache-allocator-block-size=4194304"
    "memorysetup-typetree-allocator-block-size=2097152"
    "memorysetup-profiler-bucket-allocator-granularity=16"
    "memorysetup-profiler-bucket-allocator-bucket-count=8"
    "memorysetup-profiler-bucket-allocator-block-size=33554432"
    "memorysetup-profiler-bucket-allocator-block-count=8"
    "memorysetup-profiler-allocator-block-size=16777216"
    "memorysetup-profiler-editor-allocator-block-size=1048576"
    "memorysetup-temp-allocator-size-main=16777216"
    "memorysetup-job-temp-allocator-block-size=2097152"
    "memorysetup-job-temp-allocator-block-size-background=1048576"
    "memorysetup-job-temp-allocator-reduction-small-platforms=262144"
Logging is directed to a specific file, skipping project log.Player connection [8594452736]  Target information:

Player connection [8594452736]  * "[IP] 192.168.219.124 [Port] 55504 [Flags] 2 [Guid] 1887893655 [EditorId] 1887893655 [Version] 1048832 [Id] OSXEditor(0,MacBook-Pro-2.local) [Debug] 1 [PackageName] OSXEditor [ProjectName] Editor" 

Player connection [8594452736]  * "[IP] 100.119.58.79 [Port] 55504 [Flags] 2 [Guid] 1887893655 [EditorId] 1887893655 [Version] 1048832 [Id] OSXEditor(0,MacBook-Pro-2.local) [Debug] 1 [PackageName] OSXEditor [ProjectName] Editor" 

Player connection [8594452736] Host joined multi-casting on [225.0.0.222:54997]...
Player connection [8594452736] Host joined alternative multi-casting on [225.0.0.222:34997]...
Input System module state changed to: Initialized.
[Physics::Module] Initialized fallback backend.
[Physics::Module] Id: 0xdecafbad
[Licensing::Client] Handshaking with LicensingClient:
  Version:                 1.18.3+d7ffd15
  Session Id:              1adc8598cd1b44a4b948710c83f0b876
  Correlation Id:          7eff4bd7a42a21a35f828ca90cd3d378
  External correlation Id: 2940770649630702919
  Machine Id:              GDFq97hyJBwslTnyqVIUvhYydXg=
[Licensing::Module] Successfully connected to LicensingClient on channel: "LicenseClient-jangyoung" (connect: 0.00s, validation: 0.01s, handshake: 0.44s)
[Licensing::IpcConnector] Successfully connected to: "LicenseClient-jangyoung-notifications" at "2026-09-10T16:31:43.392683Z"
[Licensing::Module] Error: Access token is unavailable; failed to update
[Licensing::Client] Successfully resolved entitlement details
[Licensing::Module] License group:
  Id: 4513980-UnityPersXXXX
  Product: Unity Personal
  Type: Assigned
  Expiration: Unlimited
[Licensing::Client] Successfully updated license, isAsync: True, time: 0.00
[Licensing::Client] Successfully resolved entitlement details
[Licensing::Module] Licensing Background thread has ended after 0.47s
[Package Manager] Connected to IPC stream "Upm-86698" after 0.4 seconds.
[Licensing::Client] Successfully resolved entitlement details
Library Redirect Path: Library/
[Physics::Module] Selected backend.
[Physics::Module] Name: PhysX
[Physics::Module] Id: 0xf2b8ea05
[Physics::Module] SDK Version: 4.1.2
[Physics::Module] Integration Version: 1.0.0
[Physics::Module] Threading Mode: Multi-Threaded
Initialize engine version: 6000.5.6f1 (0e0577a1a2ac)
[Subsystems] Discovering subsystems at path /Applications/Unity/Hub/Editor/6000.5.6f1/Unity.app/Contents/Resources/UnitySubsystems
[Subsystems] Discovering subsystems at path /Users/jangyoung/orca/unknown/unity/Unknown/Assets
GfxDevice: creating device client; kGfxThreadingModeNonThreaded
 preferred device: Apple M2 Pro (high power)
Metal devices available: 1
0: Apple M2 Pro (high power)
Using device Apple M2 Pro (high power)
Initializing Metal device caps: Apple M2 Pro
Mac GPU Family: 2
Apple GPU Family: 8
MSL Version: 3.0
Has Float MSAA: 1
Has Float Filtering: 1
ReadWrite Texture Tier: 2
Initialize mono
Mono path[0] = '/Applications/Unity/Hub/Editor/6000.5.6f1/Unity.app/Contents/Resources/Scripting/Managed'
Mono path[1] = '/Applications/Unity/Hub/Editor/6000.5.6f1/Unity.app/Contents/Resources/Scripting/BCLExtensions/runtime/netstandard2.1'
Mono path[2] = '/Applications/Unity/Hub/Editor/6000.5.6f1/Unity.app/Contents/Resources/Scripting/MonoBleedingEdge/lib/mono/unityjit-macos'
Mono config path = '/Applications/Unity/Hub/Editor/6000.5.6f1/Unity.app/Contents/Resources/Scripting/MonoBleedingEdge/etc'
Using monoOptions --debugger-agent=transport=dt_socket,embedding=1,server=y,suspend=n,address=127.0.0.1:56698
CodeReloadManager initialized
ImportWorker Server TCP listen port: 0
AcceleratorClientConnectionCallback - disconnected - :0
Begin MonoManager ReloadAssembly
Registering precompiled unity dll's ...
Register platform support module: /Applications/Unity/Hub/Editor/6000.5.6f1/PlaybackEngines/WebGLSupport/UnityEditor.WebGL.Extensions.dll
Register platform support module: /Applications/Unity/Hub/Editor/6000.5.6f1/PlaybackEngines/MacStandaloneSupport/UnityEditor.OSXStandalone.Extensions.dll
Registered in 0.001767 seconds.
Native extension for OSXStandalone target not found
Native extension for WebGL target not found
Package Manager log level set to [2]
ScheduleIndexationOnStartup MainProcess:False IndexOnStartup:True
Mono: successfully reloaded assembly
- Finished resetting the current domain, in  0.310 seconds
Domain Reload Profiling: 788ms
	BeginReloadAssembly (147ms)
		CreateAndSetChildDomain (16ms)
	RebuildCommonClasses (4ms)
	RebuildNativeTypeToScriptingClass (19ms)
	initialDomainReloadingComplete (57ms)
	LoadAllAssembliesAndSetupDomain (248ms)
		LoadAssemblies (131ms)
		AnalyzeDomain (189ms)
			TypeCache.Refresh (189ms)
				TypeCache.ScanAssembly (172ms)
	FinalizeReload (313ms)
		SetupLoadedEditorAssemblies (0ms)
			BeforeProcessingInitializeOnLoad (64ms)
			ProcessInitializeOnLoadAttributes (69ms)
			ProcessInitializeOnLoadMethodAttributes (122ms)
[Licensing::Client] Successfully resolved entitlement details
Application.AssetDatabase Initial Refresh Start
[Package Manager] Restoring resolved packages state from cache
[Licensing::Client] Successfully resolved entitlement details
[Package Manager] Registered 55 packages:
  Packages from [https://packages.unity.com]:
    com.unity.inputsystem@1.20.0 (location: /Users/jangyoung/orca/unknown/unity/Unknown/Library/PackageCache/com.unity.inputsystem@7a4e1a2a8194)
    com.unity.localization@1.5.13 (location: /Users/jangyoung/orca/unknown/unity/Unknown/Library/PackageCache/com.unity.localization@ef5a0677859d)
    com.unity.addressables@2.9.1 (location: /Users/jangyoung/orca/unknown/unity/Unknown/Library/PackageCache/com.unity.addressables@8460f1c9c927)
    com.unity.nuget.newtonsoft-json@3.2.2 (location: /Users/jangyoung/orca/unknown/unity/Unknown/Library/PackageCache/com.unity.nuget.newtonsoft-json@4dfd81071c64)
    com.unity.searcher@4.9.4 (location: /Users/jangyoung/orca/unknown/unity/Unknown/Library/PackageCache/com.unity.searcher@d45a78918735)
    com.unity.burst@1.8.29 (location: /Users/jangyoung/orca/unknown/unity/Unknown/Library/PackageCache/com.unity.burst@6bb9aca3ef38)
    com.unity.profiling.core@1.0.3 (location: /Users/jangyoung/orca/unknown/unity/Unknown/Library/PackageCache/com.unity.profiling.core@8a49f7027d06)
    com.unity.scriptablebuildpipeline@2.6.1 (location: /Users/jangyoung/orca/unknown/unity/Unknown/Library/PackageCache/com.unity.scriptablebuildpipeline@36e3b5898ee2)
    com.unity.nuget.mono-cecil@1.11.6 (location: /Users/jangyoung/orca/unknown/unity/Unknown/Library/PackageCache/com.unity.nuget.mono-cecil@ecb9724e46ff)
    com.unity.test-framework.performance@3.5.0 (location: /Users/jangyoung/orca/unknown/unity/Unknown/Library/PackageCache/com.unity.test-framework.performance@8b56083ec0f0)
  Built-in packages:
    com.unity.render-pipelines.universal@17.5.0 (location: /Users/jangyoung/orca/unknown/unity/Unknown/Library/PackageCache/com.unity.render-pipelines.universal@73b4c4ff130e)
    com.unity.test-framework@1.7.0 (location: /Users/jangyoung/orca/unknown/unity/Unknown/Library/PackageCache/com.unity.test-framework@1405238725ab)
    com.unity.ugui@2.5.0 (location: /Users/jangyoung/orca/unknown/unity/Unknown/Library/PackageCache/com.unity.ugui@67707a67a4ab)
    com.unity.modules.accessibility@1.0.0 (location: /Users/jangyoung/orca/unknown/unity/Unknown/Library/PackageCache/com.unity.modules.accessibility)
    com.unity.modules.adaptiveperformance@1.0.0 (location: /Users/jangyoung/orca/unknown/unity/Unknown/Library/PackageCache/com.unity.modules.adaptiveperformance)
    com.unity.modules.ai@1.0.0 (location: /Users/jangyoung/orca/unknown/unity/Unknown/Library/PackageCache/com.unity.modules.ai)
    com.unity.modules.androidjni@1.0.0 (location: /Users/jangyoung/orca/unknown/unity/Unknown/Library/PackageCache/com.unity.modules.androidjni)
    com.unity.modules.animation@1.0.0 (location: /Users/jangyoung/orca/unknown/unity/Unknown/Library/PackageCache/com.unity.modules.animation)
    com.unity.modules.assetbundle@1.0.0 (location: /Users/jangyoung/orca/unknown/unity/Unknown/Library/PackageCache/com.unity.modules.assetbundle)
    com.unity.modules.audio@1.0.0 (location: /Users/jangyoung/orca/unknown/unity/Unknown/Library/PackageCache/com.unity.modules.audio)
    com.unity.modules.cloth@1.0.0 (location: /Users/jangyoung/orca/unknown/unity/Unknown/Library/PackageCache/com.unity.modules.cloth)
    com.unity.modules.director@1.0.0 (location: /Users/jangyoung/orca/unknown/unity/Unknown/Library/PackageCache/com.unity.modules.director)
    com.unity.modules.imageconversion@1.0.0 (location: /Users/jangyoung/orca/unknown/unity/Unknown/Library/PackageCache/com.unity.modules.imageconversion)
    com.unity.modules.imgui@1.0.0 (location: /Users/jangyoung/orca/unknown/unity/Unknown/Library/PackageCache/com.unity.modules.imgui)
    com.unity.modules.jsonserialize@1.0.0 (location: /Users/jangyoung/orca/unknown/unity/Unknown/Library/PackageCache/com.unity.modules.jsonserialize)
    com.unity.modules.particlesystem@1.0.0 (location: /Users/jangyoung/orca/unknown/unity/Unknown/Library/PackageCache/com.unity.modules.particlesystem)
    com.unity.modules.physics@1.0.0 (location: /Users/jangyoung/orca/unknown/unity/Unknown/Library/PackageCache/com.unity.modules.physics)
    com.unity.modules.physics2d@1.0.0 (location: /Users/jangyoung/orca/unknown/unity/Unknown/Library/PackageCache/com.unity.modules.physics2d)
    com.unity.modules.physicscore2d@1.0.0 (location: /Users/jangyoung/orca/unknown/unity/Unknown/Library/PackageCache/com.unity.modules.physicscore2d)
    com.unity.modules.screencapture@1.0.0 (location: /Users/jangyoung/orca/unknown/unity/Unknown/Library/PackageCache/com.unity.modules.screencapture)
    com.unity.modules.terrain@1.0.0 (location: /Users/jangyoung/orca/unknown/unity/Unknown/Library/PackageCache/com.unity.modules.terrain)
    com.unity.modules.terrainphysics@1.0.0 (location: /Users/jangyoung/orca/unknown/unity/Unknown/Library/PackageCache/com.unity.modules.terrainphysics)
    com.unity.modules.tilemap@1.0.0 (location: /Users/jangyoung/orca/unknown/unity/Unknown/Library/PackageCache/com.unity.modules.tilemap)
    com.unity.modules.ui@1.0.0 (location: /Users/jangyoung/orca/unknown/unity/Unknown/Library/PackageCache/com.unity.modules.ui)
    com.unity.modules.uielements@1.0.0 (location: /Users/jangyoung/orca/unknown/unity/Unknown/Library/PackageCache/com.unity.modules.uielements)
    com.unity.modules.umbra@1.0.0 (location: /Users/jangyoung/orca/unknown/unity/Unknown/Library/PackageCache/com.unity.modules.umbra)
    com.unity.modules.unityanalytics@1.0.0 (location: /Users/jangyoung/orca/unknown/unity/Unknown/Library/PackageCache/com.unity.modules.unityanalytics)
    com.unity.modules.unitywebrequest@1.0.0 (location: /Users/jangyoung/orca/unknown/unity/Unknown/Library/PackageCache/com.unity.modules.unitywebrequest)
    com.unity.modules.unitywebrequestassetbundle@1.0.0 (location: /Users/jangyoung/orca/unknown/unity/Unknown/Library/PackageCache/com.unity.modules.unitywebrequestassetbundle)
    com.unity.modules.unitywebrequestaudio@1.0.0 (location: /Users/jangyoung/orca/unknown/unity/Unknown/Library/PackageCache/com.unity.modules.unitywebrequestaudio)
    com.unity.modules.unitywebrequesttexture@1.0.0 (location: /Users/jangyoung/orca/unknown/unity/Unknown/Library/PackageCache/com.unity.modules.unitywebrequesttexture)
    com.unity.modules.unitywebrequestwww@1.0.0 (location: /Users/jangyoung/orca/unknown/unity/Unknown/Library/PackageCache/com.unity.modules.unitywebrequestwww)
    com.unity.modules.vectorgraphics@1.0.0 (location: /Users/jangyoung/orca/unknown/unity/Unknown/Library/PackageCache/com.unity.modules.vectorgraphics)
    com.unity.modules.vehicles@1.0.0 (location: /Users/jangyoung/orca/unknown/unity/Unknown/Library/PackageCache/com.unity.modules.vehicles)
    com.unity.modules.video@1.0.0 (location: /Users/jangyoung/orca/unknown/unity/Unknown/Library/PackageCache/com.unity.modules.video)
    com.unity.modules.wind@1.0.0 (location: /Users/jangyoung/orca/unknown/unity/Unknown/Library/PackageCache/com.unity.modules.wind)
    com.unity.modules.xr@1.0.0 (location: /Users/jangyoung/orca/unknown/unity/Unknown/Library/PackageCache/com.unity.modules.xr)
    com.unity.modules.subsystems@1.0.0 (location: /Users/jangyoung/orca/unknown/unity/Unknown/Library/PackageCache/com.unity.modules.subsystems)
    com.unity.modules.hierarchycore@1.0.0 (location: /Users/jangyoung/orca/unknown/unity/Unknown/Library/PackageCache/com.unity.modules.hierarchycore)
    com.unity.ext.nunit@2.1.0 (location: /Users/jangyoung/orca/unknown/unity/Unknown/Library/PackageCache/com.unity.ext.nunit@44f7d31723bd)
    com.unity.render-pipelines.core@17.5.0 (location: /Users/jangyoung/orca/unknown/unity/Unknown/Library/PackageCache/com.unity.render-pipelines.core@645717f21c5f)
    com.unity.shadergraph@17.5.0 (location: /Users/jangyoung/orca/unknown/unity/Unknown/Library/PackageCache/com.unity.shadergraph@8d7376ec43ee)
    com.unity.render-pipelines.universal-config@17.5.0 (location: /Users/jangyoung/orca/unknown/unity/Unknown/Library/PackageCache/com.unity.render-pipelines.universal-config@fdda01c80fe3)
    com.unity.collections@6.5.0 (location: /Users/jangyoung/orca/unknown/unity/Unknown/Library/PackageCache/com.unity.collections@a43cabe808ca)
    com.unity.mathematics@1.4.0 (location: /Users/jangyoung/orca/unknown/unity/Unknown/Library/PackageCache/com.unity.mathematics@981956d94fb6)
[Subsystems] No new subsystems found in resolved package list.
[Package Manager] Done registering packages in 0.02 seconds
[ScriptCompilation] Requested script compilation because: AssetDatabase observed changes in script compilation related files
info: Microsoft.Hosting.Lifetime[14]
      Now listening on: http://unix:/tmp/ilpp.sock-91ce4cc105a82451580320b8034fc51a
info: Microsoft.Hosting.Lifetime[0]
      Application started. Press Ctrl+C to shut down.
info: Microsoft.Hosting.Lifetime[0]
      Hosting environment: Production
info: Microsoft.Hosting.Lifetime[0]
      Content root path: /Users/jangyoung/orca/unknown/unity/Unknown
info: Microsoft.AspNetCore.Hosting.Diagnostics[1]
      Request starting HTTP/2 POST http://ilpp/UnityILPP.PostProcessing/Ping - application/grpc -
info: Microsoft.AspNetCore.Routing.EndpointMiddleware[0]
      Executing endpoint 'gRPC - /UnityILPP.PostProcessing/Ping'
info: Microsoft.AspNetCore.Routing.EndpointMiddleware[1]
      Executed endpoint 'gRPC - /UnityILPP.PostProcessing/Ping'
info: Microsoft.AspNetCore.Hosting.Diagnostics[2]
      Request finished HTTP/2 POST http://ilpp/UnityILPP.PostProcessing/Ping - 200 - application/grpc 36.0529ms
Starting: /Applications/Unity/Hub/Editor/6000.5.6f1/Unity.app/Contents/Resources/BuildPipeline/bee_backend --ipc --defer-dag-verification --dagfile="Library/Bee/200b0aEDbg.dag" --continue-on-failure --profile="Library/Bee/backend1.traceevents" ScriptAssemblies
WorkingDir: /Users/jangyoung/orca/unknown/unity/Unknown
DisplayProgressbar: Compiling Scripts
ExitCode: 4 Duration: 0s224ms
Rebuilding DAG because FileSignature timestamp changed: Library/Bee/200b0aEDbg-inputdata.json
*** Tundra requires additional run (0.20 seconds), 0 items updated, 0 evaluated
Starting: /Applications/Unity/Hub/Editor/6000.5.6f1/Unity.app/Contents/Resources/Scripting/netcorerun/netcorerun "/Applications/Unity/Hub/Editor/6000.5.6f1/Unity.app/Contents/Resources/BuildPipeline/ScriptCompilationBuildProgram.exe" "Library/Bee/200b0aEDbg.dag.json" "Library/Bee/200b0aEDbg-inputdata.json" "Library/Bee/buildprogram0.traceevents"
WorkingDir: /Users/jangyoung/orca/unknown/unity/Unknown
ExitCode: 0 Duration: 1s530ms
Starting: /Applications/Unity/Hub/Editor/6000.5.6f1/Unity.app/Contents/Resources/BuildPipeline/bee_backend --ipc --defer-dag-verification --dagfile="Library/Bee/200b0aEDbg.dag" --continue-on-failure --dagfilejson="Library/Bee/200b0aEDbg.dag.json" --profile="Library/Bee/backend2.traceevents" ScriptAssemblies
WorkingDir: /Users/jangyoung/orca/unknown/unity/Unknown
info: Microsoft.AspNetCore.Hosting.Diagnostics[1]
      Request starting HTTP/2 POST http://ilpp/UnityILPP.PostProcessing/ConfigurePostProcessors - application/grpc -
info: Microsoft.AspNetCore.Routing.EndpointMiddleware[0]
      Executing endpoint 'gRPC - /UnityILPP.PostProcessing/ConfigurePostProcessors'
warn: Unity.ILPP.Runner.PostProcessingAssemblyLoadContext[0]
      Assembly system.runtime.interopservices.windowsruntime has duplicate hint path. Ignoring "/Applications/Unity/Hub/Editor/6000.5.6f1/Unity.app/Contents/Resources/Scripting/UnityReferenceAssemblies/unity-4.8-api/Facades/System.Runtime.InteropServices.WindowsRuntime.dll" in favor of "/Applications/Unity/Hub/Editor/6000.5.6f1/Unity.app/Contents/Resources/Scripting/NetStandard/Extensions/2.0.0/System.Runtime.InteropServices.WindowsRuntime.dll"
warn: Unity.ILPP.Runner.PostProcessingAssemblyLoadContext[0]
      Assembly system.componentmodel.composition has duplicate hint path. Ignoring "/Applications/Unity/Hub/Editor/6000.5.6f1/Unity.app/Contents/Resources/Scripting/UnityReferenceAssemblies/unity-4.8-api/System.ComponentModel.Composition.dll" in favor of "/Applications/Unity/Hub/Editor/6000.5.6f1/Unity.app/Contents/Resources/Scripting/NetStandard/compat/2.1.0/shims/netfx/System.ComponentModel.Composition.dll"
info: Unity.ILPP.Runner.PostProcessingAssemblyLoadContext[0]
      Resolved Unity.Burst.Cecil, Version=0.11.6.0, Culture=neutral, PublicKeyToken=50cebf1cceb9d05e with Library/PackageCache/com.unity.burst@6bb9aca3ef38/Unity.Burst.CodeGen/Unity.Burst.Cecil.dll
info: Unity.ILPP.Runner.PostProcessingAssemblyLoadContext[0]
      Resolved Mono.Cecil, Version=0.11.5.0, Culture=neutral, PublicKeyToken=50cebf1cceb9d05e with Library/PackageCache/com.unity.nuget.mono-cecil@ecb9724e46ff/Mono.Cecil.dll
info: Microsoft.AspNetCore.Routing.EndpointMiddleware[1]
      Executed endpoint 'gRPC - /UnityILPP.PostProcessing/ConfigurePostProcessors'
info: Microsoft.AspNetCore.Hosting.Diagnostics[2]
      Request finished HTTP/2 POST http://ilpp/UnityILPP.PostProcessing/ConfigurePostProcessors - 200 - application/grpc 21.2800ms
info: Microsoft.AspNetCore.Hosting.Diagnostics[1]
      Request starting HTTP/2 POST http://ilpp/UnityILPP.PostProcessing/PostProcessAssembly - application/grpc -
info: Microsoft.AspNetCore.Routing.EndpointMiddleware[0]
      Executing endpoint 'gRPC - /UnityILPP.PostProcessing/PostProcessAssembly'
info: Unity.ILPP.Runner.PostProcessingPipeline[0]
      Processing assembly Library/Bee/artifacts/200b0aEDbg.dag/Tide.App.dll, with 137 defines and 294 references
info: Unity.ILPP.Runner.PostProcessingPipeline[0]
      processors: Unity.Jobs.CodeGen.JobsILPostProcessor, zzzUnity.Burst.CodeGen.BurstILPostProcessor
info: Unity.ILPP.Runner.PostProcessingPipeline[0]
      running Unity.Jobs.CodeGen.JobsILPostProcessor
info: Unity.ILPP.Runner.PostProcessingPipeline[0]
      running zzzUnity.Burst.CodeGen.BurstILPostProcessor
info: Microsoft.AspNetCore.Routing.EndpointMiddleware[1]
      Executed endpoint 'gRPC - /UnityILPP.PostProcessing/PostProcessAssembly'
info: Microsoft.AspNetCore.Hosting.Diagnostics[2]
      Request finished HTTP/2 POST http://ilpp/UnityILPP.PostProcessing/PostProcessAssembly - 200 - application/grpc 21.7092ms
info: Microsoft.AspNetCore.Hosting.Diagnostics[1]
      Request starting HTTP/2 POST http://ilpp/UnityILPP.PostProcessing/PostProcessAssembly - application/grpc -
info: Microsoft.AspNetCore.Routing.EndpointMiddleware[0]
      Executing endpoint 'gRPC - /UnityILPP.PostProcessing/PostProcessAssembly'
info: Unity.ILPP.Runner.PostProcessingPipeline[0]
      Processing assembly Library/Bee/artifacts/200b0aEDbg.dag/Tide.EditorTools.dll, with 135 defines and 305 references
info: Unity.ILPP.Runner.PostProcessingPipeline[0]
      processors: Unity.Jobs.CodeGen.JobsILPostProcessor, zzzUnity.Burst.CodeGen.BurstILPostProcessor
info: Unity.ILPP.Runner.PostProcessingPipeline[0]
      running Unity.Jobs.CodeGen.JobsILPostProcessor
info: Unity.ILPP.Runner.PostProcessingPipeline[0]
      running zzzUnity.Burst.CodeGen.BurstILPostProcessor
info: Microsoft.AspNetCore.Routing.EndpointMiddleware[1]
      Executed endpoint 'gRPC - /UnityILPP.PostProcessing/PostProcessAssembly'
info: Microsoft.AspNetCore.Hosting.Diagnostics[2]
      Request finished HTTP/2 POST http://ilpp/UnityILPP.PostProcessing/PostProcessAssembly - 200 - application/grpc 9.4035ms
info: Microsoft.AspNetCore.Hosting.Diagnostics[1]
      Request starting HTTP/2 POST http://ilpp/UnityILPP.PostProcessing/PostProcessAssembly - application/grpc -
info: Microsoft.AspNetCore.Routing.EndpointMiddleware[0]
      Executing endpoint 'gRPC - /UnityILPP.PostProcessing/PostProcessAssembly'
info: Unity.ILPP.Runner.PostProcessingPipeline[0]
      Processing assembly Library/Bee/artifacts/200b0aEDbg.dag/Tide.Tests.Play.dll, with 138 defines and 292 references
info: Unity.ILPP.Runner.PostProcessingPipeline[0]
      processors: Unity.Jobs.CodeGen.JobsILPostProcessor, zzzUnity.Burst.CodeGen.BurstILPostProcessor
info: Unity.ILPP.Runner.PostProcessingPipeline[0]
      running Unity.Jobs.CodeGen.JobsILPostProcessor
info: Unity.ILPP.Runner.PostProcessingPipeline[0]
      running zzzUnity.Burst.CodeGen.BurstILPostProcessor
info: Microsoft.AspNetCore.Routing.EndpointMiddleware[1]
      Executed endpoint 'gRPC - /UnityILPP.PostProcessing/PostProcessAssembly'
info: Microsoft.AspNetCore.Hosting.Diagnostics[2]
      Request finished HTTP/2 POST http://ilpp/UnityILPP.PostProcessing/PostProcessAssembly - 200 - application/grpc 4.9813ms
info: Microsoft.AspNetCore.Hosting.Diagnostics[1]
      Request starting HTTP/2 POST http://ilpp/UnityILPP.PostProcessing/PostProcessAssembly - application/grpc -
info: Microsoft.AspNetCore.Routing.EndpointMiddleware[0]
      Executing endpoint 'gRPC - /UnityILPP.PostProcessing/PostProcessAssembly'
info: Unity.ILPP.Runner.PostProcessingPipeline[0]
      Processing assembly Library/Bee/artifacts/200b0aEDbg.dag/Tide.Tests.Sim.dll, with 136 defines and 301 references
info: Unity.ILPP.Runner.PostProcessingPipeline[0]
      processors: Unity.Jobs.CodeGen.JobsILPostProcessor, zzzUnity.Burst.CodeGen.BurstILPostProcessor
info: Unity.ILPP.Runner.PostProcessingPipeline[0]
      running Unity.Jobs.CodeGen.JobsILPostProcessor
info: Unity.ILPP.Runner.PostProcessingPipeline[0]
      running zzzUnity.Burst.CodeGen.BurstILPostProcessor
info: Microsoft.AspNetCore.Routing.EndpointMiddleware[1]
      Executed endpoint 'gRPC - /UnityILPP.PostProcessing/PostProcessAssembly'
info: Microsoft.AspNetCore.Hosting.Diagnostics[2]
      Request finished HTTP/2 POST http://ilpp/UnityILPP.PostProcessing/PostProcessAssembly - 200 - application/grpc 3.6891ms
ExitCode: 0 Duration: 3s277ms
Finished compiling graph: 823 nodes, 16154 flattened edges (13608 ToBuild, 138 ToUse), maximum node priority 892
[413/820    0s] WriteText Library/Bee/artifacts/200b0aEDbg.dag/Tide.App.rsp
[422/820    0s] WriteText Library/Bee/artifacts/200b0aEDbg.dag/Tide.EditorTools.rsp
[620/820    1s] ILPP-Configuration Library/ilpp-configuration.nevergeneratedoutput
[804/820    2s] Csc Library/Bee/artifacts/200b0aEDbg.dag/Tide.App.dll (+2 others)
Assets/_Project/App/T0GameSession.cs(96,56): warning CS0618: 'FindObjectsSortMode' is obsolete: 'FindObjectsSortMode has been deprecated. Use the FindObjectsByType overloads that do not take a FindObjectsSortMode parameter.'
Assets/_Project/App/T0GameSession.cs(96,28): warning CS0618: 'Object.FindObjectsByType<T>(FindObjectsSortMode)' is obsolete: 'FindObjectsByType with FindObjectsSortMode parameter has been deprecated. Use FindObjectsByType<T>() or FindObjectsByType<T>(FindObjectsInactive) instead. InstanceID will be replaced in the future with EntityId and previous sort order cannot be maintained.'
[805/820    0s] ILPostProcess Library/Bee/artifacts/200b0aEDbg.dag/post-processed/Tide.App.dll (+pdb)
Processing assembly Library/Bee/artifacts/200b0aEDbg.dag/Tide.App.dll, with 137 defines and 294 references
processors: Unity.Jobs.CodeGen.JobsILPostProcessor, zzzUnity.Burst.CodeGen.BurstILPostProcessor
running Unity.Jobs.CodeGen.JobsILPostProcessor
running zzzUnity.Burst.CodeGen.BurstILPostProcessor
[806/820    0s] CopyFiles Library/ScriptAssemblies/Tide.App.pdb
[807/820    0s] CopyFiles Library/ScriptAssemblies/Tide.App.dll
[808/820    0s] Csc Library/Bee/artifacts/200b0aEDbg.dag/Tide.EditorTools.dll (+2 others)
[809/820    0s] Csc Library/Bee/artifacts/200b0aEDbg.dag/Tide.Tests.Play.dll (+2 others)
[810/820    0s] ILPostProcess Library/Bee/artifacts/200b0aEDbg.dag/post-processed/Tide.EditorTools.dll (+pdb)
Processing assembly Library/Bee/artifacts/200b0aEDbg.dag/Tide.EditorTools.dll, with 135 defines and 305 references
processors: Unity.Jobs.CodeGen.JobsILPostProcessor, zzzUnity.Burst.CodeGen.BurstILPostProcessor
running Unity.Jobs.CodeGen.JobsILPostProcessor
running zzzUnity.Burst.CodeGen.BurstILPostProcessor
[811/820    0s] CopyFiles Library/ScriptAssemblies/Tide.EditorTools.pdb
[812/820    0s] CopyFiles Library/ScriptAssemblies/Tide.EditorTools.dll
[813/820    0s] ILPostProcess Library/Bee/artifacts/200b0aEDbg.dag/post-processed/Tide.Tests.Play.dll (+pdb)
Processing assembly Library/Bee/artifacts/200b0aEDbg.dag/Tide.Tests.Play.dll, with 138 defines and 292 references
processors: Unity.Jobs.CodeGen.JobsILPostProcessor, zzzUnity.Burst.CodeGen.BurstILPostProcessor
running Unity.Jobs.CodeGen.JobsILPostProcessor
running zzzUnity.Burst.CodeGen.BurstILPostProcessor
[814/820    0s] CopyFiles Library/ScriptAssemblies/Tide.Tests.Play.dll
[815/820    0s] CopyFiles Library/ScriptAssemblies/Tide.Tests.Play.pdb
[816/820    0s] Csc Library/Bee/artifacts/200b0aEDbg.dag/Tide.Tests.Sim.dll (+2 others)
Assets/_Project/Tests/EditMode/T0M2Tests.cs(36,79): warning CS1998: This async method lacks 'await' operators and will run synchronously. Consider using the 'await' operator to await non-blocking API calls, or 'await Task.Run(...)' to do CPU-bound work on a background thread.
[817/820    0s] ILPostProcess Library/Bee/artifacts/200b0aEDbg.dag/post-processed/Tide.Tests.Sim.dll (+pdb)
Processing assembly Library/Bee/artifacts/200b0aEDbg.dag/Tide.Tests.Sim.dll, with 136 defines and 301 references
processors: Unity.Jobs.CodeGen.JobsILPostProcessor, zzzUnity.Burst.CodeGen.BurstILPostProcessor
running Unity.Jobs.CodeGen.JobsILPostProcessor
running zzzUnity.Burst.CodeGen.BurstILPostProcessor
[818/820    0s] CopyFiles Library/ScriptAssemblies/Tide.Tests.Sim.dll
[819/820    0s] CopyFiles Library/ScriptAssemblies/Tide.Tests.Sim.pdb
*** Tundra build success (3.26 seconds), 19 items updated, 820 evaluated
Assets/_Project/App/T0GameSession.cs(96,56): warning CS0618: 'FindObjectsSortMode' is obsolete: 'FindObjectsSortMode has been deprecated. Use the FindObjectsByType overloads that do not take a FindObjectsSortMode parameter.'
Assets/_Project/App/T0GameSession.cs(96,28): warning CS0618: 'Object.FindObjectsByType<T>(FindObjectsSortMode)' is obsolete: 'FindObjectsByType with FindObjectsSortMode parameter has been deprecated. Use FindObjectsByType<T>() or FindObjectsByType<T>(FindObjectsInactive) instead. InstanceID will be replaced in the future with EntityId and previous sort order cannot be maintained.'
Assets/_Project/Tests/EditMode/T0M2Tests.cs(36,79): warning CS1998: This async method lacks 'await' operators and will run synchronously. Consider using the 'await' operator to await non-blocking API calls, or 'await Task.Run(...)' to do CPU-bound work on a background thread.
AssetDatabase: script compilation time: 5.822638s
Total cache size 72886336
Total cache size after purge 72886336, took 00:00:00.1080359
Begin MonoManager ReloadAssembly
Symbol file LoadedFromMemory is not a mono symbol file
Native extension for OSXStandalone target not found
Native extension for WebGL target not found
ScheduleIndexationOnStartup MainProcess:True IndexOnStartup:True
Mono: successfully reloaded assembly
- Finished resetting the current domain, in  2.634 seconds
Domain Reload Profiling: 3235ms
	BeginReloadAssembly (185ms)
		DisableScriptedObjects (14ms)
		CreateAndSetChildDomain (40ms)
	RebuildCommonClasses (6ms)
	RebuildNativeTypeToScriptingClass (13ms)
	initialDomainReloadingComplete (30ms)
	LoadAllAssembliesAndSetupDomain (367ms)
		LoadAssemblies (255ms)
		AnalyzeDomain (128ms)
			TypeCache.Refresh (95ms)
				TypeCache.ScanAssembly (85ms)
			BuildScriptInfoCaches (28ms)
			ResolveRequiredComponents (3ms)
	FinalizeReload (2634ms)
		SetupLoadedEditorAssemblies (0ms)
			BeforeProcessingInitializeOnLoad (60ms)
			ProcessInitializeOnLoadAttributes (2104ms)
			ProcessInitializeOnLoadMethodAttributes (304ms)
		AwakeInstancesAfterBackupRestoration (11ms)
Importing 'GUID: 1142bbad8b9e8c44c83a9775ff120d37 - Path: Packages/com.unity.render-pipelines.core/Tests/Editor/UnifiedRayTracing/TraceRays.urtshader' with importer (ScriptedImporter : Unity.Rendering.LightTransport.Editor:UnityEditor.Rendering.UnifiedRayTracing:UnifiedRTShaderImporter)
Launching external process: /Applications/Unity/Hub/Editor/6000.5.6f1/Unity.app/Contents/Helpers/UnityShaderCompiler
Launched and connected shader compiler UnityShaderCompiler after 0.06 seconds
Imported 'GUID: 1142bbad8b9e8c44c83a9775ff120d37' -> (Import Result ID: 'd974182a854bd7ec564893663a1f0c15') in 0.098 seconds [static and dynamic dependencies]. Details - ImportResultOutputID=fc1946655c50077f9e9b69308387967b DependenciesID=763f4d8aea85fef44a5934a30eca4011 StaticDependenciesID=b590610e5fcd8a708a4f2de850e8beb3 
Importing 'GUID: d19f4f8a13b6edb48b986a47ec96402e - Path: Packages/com.unity.render-pipelines.core/Runtime/PathTracing/Shaders/LightmapShadowMaskIntegration.urtshader' with importer (ScriptedImporter : Unity.Rendering.LightTransport.Editor:UnityEditor.Rendering.UnifiedRayTracing:UnifiedRTShaderImporter)
Imported 'GUID: d19f4f8a13b6edb48b986a47ec96402e' -> (Import Result ID: '9ccdfad5f4f12f7849623105e818bf25') in 0.018 seconds [static and dynamic dependencies]. Details - ImportResultOutputID=ff2d02a4e47975453598396cbf51d0bd DependenciesID=692b6a3b638af6bad70953c02bd9208c StaticDependenciesID=49e323bdcc1546638b13bdfb4cfc68f8 
Importing 'GUID: 737a1597422c12547a8714d76a9406ec - Path: Packages/com.unity.render-pipelines.core/Runtime/PathTracing/Shaders/LightmapGBufferDebug.urtshader' with importer (ScriptedImporter : Unity.Rendering.LightTransport.Editor:UnityEditor.Rendering.UnifiedRayTracing:UnifiedRTShaderImporter)
Imported 'GUID: 737a1597422c12547a8714d76a9406ec' -> (Import Result ID: 'dc1f1f6e7ddeac7550e5f75a0e0def2c') in 0.005 seconds [static and dynamic dependencies]. Details - ImportResultOutputID=4d72c2d5b82345ba806c7359b5f61a0a DependenciesID=9ddaf8454a644c4764c7b813f83328fd StaticDependenciesID=3f20227e84078b6c645405c46cb8ba27 
Importing 'GUID: f32463968f29423cad25aee15a14b9f1 - Path: Packages/com.unity.render-pipelines.core/Runtime/Lighting/SurfaceCache/PunctualLightSampling.urtshader' with importer (ScriptedImporter : Unity.Rendering.LightTransport.Editor:UnityEditor.Rendering.UnifiedRayTracing:UnifiedRTShaderImporter)
Imported 'GUID: f32463968f29423cad25aee15a14b9f1' -> (Import Result ID: '9c0a2075f169161d646cf578eaf71c36') in 0.012 seconds [static and dynamic dependencies]. Details - ImportResultOutputID=fd872977d09240d13206b8f392fda2d5 DependenciesID=1b8d612a714a545ff4b8eab79212b935 StaticDependenciesID=4f869afac6e91401aa4f6406345ebaa4 
Importing 'GUID: 1451d029813b192429211be28181beab - Path: Packages/com.unity.render-pipelines.core/Runtime/PathTracing/Shaders/LightmapNormalIntegration.urtshader' with importer (ScriptedImporter : Unity.Rendering.LightTransport.Editor:UnityEditor.Rendering.UnifiedRayTracing:UnifiedRTShaderImporter)
Imported 'GUID: 1451d029813b192429211be28181beab' -> (Import Result ID: 'e906f249c3cadc6c10392fd539456f66') in 0.009 seconds [static and dynamic dependencies]. Details - ImportResultOutputID=45c6e5f7d5f2dccf3e1dd0fcdea25fa3 DependenciesID=2fb5a55e5fa4831dff0b68fea21aa999 StaticDependenciesID=626f7de18fff1a2955b8662085b4dbf4 
Importing 'GUID: 94a070d33e408384bafc1dea4a565df9 - Path: Packages/com.unity.render-pipelines.core/Editor/Lighting/ProbeVolume/RenderingLayerMask/TraceRenderingLayerMask.urtshader' with importer (ScriptedImporter : Unity.Rendering.LightTransport.Editor:UnityEditor.Rendering.UnifiedRayTracing:UnifiedRTShaderImporter)
Imported 'GUID: 94a070d33e408384bafc1dea4a565df9' -> (Import Result ID: '235356a48c0705e7b24982275710c12b') in 0.004 seconds [static and dynamic dependencies]. Details - ImportResultOutputID=78ab2d5f2f27d060579d808bb62f7b61 DependenciesID=c024466ffbec7eea68052c88bf0b4ebb StaticDependenciesID=1fb66491edd8b32229e5d2cbc061e2c6 
Importing 'GUID: 94a39d12848d8d64ca962a72b74e7c50 - Path: Packages/com.unity.render-pipelines.core/Runtime/Lighting/SurfaceCache/Estimation.urtshader' with importer (ScriptedImporter : Unity.Rendering.LightTransport.Editor:UnityEditor.Rendering.UnifiedRayTracing:UnifiedRTShaderImporter)
Imported 'GUID: 94a39d12848d8d64ca962a72b74e7c50' -> (Import Result ID: '89399814a7eb92c2b64fdc0f7042504e') in 0.004 seconds [static and dynamic dependencies]. Details - ImportResultOutputID=6a38fbb3052c7dbb92fd506acd3a3629 DependenciesID=9f82bfe627bef5b424cc6f240e5c40b4 StaticDependenciesID=8d6e14e20b029a55e979a2936b1a7ca7 
Importing 'GUID: 6513c3b892e933c4f8d00c19d5c47532 - Path: Packages/com.unity.render-pipelines.core/Tests/Editor/UnifiedRayTracing/TraceTransparentRays.urtshader' with importer (ScriptedImporter : Unity.Rendering.LightTransport.Editor:UnityEditor.Rendering.UnifiedRayTracing:UnifiedRTShaderImporter)
Imported 'GUID: 6513c3b892e933c4f8d00c19d5c47532' -> (Import Result ID: '4e217a1ec27406487f5f86cfe42719d6') in 0.005 seconds [static and dynamic dependencies]. Details - ImportResultOutputID=cdffa83baddfdc8023b6cdb44926dc59 DependenciesID=47d290f1a691b3075da1d2eb637eaca9 StaticDependenciesID=1d53447eb896b42061753339acb6425c 
Importing 'GUID: 7624adbeb148b5c48ab5ab660cc2602a - Path: Packages/com.unity.render-pipelines.core/Runtime/PathTracing/Shaders/LightmapIndirectIntegration.urtshader' with importer (ScriptedImporter : Unity.Rendering.LightTransport.Editor:UnityEditor.Rendering.UnifiedRayTracing:UnifiedRTShaderImporter)
Imported 'GUID: 7624adbeb148b5c48ab5ab660cc2602a' -> (Import Result ID: '36c36ee092852a0187eb7e666772e70b') in 0.006 seconds [static and dynamic dependencies]. Details - ImportResultOutputID=43c47a076132571ba8e7a1b6d622c1ea DependenciesID=1329073acafcd291e9cb583882063280 StaticDependenciesID=dfa7396d5ca1cf2ef064ee30a15c28cb 
Importing 'GUID: e9f4de6d1e07fb94f9a60d35b618f724 - Path: Packages/com.unity.render-pipelines.core/Runtime/PathTracing/Shaders/LightmapGBufferIntegration.urtshader' with importer (ScriptedImporter : Unity.Rendering.LightTransport.Editor:UnityEditor.Rendering.UnifiedRayTracing:UnifiedRTShaderImporter)
Imported 'GUID: e9f4de6d1e07fb94f9a60d35b618f724' -> (Import Result ID: '2c5a99b66e0c0d66c7ebe8762247d531') in 0.003 seconds [static and dynamic dependencies]. Details - ImportResultOutputID=070eaec947367ddc40b9f2196bdd0758 DependenciesID=1b33af91fb184cbf0e1851ddb7ea0855 StaticDependenciesID=c1c19c6613f9208e5bdf4763e0c6f025 
Importing 'GUID: 5a2a534753fbdb44e96c3c78b5a6999d - Path: Packages/com.unity.render-pipelines.core/Editor/Lighting/ProbeVolume/DynamicGI/DynamicGISkyOcclusion.urtshader' with importer (ScriptedImporter : Unity.Rendering.LightTransport.Editor:UnityEditor.Rendering.UnifiedRayTracing:UnifiedRTShaderImporter)
Imported 'GUID: 5a2a534753fbdb44e96c3c78b5a6999d' -> (Import Result ID: '07fe202943086987dd41f7a136e7c6f8') in 0.003 seconds [static and dynamic dependencies]. Details - ImportResultOutputID=8ac16c01a185cf22d6ee6833110f483e DependenciesID=c0817fe5c8e603af5793c9684bf158c8 StaticDependenciesID=9a3cb12acb0dec6d8b8b546f6957ac54 
Importing 'GUID: 5bbebdef5916845478fcef13fa10d89f - Path: Packages/com.unity.render-pipelines.core/Runtime/PathTracing/Shaders/LightmapDirectIntegration.urtshader' with importer (ScriptedImporter : Unity.Rendering.LightTransport.Editor:UnityEditor.Rendering.UnifiedRayTracing:UnifiedRTShaderImporter)
Imported 'GUID: 5bbebdef5916845478fcef13fa10d89f' -> (Import Result ID: 'fb4b1924f599f0d536e4521be929ef2b') in 0.004 seconds [static and dynamic dependencies]. Details - ImportResultOutputID=a192526b3e2a5698e57c2b2a7cffb1ff DependenciesID=51774b8e0a40fac721425f46acd1f2d5 StaticDependenciesID=ab8dfb6112dd9c39408de08a801f1c40 
Importing 'GUID: fbc59f55df2416344b008dc23753cae2 - Path: Packages/com.unity.render-pipelines.core/Tests/Editor/UnifiedRayTracing/TraceRaysAndFetchAttributes.urtshader' with importer (ScriptedImporter : Unity.Rendering.LightTransport.Editor:UnityEditor.Rendering.UnifiedRayTracing:UnifiedRTShaderImporter)
Imported 'GUID: fbc59f55df2416344b008dc23753cae2' -> (Import Result ID: 'd02865e946271a402d3aa89313af9673') in 0.002 seconds [static and dynamic dependencies]. Details - ImportResultOutputID=4484410c04332179c074a6b340741201 DependenciesID=a794b0702e910c54cd4682bc32b6ae4e StaticDependenciesID=bb4038394feca1bf80603c9ecafaf941 
Importing 'GUID: 1c410815c01ce1d4d82c645c0cd45747 - Path: Packages/com.unity.render-pipelines.core/Runtime/PathTracing/Shaders/LightmapAOIntegration.urtshader' with importer (ScriptedImporter : Unity.Rendering.LightTransport.Editor:UnityEditor.Rendering.UnifiedRayTracing:UnifiedRTShaderImporter)
Imported 'GUID: 1c410815c01ce1d4d82c645c0cd45747' -> (Import Result ID: '857d6da21a85b9add0c0f64845b8dc25') in 0.005 seconds [static and dynamic dependencies]. Details - ImportResultOutputID=534ed70b9d748fa8c8fa1c2f9a98e700 DependenciesID=72c991647bd80c6900d4b173c59d9c44 StaticDependenciesID=2a6f0b41367922b80676f60713a1f940 
Importing 'GUID: 2c32233d92a2d0745930664c087c5c9a - Path: Packages/com.unity.render-pipelines.core/Runtime/PathTracing/Shaders/ProbeIntegrationValidity.urtshader' with importer (ScriptedImporter : Unity.Rendering.LightTransport.Editor:UnityEditor.Rendering.UnifiedRayTracing:UnifiedRTShaderImporter)
Imported 'GUID: 2c32233d92a2d0745930664c087c5c9a' -> (Import Result ID: '53a8fcb94d1a8b55ad88470de00fbb1a') in 0.003 seconds [static and dynamic dependencies]. Details - ImportResultOutputID=bbd8efa74559d9bcf465fbe1bbd02323 DependenciesID=4810dcbc84a9540c6e6dcd0c2d91664e StaticDependenciesID=716f4e45d1a45953f3ce73d3fbf3ee8f 
Importing 'GUID: ace95ac84e213794891b4bd7c9b3c158 - Path: Packages/com.unity.render-pipelines.core/Runtime/PathTracing/Shaders/LightmapValidityIntegration.urtshader' with importer (ScriptedImporter : Unity.Rendering.LightTransport.Editor:UnityEditor.Rendering.UnifiedRayTracing:UnifiedRTShaderImporter)
Imported 'GUID: ace95ac84e213794891b4bd7c9b3c158' -> (Import Result ID: '6ae68151c2258a2db54f0eaa6e0d850c') in 0.004 seconds [static and dynamic dependencies]. Details - ImportResultOutputID=b0878c5250a17d7e5541816f19053cc4 DependenciesID=6e7f016cca4c73a6c2111634521aadb8 StaticDependenciesID=aa8b51d51372d9acaf9acfb058c3fae3 
Importing 'GUID: 5ecdabd800f05984696f22ba95284516 - Path: Packages/com.unity.render-pipelines.core/Runtime/PathTracing/Shaders/ProbeIntegrationIndirect.urtshader' with importer (ScriptedImporter : Unity.Rendering.LightTransport.Editor:UnityEditor.Rendering.UnifiedRayTracing:UnifiedRTShaderImporter)
Imported 'GUID: 5ecdabd800f05984696f22ba95284516' -> (Import Result ID: '33802045e92536d1e1eb281b8faea4b0') in 0.004 seconds [static and dynamic dependencies]. Details - ImportResultOutputID=6031056b88f2ea79393bbc251449ef2f DependenciesID=3213e956c427853efeb2b08a578da956 StaticDependenciesID=2385462edeeea1f1fc9193c7edbfff8e 
Importing 'GUID: 6e0b547bab30a804c8123974120d583f - Path: Packages/com.unity.render-pipelines.core/Tests/Runtime/PathTracing/PathIteratorTest.urtshader' with importer (ScriptedImporter : Unity.Rendering.LightTransport.Editor:UnityEditor.Rendering.UnifiedRayTracing:UnifiedRTShaderImporter)
Imported 'GUID: 6e0b547bab30a804c8123974120d583f' -> (Import Result ID: 'c6766975d143abb99d43f61f8472e2df') in 0.005 seconds [static and dynamic dependencies]. Details - ImportResultOutputID=0719ac8bcf895dbb84b04e2069ad856b DependenciesID=aa866bac0a138e0f1a03026ddb486b02 StaticDependenciesID=d71187151fc008df7658be7f7d10f903 
Importing 'GUID: de3013e16d99f2746ab1735ec06a660b - Path: Packages/com.unity.render-pipelines.core/Runtime/PathTracing/Shaders/ProbeIntegrationOcclusion.urtshader' with importer (ScriptedImporter : Unity.Rendering.LightTransport.Editor:UnityEditor.Rendering.UnifiedRayTracing:UnifiedRTShaderImporter)
Imported 'GUID: de3013e16d99f2746ab1735ec06a660b' -> (Import Result ID: '643bbfd896c171503902ffe1e4c40bc2') in 0.004 seconds [static and dynamic dependencies]. Details - ImportResultOutputID=41c8b17480a2737c0b3ffdb0ccc01b7b DependenciesID=71f9799452c91b523a2bb458fdadfae0 StaticDependenciesID=208d47b8903d77848e11a18b72e01619 
Importing 'GUID: 1f9bfe60b4ad75943a5281839c1a4e5c - Path: Packages/com.unity.render-pipelines.core/Runtime/PathTracing/Shaders/ProbeIntegrationDirect.urtshader' with importer (ScriptedImporter : Unity.Rendering.LightTransport.Editor:UnityEditor.Rendering.UnifiedRayTracing:UnifiedRTShaderImporter)
Imported 'GUID: 1f9bfe60b4ad75943a5281839c1a4e5c' -> (Import Result ID: '65d89e4f7d37e859f963f0d7893db814') in 0.004 seconds [static and dynamic dependencies]. Details - ImportResultOutputID=6d2bfc2f176a1aa4c0929266339e763a DependenciesID=4c4f19844ec4b23e64fefd0700eeeff2 StaticDependenciesID=11eb62a12594dcb52ff4b378a213954b 
Importing 'GUID: ff2cbab5da58bf04d82c5f34037ed123 - Path: Packages/com.unity.render-pipelines.core/Editor/Lighting/ProbeVolume/VirtualOffset/TraceVirtualOffset.urtshader' with importer (ScriptedImporter : Unity.Rendering.LightTransport.Editor:UnityEditor.Rendering.UnifiedRayTracing:UnifiedRTShaderImporter)
Imported 'GUID: ff2cbab5da58bf04d82c5f34037ed123' -> (Import Result ID: '43cb7cd19366a6f99818b0db05035a81') in 0.003 seconds [static and dynamic dependencies]. Details - ImportResultOutputID=566d3112f5f2bb7acd194c92442a8f59 DependenciesID=9b0f37a3e8df4b56f5e8bb68ec06856e StaticDependenciesID=01d1bb4a8db62c88e4fe35fdba25fa75 
Starting new worker id: 0 with log in /Users/jangyoung/orca/unknown/unity/Unknown/Logs/AssetImportWorkerHW0.log

Asset Pipeline Refresh (id=82b871878c09542828a3344de4b9169b): Total: 10.501 seconds - Initiated by InitialRefreshV2(ForceSynchronousImport)
	(Values over 0.05ms)
	Summary:
		Imports: total=21 (actual=21, local cache=0, cache server=0)
		Asset DB Process Time: managed=4 ms, native=3689 ms
		Asset DB Callback time: managed=244 ms, native=69 ms
		Scripting: domain reloads=1, domain reload time=625 ms, compile time=5824 ms, other=43 ms
		Project Asset Count: scripts=1110, non-scripts=1940
		Asset File Changes: new=2, changed=4, moved=0, deleted=0
		Scan Filter Count: 1
	InvokePackagesCallback: 20.072ms
	ApplyChangesToAssetFolders: 0.241ms
	Scan: 487.598ms
	Collect global state as custom dependencies: 12.037ms
	OnSourceAssetsModified: 0.359ms
	CategorizeScriptCompilationAssets: 30.166ms
	ProcessAssetsWithTransientArtifactChanges: 40.234ms
	CategorizeAssets: 88.871ms
	CompileScripts: 5823.766ms
	ImportOutOfDateAssets: 2901.539ms (2645.541ms without children)
		ImportManagerImport: 225.143ms (1.455ms without children)
			UpdateCategorizedAssets: 1.155ms
		UnloadImportedAssets: 2.420ms
		ReloadImportedAssets: 1.045ms
		EnsureUptoDateAssetsAreRegisteredWithGuidPM: 0.432ms
		ImportSchedulerStart: 27.972ms
	PostProcessAllAssets: 290.199ms
		ComputeShaderImportPostprocess 22.894ms
		RaytracingShaderImportPostprocess 16.764ms
		VCAutoAddAssetPostprocess 5.467ms
		PostProcessCallbackCreateDeferredMaterials 0.203ms
		XRBuildSystem.XRAssetImported 0.051ms
		MonoPostProcessAllAssets: 242.200ms
			AssetPostprocessor.OnPostprocessAllAssets 159.047ms
			UniversalRenderPipelineGlobalSettingsPostprocessor.OnPostprocessAllAssets 18.074ms
			StyleCatalogPostProcessor.OnPostprocessAllAssets 14.235ms
			SyncVS.PostprocessSyncProject 6.511ms
			ShaderGraphAssetPostProcessor.OnPostprocessAllAssets 5.549ms
			AssetPathToTypes.OnPostprocessAllAssets 4.829ms
			BuilderAssetPostprocessor.OnPostprocessAllAssets 3.892ms
			SpeedTree9Postprocessor.OnPostprocessAllAssets 2.606ms
			TerrainToolbarOverlayPostProcessor.OnPostprocessAllAssets 2.587ms
			RetainedModeAssetPostprocessor.OnPostprocessAllAssets 2.227ms
			AssetChangedListener.OnPostprocessAllAssets 2.051ms
			LocalizationAssetPostProcessor.OnPostprocessAllAssets 1.940ms
			WindowAssetPostprocessingWatcher.OnPostprocessAllAssets 1.380ms
			MaterialPostprocessor.OnPostprocessAllAssets 0.980ms
			PostProcessor.OnPostprocessAllAssets 0.891ms
			AddressablesAssetPostProcessor.OnPostprocessAllAssets 0.751ms
			InputActionAssetPostprocessor.OnPostprocessAllAssets 0.687ms
			EditModeScopePostprocessor.OnPostprocessAllAssets 0.655ms
			TextAssetPostProcessor.OnPostprocessAllAssets 0.642ms
			InputActionJsonNameModifierAssetProcessor.OnPostprocessAllAssets 0.455ms
			RenderPipelineGlobalSettingsPostprocessor.OnPostprocessAllAssets 0.422ms
			AudioMixerPostprocessor.OnPostprocessAllAssets 0.356ms
			ArtifactBrowserPostProcessor.OnPostprocessAllAssets 0.308ms
			SampleDependencyImporterPostProcessor.OnPostprocessAllAssets 0.266ms
			ShaderReflectionAssetPostProcessor.OnPostprocessAllAssets 0.231ms
			TMPro_TexturePostProcessor.OnPostprocessAllAssets 0.219ms
			AssetEvents.OnPostprocessAllAssets 0.179ms
			ProjectSettingsPostprocessor.OnPostprocessAllAssets 0.173ms
			SpeedTreePostProcessor.OnPostprocessAllAssets 0.173ms
			ReferencedClipsPostProcessor.OnPostprocessAllAssets 0.109ms
			AssetDatabaseCallbacks.OnPostprocessAllAssets 0.107ms
			ConfigAssetsTracker.OnPostprocessAllAssets 0.084ms
			ScenarioDriftAssetsTracker.OnPostprocessAllAssets 0.073ms
			AudioContainerPostProcessor.OnPostprocessAllAssets 0.056ms
	PostAssetChangesProfiler: 4.168ms
	UnloadStreamsBegin: 1.140ms
	PersistCurrentRevisions: 0.416ms
	GenerateScriptTypeHashes: 1.440ms
	GenerateScriptTypeSerializationHashes: 2.504ms
	Untracked: 797.595ms

Application.AssetDatabase Initial Refresh End
Shader Hidden/ChartRasterizerHardware is not supported: GPU does not support conservative rasterization
Shader Hidden/ChartRasterizerHardware is not supported: GPU does not support conservative rasterization
Scanning for USB devices : 0.048ms
Initializing Unity extensions:
[MODES] ModeService[none].Initialize
[MODES] ModeService[none].LoadModes
[MODES] Loading mode Default (0) for mode-current-id-Unknown T0
2026-09-11 01:31:56.391 Unity[86698:145320244] NSEventModifierFlagFunction specified to -setKeyEquivalentModifierMask: for item <NSMenuItem: 0x839a6b2a0 SDF, ke='Command-F12'>, but is only supported for system-provided menu items; will not be used
Unloading 84 Unused Serialized files (Serialized files now loaded: 0)
Unloading 4780 unused Assets / (7.8 MB). Loaded Objects now: 5581.
Memory consumption went from 262.0 MB to 254.2 MB.
Total: 12.016583 ms (FindLiveObjects: 0.344916 ms CreateObjectMapping: 1.427084 ms MarkObjects: 6.998000 ms  DeleteObjects: 3.246000 ms)

2026-09-11 01:31:56.466 Unity[86698:145320244] NSEventModifierFlagFunction specified to -setKeyEquivalentModifierMask: for item <NSMenuItem: 0x839a685a0 SDF, ke='Command-F12'>, but is only supported for system-provided menu items; will not be used
Importing 'GUID: 9c744dd607a9f4bb2ac19e59487d85ed - Path: Assets/_Project/Art/Candidates/c1-patrol-panel-r01' with importer (DefaultImporter)
Imported 'GUID: 9c744dd607a9f4bb2ac19e59487d85ed' -> (Import Result ID: '55ba64e388a26d95fff57175ec9ff62c') in 0.002 seconds [static dependencies only]. Details - ImportResultOutputID=aaa42de31dac985e166e599cc89193e8 DependenciesID=02a942e6593f989ceeb8d0b83ce433cb StaticDependenciesID=f140dc1494c3db6d40a66926c9ccf0b9 
Importing 'GUID: 856518904a8d9494eb83ec738e8ec98f - Path: Assets/_Project/Art/Candidates/c1-patrol-panel-r01/textures' with importer (DefaultImporter)
Imported 'GUID: 856518904a8d9494eb83ec738e8ec98f' -> (Import Result ID: 'ce59fce3d49d459b9cca3e0b774a0c99') in 0.001 seconds [static dependencies only]. Details - ImportResultOutputID=521936d2481b794df0a84ef922aaccd6 DependenciesID=82cecac654d153787f6dab2063441412 StaticDependenciesID=e87c790ea6e18301db0b29589ea9b4aa 
Importing 'GUID: d0dc8328f17124a48920b89484c798ce - Path: Assets/_Project/Art/Candidates/c1-patrol-panel-r01/textures/MAT_C1_Panel_Casting_Roughness.png' with importer (TextureImporter)
Imported 'GUID: d0dc8328f17124a48920b89484c798ce' -> (Import Result ID: 'e016822287514144790ffc034368b750') in 0.034 seconds [static and dynamic dependencies]. Details - ImportResultOutputID=4402d02dcbb7e514219cad65a07d4a6f DependenciesID=a607ec8c2d9fe946186d9dc81cfce406 StaticDependenciesID=211d59d3929be3e9073decf97697b847 
Importing 'GUID: 63dbbf33a01be4d44a4fbc42ea58a4fc - Path: Assets/_Project/Art/Candidates/c1-patrol-panel-r01/textures/MAT_C1_Panel_Casting_BaseColor.png' with importer (TextureImporter)
Imported 'GUID: 63dbbf33a01be4d44a4fbc42ea58a4fc' -> (Import Result ID: 'ba864fa71a17c5db9b4db703ecd18334') in 0.017 seconds [static and dynamic dependencies]. Details - ImportResultOutputID=1542f43e00a233366991ca8b621a49c8 DependenciesID=131f8f5183725c13a2e6bb722e8aec20 StaticDependenciesID=fa4ec751743ffe86325dcfb71586e201 
Importing 'GUID: c46fdba43e4fa4f66a32628b399c88e0 - Path: Assets/_Project/Art/Candidates/c1-patrol-panel-r01/textures/MAT_C1_Panel_Patina_BaseColor.png' with importer (TextureImporter)
Imported 'GUID: c46fdba43e4fa4f66a32628b399c88e0' -> (Import Result ID: 'ce0d9df7b63972098c650768f353203d') in 0.016 seconds [static and dynamic dependencies]. Details - ImportResultOutputID=576a6a04599d58a02a96125dbe247c52 DependenciesID=bceb6a848a565941849a70169a889ccc StaticDependenciesID=2e3005446632a890c90e6695d7906a3c 
Importing 'GUID: 4efd16a27f0af4f308d9881385ffb578 - Path: Assets/_Project/Art/Candidates/c1-patrol-panel-r01/textures/MAT_C1_Panel_Patina_Roughness.png' with importer (TextureImporter)
Imported 'GUID: 4efd16a27f0af4f308d9881385ffb578' -> (Import Result ID: 'a7ca7ebeb405cd2b9087f07e1d8f3c22') in 0.014 seconds [static and dynamic dependencies]. Details - ImportResultOutputID=597a374b3c2f2f0dbb62ba0c82670626 DependenciesID=4a6e63c6c51c4e35864d544609a9cd44 StaticDependenciesID=2f9b512e56e05519345f67faf92b1db1 
Importing 'GUID: b671e592ff30d4101bf0e9d17e0674a0 - Path: Assets/_Project/Art/Candidates/c1-patrol-panel-r01/Panel.fbx' with importer (FBXImporter)
Imported 'GUID: b671e592ff30d4101bf0e9d17e0674a0' -> (Import Result ID: '26d81b6156cda46cf60fb8ba77150246') in 0.067 seconds [static and dynamic dependencies]. Details - ImportResultOutputID=cb39a2cba328085b79e64a6c271436d3 DependenciesID=e6d445b54620ae132caeca4d07a8da53 StaticDependenciesID=d8ee135e60d0acbfa5649c4a9251eb03 

Asset Pipeline Refresh (id=db0ad4e87701048f5a2023e89c9d3d26): Total: 0.424 seconds - Initiated by RefreshV2(NoUpdateAssetOptions)
	(Values over 0.05ms)
	Summary:
		Imports: total=7 (actual=7, local cache=0, cache server=0)
		Asset DB Process Time: managed=25 ms, native=388 ms
		Asset DB Callback time: managed=8 ms, native=1 ms
		Scripting: domain reloads=0, domain reload time=0 ms, compile time=0 ms, other=0 ms
		Project Asset Count: scripts=1112, non-scripts=1945
		Asset File Changes: new=7, changed=7, moved=0, deleted=0
		Scan Filter Count: 1
	ApplyChangesToAssetFolders: 0.125ms
	Scan: 195.444ms
	Collect global state as custom dependencies: 0.393ms
	OnSourceAssetsModified: 0.424ms
	ProcessAssetsWithTransientArtifactChanges: 0.159ms
	CategorizeAssets: 25.788ms
	ImportOutOfDateAssets: 184.828ms (6.161ms without children)
		ImportManagerImport: 153.481ms (0.587ms without children)
			UpdateCategorizedAssets: 0.088ms
		UnloadImportedAssets: 0.112ms
		EnsureUptoDateAssetsAreRegisteredWithGuidPM: 0.318ms
		ImportSchedulerStart: 24.713ms
	PostProcessAllAssets: 8.668ms
		XRBuildSystem.XRAssetImported 0.269ms
		MonoPostProcessAllAssets: 7.634ms
			AssetPostprocessor.OnPostprocessAllAssets 3.068ms
			TMPro_TexturePostProcessor.OnPostprocessAllAssets 1.919ms
			TextAssetPostProcessor.OnPostprocessAllAssets 0.948ms
			ShaderGraphAssetPostProcessor.OnPostprocessAllAssets 0.529ms
			LocalizationAssetPostProcessor.OnPostprocessAllAssets 0.203ms
			SpeedTree9Postprocessor.OnPostprocessAllAssets 0.163ms
			PostProcessor.OnPostprocessAllAssets 0.101ms
			InputActionAssetPostprocessor.OnPostprocessAllAssets 0.064ms
			RenderPipelineGlobalSettingsPostprocessor.OnPostprocessAllAssets 0.060ms
			InputActionJsonNameModifierAssetProcessor.OnPostprocessAllAssets 0.051ms
			MaterialPostprocessor.OnPostprocessAllAssets 0.051ms
	PostAssetChangesProfiler: 0.787ms
	GatherAllCurrentPrimaryImportResultRevisions: 0.183ms
	PersistCurrentRevisions: 0.395ms
	Untracked: 5.042ms

Importing 'GUID: 63dbbf33a01be4d44a4fbc42ea58a4fc - Path: Assets/_Project/Art/Candidates/c1-patrol-panel-r01/textures/MAT_C1_Panel_Casting_BaseColor.png' with importer (TextureImporter)
Imported 'GUID: 63dbbf33a01be4d44a4fbc42ea58a4fc' -> (Import Result ID: '55548f922e9797d048f0bbd342702064') in 0.019 seconds [static and dynamic dependencies]. Details - ImportResultOutputID=475d4d3cce17ae32b1101764f184add2 DependenciesID=5aca7731536f96a8998ac47ef9247820 StaticDependenciesID=b763d9afdfc8f5b27782c6e27e0d512a 
Asset Pipeline Refresh (id=b455e6a578a024edeba16068f3cf7207): Total: 0.080 seconds - Initiated by StopAssetImportingV2(NoUpdateAssetOptions)
Importing 'GUID: d0dc8328f17124a48920b89484c798ce - Path: Assets/_Project/Art/Candidates/c1-patrol-panel-r01/textures/MAT_C1_Panel_Casting_Roughness.png' with importer (TextureImporter)
Imported 'GUID: d0dc8328f17124a48920b89484c798ce' -> (Import Result ID: '7a07284d01cd7eaecfe512416388059a') in 0.011 seconds [static and dynamic dependencies]. Details - ImportResultOutputID=236cd364b79afcbc9c0f2f3a98e6394b DependenciesID=87b103b306d7070f273a3344c5ecc86f StaticDependenciesID=e0f6c7e71d272642b99101e77a718974 
Asset Pipeline Refresh (id=f2d8346296d514724840f9aad643cdeb): Total: 0.077 seconds - Initiated by StopAssetImportingV2(NoUpdateAssetOptions)
Importing 'GUID: c46fdba43e4fa4f66a32628b399c88e0 - Path: Assets/_Project/Art/Candidates/c1-patrol-panel-r01/textures/MAT_C1_Panel_Patina_BaseColor.png' with importer (TextureImporter)
Imported 'GUID: c46fdba43e4fa4f66a32628b399c88e0' -> (Import Result ID: 'f2f62374898af00db714b4fe0d9fc017') in 0.015 seconds [static and dynamic dependencies]. Details - ImportResultOutputID=c0ce01ddb85fc582d68cd67375e73e30 DependenciesID=2d42dc326bead21326d2ab42c24c6692 StaticDependenciesID=eb8f0dd46ce8e1deb15ae14148b4996f 
Asset Pipeline Refresh (id=23de26eb1ae2f43f195c2244f49662db): Total: 0.075 seconds - Initiated by StopAssetImportingV2(NoUpdateAssetOptions)
Worker ready: AssetImportWorkerHW0 0
Importing 'GUID: 4efd16a27f0af4f308d9881385ffb578 - Path: Assets/_Project/Art/Candidates/c1-patrol-panel-r01/textures/MAT_C1_Panel_Patina_Roughness.png' with importer (TextureImporter)
Imported 'GUID: 4efd16a27f0af4f308d9881385ffb578' -> (Import Result ID: '4e1aaad28f823bfdeb9d43c0b7574765') in 0.013 seconds [static and dynamic dependencies]. Details - ImportResultOutputID=5d5a86d835ec7dc3cdc8fb5c1f740eaf DependenciesID=a501f8d9e9278e1f762f67d97cc0f2bc StaticDependenciesID=60c653bf5457d7e9047b0f21a70adce1 
Asset Pipeline Refresh (id=e2803495e79af4bb3ba5c4e862b8786b): Total: 0.074 seconds - Initiated by StopAssetImportingV2(NoUpdateAssetOptions)
Unloading 0 Unused Serialized files (Serialized files now loaded: 0)
Unloading 8 unused Assets / (5.1 KB). Loaded Objects now: 5581.
Memory consumption went from 216.3 MB to 216.3 MB.
Total: 6.726333 ms (FindLiveObjects: 0.165917 ms CreateObjectMapping: 0.497625 ms MarkObjects: 6.040375 ms  DeleteObjects: 0.022125 ms)

Importing 'GUID: 9f884f095281f44438f4ab698295286b - Path: Assets/_Project/Art/Candidates/c1-patrol-panel-r01/MAT_C1_Panel_Blank_Paper.mat' with importer (NativeFormatImporter)
Imported 'GUID: 9f884f095281f44438f4ab698295286b' -> (Import Result ID: '108de293272272161ff2f1dab11b410b') in 0.003 seconds [static dependencies only]. Details - ImportResultOutputID=d902ab091d3e01664ec08f525ec7c234 DependenciesID=92ba342fd413c860909c69aa5da065ca StaticDependenciesID=18e14c3adbd79af8f0828dca9eddb0e3 
Asset Pipeline Refresh (id=2e4c1c76a2a064f33ba19c326f91ff1f): Total: 0.063 seconds - Initiated by StopAssetImportingV2(NoUpdateAssetOptions)
Importing 'GUID: 7d5432344433848dda15bd897e33fa4b - Path: Assets/_Project/Art/Candidates/c1-patrol-panel-r01/MAT_C1_Panel_Casting.mat' with importer (NativeFormatImporter)
Imported 'GUID: 7d5432344433848dda15bd897e33fa4b' -> (Import Result ID: 'e89c4d85df9ea8d4230dcad514983de2') in 0.001 seconds [static dependencies only]. Details - ImportResultOutputID=47acb770602bd59f4a5744eea4a386fb DependenciesID=c77467688afb050f97ab6100aafa5f4d StaticDependenciesID=627407b9259e99cf8b04456afe01e1fc 
Asset Pipeline Refresh (id=dc566da7a7e7947e188fb27633d1619a): Total: 0.056 seconds - Initiated by StopAssetImportingV2(NoUpdateAssetOptions)
Importing 'GUID: 3830a336d6b7949539f75c8505554565 - Path: Assets/_Project/Art/Candidates/c1-patrol-panel-r01/MAT_C1_Panel_Lamp_Lens.mat' with importer (NativeFormatImporter)
Imported 'GUID: 3830a336d6b7949539f75c8505554565' -> (Import Result ID: '222caa0214163fa5157d3417b363f3f4') in 0.001 seconds [static dependencies only]. Details - ImportResultOutputID=c23ce71720bc7d8ec33affcccd83ae1e DependenciesID=d4dfb54f2a223717cff6863a3eb1995f StaticDependenciesID=56b8bbcea18b746b04d3b9cc5ff92bb1 
Asset Pipeline Refresh (id=2485f0ce6ec00425e97c401e1cff46fd): Total: 0.057 seconds - Initiated by StopAssetImportingV2(NoUpdateAssetOptions)
Importing 'GUID: 390c8b732442a4ebd98c5cb46e01e81a - Path: Assets/_Project/Art/Candidates/c1-patrol-panel-r01/MAT_C1_Panel_Patina.mat' with importer (NativeFormatImporter)
Imported 'GUID: 390c8b732442a4ebd98c5cb46e01e81a' -> (Import Result ID: 'cc5f1f2e80af6bbcd3dfeb2af2209bd5') in 0.001 seconds [static dependencies only]. Details - ImportResultOutputID=716e869d5e1fe05059e9267fdddb083d DependenciesID=4e5fe7657da67532c4aab89f2639f01b StaticDependenciesID=fde76ca0833570e4fe12a24643dac8aa 
Asset Pipeline Refresh (id=45a120642d1284d629a694c4b5c317a3): Total: 0.098 seconds - Initiated by StopAssetImportingV2(NoUpdateAssetOptions)
Importing 'GUID: 1a55cfc7be5dd4af28d227c8523c8785 - Path: Assets/_Project/Art/Candidates/c1-patrol-panel-r01/MAT_C1_Panel_Recess.mat' with importer (NativeFormatImporter)
Imported 'GUID: 1a55cfc7be5dd4af28d227c8523c8785' -> (Import Result ID: '23d25d8c4821e299456c6f99b2c403d5') in 0.002 seconds [static dependencies only]. Details - ImportResultOutputID=290b1219b1419355250e3ca1d6a878c8 DependenciesID=63ff19013fd5f51ac213f9b3c4487edd StaticDependenciesID=e3dc2f14cac2e4844a3c8f980ec641ca 
Asset Pipeline Refresh (id=48c0b2ce2243a42a3abd6bad087f29a0): Total: 0.218 seconds - Initiated by StopAssetImportingV2(NoUpdateAssetOptions)
Importing 'GUID: 86d804f708637488082783f12faa4972 - Path: Assets/_Project/Art/Candidates/c1-patrol-panel-r01/MAT_C1_Panel_Salt_Porcelain.mat' with importer (NativeFormatImporter)
Imported 'GUID: 86d804f708637488082783f12faa4972' -> (Import Result ID: 'a57d147c05a237d8fa1ddbf5b97c475b') in 0.001 seconds [static dependencies only]. Details - ImportResultOutputID=566211aa1563894e3dbdd827cf64589c DependenciesID=37628615b299b3f0b115af3d2bf142e8 StaticDependenciesID=1b38791504fb2caf7293ac4298aea4e3 
Asset Pipeline Refresh (id=7589a1fc741c54756817211f96cd1aa9): Total: 0.051 seconds - Initiated by StopAssetImportingV2(NoUpdateAssetOptions)
Importing 'GUID: 8e19111b18d774732af1b8aa88b4b2a7 - Path: Assets/_Project/Art/Candidates/c1-patrol-panel-r01/PanelDiagnostic.prefab' with importer (PrefabImporter)
Imported 'GUID: 8e19111b18d774732af1b8aa88b4b2a7' -> (Import Result ID: '4de59d8722b7ffadef28eeeedaa38f15') in 0.005 seconds [static and dynamic dependencies]. Details - ImportResultOutputID=97e7d70d65cdb99f3b359963a1c6f184 DependenciesID=7aa9d05de0b34756dd92987be14ddfa8 StaticDependenciesID=0f2e50bd7480515adb1395d413121d42 
Asset Pipeline Refresh (id=665a65f308abb417fa72d8e66f4e7ac6): Total: 0.056 seconds - Initiated by StopAssetImportingV2(NoUpdateAssetOptions)
Importing 'GUID: dedf4f91d93bf4ef18efc72e6a6fa727 - Path: Assets/_Project/Resources/C1View.asset' with importer (NativeFormatImporter)
Imported 'GUID: dedf4f91d93bf4ef18efc72e6a6fa727' -> (Import Result ID: 'a0face7cbccce6b57da9728936f48658') in 0.001 seconds [static dependencies only]. Details - ImportResultOutputID=332e20d947ada1610c9e71377eafc021 DependenciesID=e4e071497e16b503e9e7709b8ad6f4f5 StaticDependenciesID=83a6dc572f964835b17269b3ecfc391e 
Asset Pipeline Refresh (id=fc20a0ea1c633411fa6002329ede6145): Total: 0.053 seconds - Initiated by StopAssetImportingV2(NoUpdateAssetOptions)
Importing 'GUID: 86d804f708637488082783f12faa4972 - Path: Assets/_Project/Art/Candidates/c1-patrol-panel-r01/MAT_C1_Panel_Salt_Porcelain.mat' with importer (NativeFormatImporter)
Imported 'GUID: 86d804f708637488082783f12faa4972' -> (Import Result ID: '3cf4e1a58cf2107e73403c6cd196c7d4') in 0.001 seconds [static dependencies only]. Details - ImportResultOutputID=566211aa1563894e3dbdd827cf64589c DependenciesID=c46333e0d32b8f403a42a9094cb3ec9b StaticDependenciesID=c3304dc45f7ccff1d6094da7afc55385 
Importing 'GUID: 3830a336d6b7949539f75c8505554565 - Path: Assets/_Project/Art/Candidates/c1-patrol-panel-r01/MAT_C1_Panel_Lamp_Lens.mat' with importer (NativeFormatImporter)
Imported 'GUID: 3830a336d6b7949539f75c8505554565' -> (Import Result ID: 'b28e1000926331512d8fadff57242140') in 0.001 seconds [static dependencies only]. Details - ImportResultOutputID=c23ce71720bc7d8ec33affcccd83ae1e DependenciesID=6fdff6f4c3fddbe5d2e90672290a40bb StaticDependenciesID=18c86a2eb82ed09420996f73a0f60bd3 
Importing 'GUID: 390c8b732442a4ebd98c5cb46e01e81a - Path: Assets/_Project/Art/Candidates/c1-patrol-panel-r01/MAT_C1_Panel_Patina.mat' with importer (NativeFormatImporter)
Imported 'GUID: 390c8b732442a4ebd98c5cb46e01e81a' -> (Import Result ID: '8667c554128e25fe031b20887741a791') in 0.000 seconds [static dependencies only]. Details - ImportResultOutputID=716e869d5e1fe05059e9267fdddb083d DependenciesID=6d512e81d59f6605edb27ed5eb353f79 StaticDependenciesID=dd7e29e9eae73487e0778a382966dc34 
Importing 'GUID: 1a55cfc7be5dd4af28d227c8523c8785 - Path: Assets/_Project/Art/Candidates/c1-patrol-panel-r01/MAT_C1_Panel_Recess.mat' with importer (NativeFormatImporter)
Imported 'GUID: 1a55cfc7be5dd4af28d227c8523c8785' -> (Import Result ID: '744a184f1246042b845f3a07a9da3bee') in 0.004 seconds [static dependencies only]. Details - ImportResultOutputID=290b1219b1419355250e3ca1d6a878c8 DependenciesID=1cb20486563ebce73b460336abe66488 StaticDependenciesID=0f76bf4f54cfb029754aaade905f3862 
Importing 'GUID: 7d5432344433848dda15bd897e33fa4b - Path: Assets/_Project/Art/Candidates/c1-patrol-panel-r01/MAT_C1_Panel_Casting.mat' with importer (NativeFormatImporter)
Imported 'GUID: 7d5432344433848dda15bd897e33fa4b' -> (Import Result ID: 'f78ca68ab12ba6bd65c20395aa4edf8c') in 0.001 seconds [static dependencies only]. Details - ImportResultOutputID=47acb770602bd59f4a5744eea4a386fb DependenciesID=ff6af6584b86d7223486eafc10303bc6 StaticDependenciesID=425dfd4d94f66f0d49597eea096f595a 
Importing 'GUID: 9f884f095281f44438f4ab698295286b - Path: Assets/_Project/Art/Candidates/c1-patrol-panel-r01/MAT_C1_Panel_Blank_Paper.mat' with importer (NativeFormatImporter)
Imported 'GUID: 9f884f095281f44438f4ab698295286b' -> (Import Result ID: 'e341f6f74fa1b78daa61011eef5b3979') in 0.000 seconds [static dependencies only]. Details - ImportResultOutputID=d902ab091d3e01664ec08f525ec7c234 DependenciesID=9a8b660e2f9d07665a65e123d8f06208 StaticDependenciesID=2dc40d584367988fd0d376a6f0477ae4 
Importing 'GUID: dedf4f91d93bf4ef18efc72e6a6fa727 - Path: Assets/_Project/Resources/C1View.asset' with importer (NativeFormatImporter)
Imported 'GUID: dedf4f91d93bf4ef18efc72e6a6fa727' -> (Import Result ID: 'bc9f367a5f10c94426c52abfa757a896') in 0.000 seconds [static dependencies only]. Details - ImportResultOutputID=332e20d947ada1610c9e71377eafc021 DependenciesID=323d3d54314d6efef05d90824f704292 StaticDependenciesID=ab17bfa7fefc238e93dcf8b60da65283 
Asset Pipeline Refresh (id=ee4079238fc28406f8f58328c1234fd8): Total: 0.060 seconds - Initiated by StopAssetImportingV2(NoUpdateAssetOptions)
C1_PANEL_NATIVE_DIAGNOSTIC {
  "runtimeEligible": false,
  "sourceClaim": "static authored panel; no live readings or branch animations",
  "materials": [
    {
      "name": "MAT_C1_Panel_Blank_Paper",
      "baseMapBound": false,
      "roughnessBound": false,
      "shaderSupported": true
    },
    {
      "name": "MAT_C1_Panel_Casting",
      "baseMapBound": true,
      "roughnessBound": true,
      "shaderSupported": true
    },
    {
      "name": "MAT_C1_Panel_Lamp_Lens",
      "baseMapBound": false,
      "roughnessBound": false,
      "shaderSupported": true
    },
    {
      "name": "MAT_C1_Panel_Patina",
      "baseMapBound": true,
      "roughnessBound": true,
      "shaderSupported": true
    },
    {
      "name": "MAT_C1_Panel_Recess",
      "baseMapBound": false,
      "roughnessBound": false,
      "shaderSupported": true
    },
    {
      "name": "MAT_C1_Panel_Salt_Porcelain",
      "baseMapBound": false,
      "roughnessBound": false,
      "shaderSupported": true
    }
  ],
  "meshCount": 6,
  "triangles": 2092,
  "boundsCenter": [
    -5.96046448E-08,
    -0.04482381,
    -0.46
  ],
  "boundsSize": [
    1.10000014,
    0.403647542,
    0.920000136
  ]
}
UnityEngine.Debug:ExtractStackTraceNoAlloc (byte*,int,string)
UnityEngine.StackTraceUtility:ExtractStackTrace () (at /Users/bokken/build/output/unity/unity/Runtime/Export/Scripting/StackTrace.cs:35)
UnityEngine.DebugLogHandler:Internal_Log (UnityEngine.LogType,UnityEngine.LogOption,string,UnityEngine.Object)
UnityEngine.DebugLogHandler:LogFormat (UnityEngine.LogType,UnityEngine.Object,string,object[])
UnityEngine.Logger:Log (UnityEngine.LogType,object)
UnityEngine.Debug:Log (object)
Tide.EditorTools.C1ProjectBuilder:ImportAndCapture () (at Assets/_Project/Editor/C1ProjectBuilder.cs:66)

(Filename: Assets/_Project/Editor/C1ProjectBuilder.cs Line: 66)

Batchmode quit successfully invoked - shutting down!
Importing 'GUID: 86d804f708637488082783f12faa4972 - Path: Assets/_Project/Art/Candidates/c1-patrol-panel-r01/MAT_C1_Panel_Salt_Porcelain.mat' with importer (NativeFormatImporter)
Imported 'GUID: 86d804f708637488082783f12faa4972' -> (Import Result ID: 'ecf171264d8fe42a3e4dd7bd9dc48071') in 0.006 seconds [static dependencies only]. Details - ImportResultOutputID=566211aa1563894e3dbdd827cf64589c DependenciesID=9de176ff4f19becf58c9675a577681fc StaticDependenciesID=db325ddc3cec5ecc9fe698675bf29508 
Importing 'GUID: 3830a336d6b7949539f75c8505554565 - Path: Assets/_Project/Art/Candidates/c1-patrol-panel-r01/MAT_C1_Panel_Lamp_Lens.mat' with importer (NativeFormatImporter)
Imported 'GUID: 3830a336d6b7949539f75c8505554565' -> (Import Result ID: 'b997f3bfc96beddb25cd322b21470ac5') in 0.001 seconds [static dependencies only]. Details - ImportResultOutputID=c23ce71720bc7d8ec33affcccd83ae1e DependenciesID=cfa56bc026a0b6eb926de1ab5b8cedc8 StaticDependenciesID=a078366e87e6632f73b56e72316d0548 
Importing 'GUID: 1a55cfc7be5dd4af28d227c8523c8785 - Path: Assets/_Project/Art/Candidates/c1-patrol-panel-r01/MAT_C1_Panel_Recess.mat' with importer (NativeFormatImporter)
Imported 'GUID: 1a55cfc7be5dd4af28d227c8523c8785' -> (Import Result ID: 'f164b6c1b8c1f28f04337c76543ca81d') in 0.001 seconds [static dependencies only]. Details - ImportResultOutputID=290b1219b1419355250e3ca1d6a878c8 DependenciesID=246400bd97fd0815d5567df0c95fe8f8 StaticDependenciesID=a736dee867c118de6b0d07b9a7ec57dc 
Importing 'GUID: 9f884f095281f44438f4ab698295286b - Path: Assets/_Project/Art/Candidates/c1-patrol-panel-r01/MAT_C1_Panel_Blank_Paper.mat' with importer (NativeFormatImporter)
Imported 'GUID: 9f884f095281f44438f4ab698295286b' -> (Import Result ID: 'baf0542a045c2151ba7b61014ad907ee') in 0.000 seconds [static dependencies only]. Details - ImportResultOutputID=d902ab091d3e01664ec08f525ec7c234 DependenciesID=4112852b3d2414be26bc2d17c015755e StaticDependenciesID=eba7d5972af96cdfc54a84e87176fc4d 
Asset Pipeline Refresh (id=e69079e6b680e455db6dbde188c610b5): Total: 0.069 seconds - Initiated by StopAssetImportingV2(NoUpdateAssetOptions)
Thread 0x31f8fb000 may have been prematurely finalized
Input System module state changed to: ShutdownInProgress.
Input Polling Thread exited.
Input System module state changed to: Shutdown.
MSBuild 서버을(를) 종료하는 중...
VB/C# 컴파일러 서버을(를) 종료하는 중...
[Physics::Module] Cleanup current backend.
[Physics::Module] Id: 0xf2b8ea05
[Licensing::IpcConnector] LicenseClient-jangyoung-notifications channel disconnected successfully.
[Licensing::IpcConnector] LicenseClient-jangyoung channel disconnected successfully.
Thread 0x16c12b000 may have been prematurely finalized
Thread 0x16c1b7000 may have been prematurely finalized
Thread 0x16c35b000 may have been prematurely finalized
Thread 0x16c58b000 may have been prematurely finalized
Thread 0x16c243000 may have been prematurely finalized
Thread 0x16c3e7000 may have been prematurely finalized
Thread 0x16c473000 may have been prematurely finalized
Thread 0x16c4ff000 may have been prematurely finalized
Thread 0x16c2cf000 may have been prematurely finalized
Thread 0x16c617000 may have been prematurely finalized
Thread 0x16c6a3000 may have been prematurely finalized
AcceleratorClientConnectionCallback - disconnected - :0
Thread 0x1772ff000 may have been prematurely finalized
MSBuild 서버을(를) 종료했습니다.Cleanup mono

CodeReloadManager destroyed
info: Microsoft.Hosting.Lifetime[0]
      Application is shutting down...
info: Unity.ILPP.Runner.PostProcessingAssemblyLoadContext[0]
      ALC ILPP context 1 is unloading
VB/C# 컴파일러 서버을(를) 종료했습니다.
debugger-agent: Unable to listen on 32
Exiting batchmode successfully now!
[Package Manager] Server process was shutdown
