Unity Editor version:    6000.5.6f1 (0e0577a1a2ac)
Branch:                  6000.5/staging
Build type:              Release
Batch mode:              YES
macOS version:           Version 26.3.1 (Build 25D2128)
Darwin version:          25.3.0
Architecture:            arm64
Running under Rosetta:   NO
Available memory:        16384 MB
Date:                    2026-09-10T16:33:46Z
[Licensing::Module] Trying to connect to existing licensing client channel...
[Licensing::IpcConnector] Successfully connected to: "LicenseClient-jangyoung" at "2026-09-10T16:33:46.628636Z"
Launching external process: /Applications/Unity/Hub/Editor/6000.5.6f1/Unity.app/Contents/Helpers/PackageManager/Server/UnityPackageManager

COMMAND LINE ARGUMENTS:
/Applications/Unity/Hub/Editor/6000.5.6f1/Unity.app/Contents/MacOS/Unity
-batchmode
-quit
-projectPath
/Users/jangyoung/orca/unknown/unity/Unknown
-executeMethod
Tide.EditorTools.C1ProjectBuilder.ImportAndCapture
-logFile
/Users/jangyoung/orca/unknown/_workspace/current/systems/tech-verification/c1-m3/logs/panel-diagnostic-2.log
Successfully changed project path to: /Users/jangyoung/orca/unknown/unity/Unknown
/Users/jangyoung/orca/unknown/unity/Unknown
[UnityMemory] Configuration Parameters - Can be set up in boot.config
    "memorysetup-temp-allocator-size-gi-baking-worker=262144"
    "memorysetup-temp-allocator-size-gi-baking-worker=262144"
    "memorysetup-temp-allocator-size-gi-baking-worker=262144"
    "memorysetup-temp-allocator-size-gi-baking-worker=262144"
    "memorysetup-temp-allocator-size-gi-baking-worker=262144"
    "memorysetup-temp-allocator-size-nav-mesh-worker=65536"
    "memorysetup-temp-allocator-size-audio-worker=65536"
    "memorysetup-temp-allocator-size-cloud-worker=32768"
    "memorysetup-allocator-temp-initial-block-size-main=262144"
    "memorysetup-allocator-temp-initial-block-size-worker=262144"
    "memorysetup-temp-allocator-size-preload-manager=33554432"
    "memorysetup-temp-allocator-size-gfx=262144"
    "memorysetup-temp-allocator-size-background-worker=32768"
    "memorysetup-temp-allocator-size-job-worker=262144"
    "memorysetup-bucket-allocator-granularity=16"
    "memorysetup-bucket-allocator-bucket-count=8"
    "memorysetup-bucket-allocator-block-size=33554432"
    "memorysetup-bucket-allocator-block-count=8"
    "memorysetup-main-allocator-block-size=16777216"
    "memorysetup-thread-allocator-block-size=16777216"
    "memorysetup-main-allocator-mimalloc-enabled=0"
    "memorysetup-gfx-main-allocator-block-size=16777216"
    "memorysetup-gfx-thread-allocator-block-size=16777216"
    "memorysetup-cache-allocator-block-size=4194304"
    "memorysetup-typetree-allocator-block-size=2097152"
    "memorysetup-profiler-bucket-allocator-granularity=16"
    "memorysetup-profiler-bucket-allocator-bucket-count=8"
    "memorysetup-profiler-bucket-allocator-block-size=33554432"
    "memorysetup-profiler-bucket-allocator-block-count=8"
    "memorysetup-profiler-allocator-block-size=16777216"
    "memorysetup-profiler-editor-allocator-block-size=1048576"
    "memorysetup-temp-allocator-size-main=16777216"
    "memorysetup-job-temp-allocator-block-size=2097152"
    "memorysetup-job-temp-allocator-block-size-background=1048576"
    "memorysetup-job-temp-allocator-reduction-small-platforms=262144"
Logging is directed to a specific file, skipping project log.Player connection [8594452736]  Target information:

Player connection [8594452736]  * "[IP] 192.168.219.124 [Port] 55504 [Flags] 2 [Guid] 2210683593 [EditorId] 2210683593 [Version] 1048832 [Id] OSXEditor(0,MacBook-Pro-2.local) [Debug] 1 [PackageName] OSXEditor [ProjectName] Editor" 

Player connection [8594452736]  * "[IP] 100.119.58.79 [Port] 55504 [Flags] 2 [Guid] 2210683593 [EditorId] 2210683593 [Version] 1048832 [Id] OSXEditor(0,MacBook-Pro-2.local) [Debug] 1 [PackageName] OSXEditor [ProjectName] Editor" 

Player connection [8594452736] Host joined multi-casting on [225.0.0.222:54997]...
Player connection [8594452736] Host joined alternative multi-casting on [225.0.0.222:34997]...
Input System module state changed to: Initialized.
[Physics::Module] Initialized fallback backend.
[Physics::Module] Id: 0xdecafbad
[Licensing::Client] Handshaking with LicensingClient:
  Version:                 1.18.3+d7ffd15
  Session Id:              214cb09dada5407fad3fee78656c5560
  Correlation Id:          7eff4bd7a42a21a35f828ca90cd3d378
  External correlation Id: 3589596646402257224
  Machine Id:              GDFq97hyJBwslTnyqVIUvhYydXg=
[Licensing::Module] Successfully connected to LicensingClient on channel: "LicenseClient-jangyoung" (connect: 0.00s, validation: 0.00s, handshake: 0.39s)
[Licensing::IpcConnector] Successfully connected to: "LicenseClient-jangyoung-notifications" at "2026-09-10T16:33:47.024609Z"
[Licensing::Module] Error: Access token is unavailable; failed to update
[Licensing::Client] Successfully resolved entitlement details
[Licensing::Module] License group:
  Id: 4513980-UnityPersXXXX
  Product: Unity Personal
  Type: Assigned
  Expiration: Unlimited
[Licensing::Client] Successfully updated license, isAsync: True, time: 0.00
[Licensing::Client] Successfully resolved entitlement details
[Licensing::Module] Licensing Background thread has ended after 0.40s
[Package Manager] Connected to IPC stream "Upm-88833" after 0.3 seconds.
[Licensing::Client] Successfully resolved entitlement details
Library Redirect Path: Library/
[Physics::Module] Selected backend.
[Physics::Module] Name: PhysX
[Physics::Module] Id: 0xf2b8ea05
[Physics::Module] SDK Version: 4.1.2
[Physics::Module] Integration Version: 1.0.0
[Physics::Module] Threading Mode: Multi-Threaded
Artifact Garbage Collection - Removed 2 unused hashed content files
Initialize engine version: 6000.5.6f1 (0e0577a1a2ac)
[Subsystems] Discovering subsystems at path /Applications/Unity/Hub/Editor/6000.5.6f1/Unity.app/Contents/Resources/UnitySubsystems
[Subsystems] Discovering subsystems at path /Users/jangyoung/orca/unknown/unity/Unknown/Assets
GfxDevice: creating device client; kGfxThreadingModeNonThreaded
 preferred device: Apple M2 Pro (high power)
Metal devices available: 1
0: Apple M2 Pro (high power)
Using device Apple M2 Pro (high power)
Initializing Metal device caps: Apple M2 Pro
Mac GPU Family: 2
Apple GPU Family: 8
MSL Version: 3.0
Has Float MSAA: 1
Has Float Filtering: 1
ReadWrite Texture Tier: 2
Initialize mono
Mono path[0] = '/Applications/Unity/Hub/Editor/6000.5.6f1/Unity.app/Contents/Resources/Scripting/Managed'
Mono path[1] = '/Applications/Unity/Hub/Editor/6000.5.6f1/Unity.app/Contents/Resources/Scripting/BCLExtensions/runtime/netstandard2.1'
Mono path[2] = '/Applications/Unity/Hub/Editor/6000.5.6f1/Unity.app/Contents/Resources/Scripting/MonoBleedingEdge/lib/mono/unityjit-macos'
Mono config path = '/Applications/Unity/Hub/Editor/6000.5.6f1/Unity.app/Contents/Resources/Scripting/MonoBleedingEdge/etc'
Using monoOptions --debugger-agent=transport=dt_socket,embedding=1,server=y,suspend=n,address=127.0.0.1:56833
CodeReloadManager initialized
ImportWorker Server TCP listen port: 0
AcceleratorClientConnectionCallback - disconnected - :0
Begin MonoManager ReloadAssembly
Registering precompiled unity dll's ...
Register platform support module: /Applications/Unity/Hub/Editor/6000.5.6f1/PlaybackEngines/WebGLSupport/UnityEditor.WebGL.Extensions.dll
Register platform support module: /Applications/Unity/Hub/Editor/6000.5.6f1/PlaybackEngines/MacStandaloneSupport/UnityEditor.OSXStandalone.Extensions.dll
Registered in 0.001636 seconds.
Native extension for OSXStandalone target not found
Native extension for WebGL target not found
Package Manager log level set to [2]
ScheduleIndexationOnStartup MainProcess:False IndexOnStartup:True
Mono: successfully reloaded assembly
- Finished resetting the current domain, in  0.348 seconds
Domain Reload Profiling: 834ms
	BeginReloadAssembly (143ms)
		CreateAndSetChildDomain (8ms)
	RebuildCommonClasses (5ms)
	RebuildNativeTypeToScriptingClass (22ms)
	initialDomainReloadingComplete (50ms)
	LoadAllAssembliesAndSetupDomain (266ms)
		LoadAssemblies (135ms)
		AnalyzeDomain (200ms)
			TypeCache.Refresh (199ms)
				TypeCache.ScanAssembly (181ms)
	FinalizeReload (350ms)
		SetupLoadedEditorAssemblies (0ms)
			InitializePlatformSupportModulesInManaged (4ms)
			BeforeProcessingInitializeOnLoad (70ms)
			ProcessInitializeOnLoadAttributes (88ms)
			ProcessInitializeOnLoadMethodAttributes (125ms)
[Licensing::Client] Successfully resolved entitlement details
Application.AssetDatabase Initial Refresh Start
[Package Manager] Restoring resolved packages state from cache
[Licensing::Client] Successfully resolved entitlement details
[Package Manager] Registered 55 packages:
  Packages from [https://packages.unity.com]:
    com.unity.inputsystem@1.20.0 (location: /Users/jangyoung/orca/unknown/unity/Unknown/Library/PackageCache/com.unity.inputsystem@7a4e1a2a8194)
    com.unity.localization@1.5.13 (location: /Users/jangyoung/orca/unknown/unity/Unknown/Library/PackageCache/com.unity.localization@ef5a0677859d)
    com.unity.addressables@2.9.1 (location: /Users/jangyoung/orca/unknown/unity/Unknown/Library/PackageCache/com.unity.addressables@8460f1c9c927)
    com.unity.nuget.newtonsoft-json@3.2.2 (location: /Users/jangyoung/orca/unknown/unity/Unknown/Library/PackageCache/com.unity.nuget.newtonsoft-json@4dfd81071c64)
    com.unity.searcher@4.9.4 (location: /Users/jangyoung/orca/unknown/unity/Unknown/Library/PackageCache/com.unity.searcher@d45a78918735)
    com.unity.burst@1.8.29 (location: /Users/jangyoung/orca/unknown/unity/Unknown/Library/PackageCache/com.unity.burst@6bb9aca3ef38)
    com.unity.profiling.core@1.0.3 (location: /Users/jangyoung/orca/unknown/unity/Unknown/Library/PackageCache/com.unity.profiling.core@8a49f7027d06)
    com.unity.scriptablebuildpipeline@2.6.1 (location: /Users/jangyoung/orca/unknown/unity/Unknown/Library/PackageCache/com.unity.scriptablebuildpipeline@36e3b5898ee2)
    com.unity.nuget.mono-cecil@1.11.6 (location: /Users/jangyoung/orca/unknown/unity/Unknown/Library/PackageCache/com.unity.nuget.mono-cecil@ecb9724e46ff)
    com.unity.test-framework.performance@3.5.0 (location: /Users/jangyoung/orca/unknown/unity/Unknown/Library/PackageCache/com.unity.test-framework.performance@8b56083ec0f0)
  Built-in packages:
    com.unity.render-pipelines.universal@17.5.0 (location: /Users/jangyoung/orca/unknown/unity/Unknown/Library/PackageCache/com.unity.render-pipelines.universal@73b4c4ff130e)
    com.unity.test-framework@1.7.0 (location: /Users/jangyoung/orca/unknown/unity/Unknown/Library/PackageCache/com.unity.test-framework@1405238725ab)
    com.unity.ugui@2.5.0 (location: /Users/jangyoung/orca/unknown/unity/Unknown/Library/PackageCache/com.unity.ugui@67707a67a4ab)
    com.unity.modules.accessibility@1.0.0 (location: /Users/jangyoung/orca/unknown/unity/Unknown/Library/PackageCache/com.unity.modules.accessibility)
    com.unity.modules.adaptiveperformance@1.0.0 (location: /Users/jangyoung/orca/unknown/unity/Unknown/Library/PackageCache/com.unity.modules.adaptiveperformance)
    com.unity.modules.ai@1.0.0 (location: /Users/jangyoung/orca/unknown/unity/Unknown/Library/PackageCache/com.unity.modules.ai)
    com.unity.modules.androidjni@1.0.0 (location: /Users/jangyoung/orca/unknown/unity/Unknown/Library/PackageCache/com.unity.modules.androidjni)
    com.unity.modules.animation@1.0.0 (location: /Users/jangyoung/orca/unknown/unity/Unknown/Library/PackageCache/com.unity.modules.animation)
    com.unity.modules.assetbundle@1.0.0 (location: /Users/jangyoung/orca/unknown/unity/Unknown/Library/PackageCache/com.unity.modules.assetbundle)
    com.unity.modules.audio@1.0.0 (location: /Users/jangyoung/orca/unknown/unity/Unknown/Library/PackageCache/com.unity.modules.audio)
    com.unity.modules.cloth@1.0.0 (location: /Users/jangyoung/orca/unknown/unity/Unknown/Library/PackageCache/com.unity.modules.cloth)
    com.unity.modules.director@1.0.0 (location: /Users/jangyoung/orca/unknown/unity/Unknown/Library/PackageCache/com.unity.modules.director)
    com.unity.modules.imageconversion@1.0.0 (location: /Users/jangyoung/orca/unknown/unity/Unknown/Library/PackageCache/com.unity.modules.imageconversion)
    com.unity.modules.imgui@1.0.0 (location: /Users/jangyoung/orca/unknown/unity/Unknown/Library/PackageCache/com.unity.modules.imgui)
    com.unity.modules.jsonserialize@1.0.0 (location: /Users/jangyoung/orca/unknown/unity/Unknown/Library/PackageCache/com.unity.modules.jsonserialize)
    com.unity.modules.particlesystem@1.0.0 (location: /Users/jangyoung/orca/unknown/unity/Unknown/Library/PackageCache/com.unity.modules.particlesystem)
    com.unity.modules.physics@1.0.0 (location: /Users/jangyoung/orca/unknown/unity/Unknown/Library/PackageCache/com.unity.modules.physics)
    com.unity.modules.physics2d@1.0.0 (location: /Users/jangyoung/orca/unknown/unity/Unknown/Library/PackageCache/com.unity.modules.physics2d)
    com.unity.modules.physicscore2d@1.0.0 (location: /Users/jangyoung/orca/unknown/unity/Unknown/Library/PackageCache/com.unity.modules.physicscore2d)
    com.unity.modules.screencapture@1.0.0 (location: /Users/jangyoung/orca/unknown/unity/Unknown/Library/PackageCache/com.unity.modules.screencapture)
    com.unity.modules.terrain@1.0.0 (location: /Users/jangyoung/orca/unknown/unity/Unknown/Library/PackageCache/com.unity.modules.terrain)
    com.unity.modules.terrainphysics@1.0.0 (location: /Users/jangyoung/orca/unknown/unity/Unknown/Library/PackageCache/com.unity.modules.terrainphysics)
    com.unity.modules.tilemap@1.0.0 (location: /Users/jangyoung/orca/unknown/unity/Unknown/Library/PackageCache/com.unity.modules.tilemap)
    com.unity.modules.ui@1.0.0 (location: /Users/jangyoung/orca/unknown/unity/Unknown/Library/PackageCache/com.unity.modules.ui)
    com.unity.modules.uielements@1.0.0 (location: /Users/jangyoung/orca/unknown/unity/Unknown/Library/PackageCache/com.unity.modules.uielements)
    com.unity.modules.umbra@1.0.0 (location: /Users/jangyoung/orca/unknown/unity/Unknown/Library/PackageCache/com.unity.modules.umbra)
    com.unity.modules.unityanalytics@1.0.0 (location: /Users/jangyoung/orca/unknown/unity/Unknown/Library/PackageCache/com.unity.modules.unityanalytics)
    com.unity.modules.unitywebrequest@1.0.0 (location: /Users/jangyoung/orca/unknown/unity/Unknown/Library/PackageCache/com.unity.modules.unitywebrequest)
    com.unity.modules.unitywebrequestassetbundle@1.0.0 (location: /Users/jangyoung/orca/unknown/unity/Unknown/Library/PackageCache/com.unity.modules.unitywebrequestassetbundle)
    com.unity.modules.unitywebrequestaudio@1.0.0 (location: /Users/jangyoung/orca/unknown/unity/Unknown/Library/PackageCache/com.unity.modules.unitywebrequestaudio)
    com.unity.modules.unitywebrequesttexture@1.0.0 (location: /Users/jangyoung/orca/unknown/unity/Unknown/Library/PackageCache/com.unity.modules.unitywebrequesttexture)
    com.unity.modules.unitywebrequestwww@1.0.0 (location: /Users/jangyoung/orca/unknown/unity/Unknown/Library/PackageCache/com.unity.modules.unitywebrequestwww)
    com.unity.modules.vectorgraphics@1.0.0 (location: /Users/jangyoung/orca/unknown/unity/Unknown/Library/PackageCache/com.unity.modules.vectorgraphics)
    com.unity.modules.vehicles@1.0.0 (location: /Users/jangyoung/orca/unknown/unity/Unknown/Library/PackageCache/com.unity.modules.vehicles)
    com.unity.modules.video@1.0.0 (location: /Users/jangyoung/orca/unknown/unity/Unknown/Library/PackageCache/com.unity.modules.video)
    com.unity.modules.wind@1.0.0 (location: /Users/jangyoung/orca/unknown/unity/Unknown/Library/PackageCache/com.unity.modules.wind)
    com.unity.modules.xr@1.0.0 (location: /Users/jangyoung/orca/unknown/unity/Unknown/Library/PackageCache/com.unity.modules.xr)
    com.unity.modules.subsystems@1.0.0 (location: /Users/jangyoung/orca/unknown/unity/Unknown/Library/PackageCache/com.unity.modules.subsystems)
    com.unity.modules.hierarchycore@1.0.0 (location: /Users/jangyoung/orca/unknown/unity/Unknown/Library/PackageCache/com.unity.modules.hierarchycore)
    com.unity.ext.nunit@2.1.0 (location: /Users/jangyoung/orca/unknown/unity/Unknown/Library/PackageCache/com.unity.ext.nunit@44f7d31723bd)
    com.unity.render-pipelines.core@17.5.0 (location: /Users/jangyoung/orca/unknown/unity/Unknown/Library/PackageCache/com.unity.render-pipelines.core@645717f21c5f)
    com.unity.shadergraph@17.5.0 (location: /Users/jangyoung/orca/unknown/unity/Unknown/Library/PackageCache/com.unity.shadergraph@8d7376ec43ee)
    com.unity.render-pipelines.universal-config@17.5.0 (location: /Users/jangyoung/orca/unknown/unity/Unknown/Library/PackageCache/com.unity.render-pipelines.universal-config@fdda01c80fe3)
    com.unity.collections@6.5.0 (location: /Users/jangyoung/orca/unknown/unity/Unknown/Library/PackageCache/com.unity.collections@a43cabe808ca)
    com.unity.mathematics@1.4.0 (location: /Users/jangyoung/orca/unknown/unity/Unknown/Library/PackageCache/com.unity.mathematics@981956d94fb6)
[Subsystems] No new subsystems found in resolved package list.
[Package Manager] Done registering packages in 0.02 seconds
[ScriptCompilation] Requested script compilation because: AssetDatabase observed changes in script compilation related files
info: Microsoft.Hosting.Lifetime[14]
      Now listening on: http://unix:/tmp/ilpp.sock-91ce4cc105a82451580320b8034fc51a
info: Microsoft.Hosting.Lifetime[0]
      Application started. Press Ctrl+C to shut down.
info: Microsoft.Hosting.Lifetime[0]
      Hosting environment: Production
info: Microsoft.Hosting.Lifetime[0]
      Content root path: /Users/jangyoung/orca/unknown/unity/Unknown
info: Microsoft.AspNetCore.Hosting.Diagnostics[1]
      Request starting HTTP/2 POST http://ilpp/UnityILPP.PostProcessing/Ping - application/grpc -
info: Microsoft.AspNetCore.Routing.EndpointMiddleware[0]
      Executing endpoint 'gRPC - /UnityILPP.PostProcessing/Ping'
info: Microsoft.AspNetCore.Routing.EndpointMiddleware[1]
      Executed endpoint 'gRPC - /UnityILPP.PostProcessing/Ping'
info: Microsoft.AspNetCore.Hosting.Diagnostics[2]
      Request finished HTTP/2 POST http://ilpp/UnityILPP.PostProcessing/Ping - 200 - application/grpc 32.8697ms
Starting: /Applications/Unity/Hub/Editor/6000.5.6f1/Unity.app/Contents/Resources/BuildPipeline/bee_backend --ipc --defer-dag-verification --dagfile="Library/Bee/200b0aEDbg.dag" --continue-on-failure --profile="Library/Bee/backend1.traceevents" ScriptAssemblies
WorkingDir: /Users/jangyoung/orca/unknown/unity/Unknown
DisplayProgressbar: Compiling Scripts
ExitCode: 4 Duration: 0s257ms
Rebuilding DAG because FileSignature timestamp changed: Library/Bee/200b0aEDbg-inputdata.json
*** Tundra requires additional run (0.23 seconds), 0 items updated, 0 evaluated
Starting: /Applications/Unity/Hub/Editor/6000.5.6f1/Unity.app/Contents/Resources/Scripting/netcorerun/netcorerun "/Applications/Unity/Hub/Editor/6000.5.6f1/Unity.app/Contents/Resources/BuildPipeline/ScriptCompilationBuildProgram.exe" "Library/Bee/200b0aEDbg.dag.json" "Library/Bee/200b0aEDbg-inputdata.json" "Library/Bee/buildprogram0.traceevents"
WorkingDir: /Users/jangyoung/orca/unknown/unity/Unknown
ExitCode: 0 Duration: 1s311ms
Starting: /Applications/Unity/Hub/Editor/6000.5.6f1/Unity.app/Contents/Resources/BuildPipeline/bee_backend --ipc --defer-dag-verification --dagfile="Library/Bee/200b0aEDbg.dag" --continue-on-failure --dagfilejson="Library/Bee/200b0aEDbg.dag.json" --profile="Library/Bee/backend2.traceevents" ScriptAssemblies
WorkingDir: /Users/jangyoung/orca/unknown/unity/Unknown
info: Microsoft.AspNetCore.Hosting.Diagnostics[1]
      Request starting HTTP/2 POST http://ilpp/UnityILPP.PostProcessing/ConfigurePostProcessors - application/grpc -
info: Microsoft.AspNetCore.Routing.EndpointMiddleware[0]
      Executing endpoint 'gRPC - /UnityILPP.PostProcessing/ConfigurePostProcessors'
warn: Unity.ILPP.Runner.PostProcessingAssemblyLoadContext[0]
      Assembly system.runtime.interopservices.windowsruntime has duplicate hint path. Ignoring "/Applications/Unity/Hub/Editor/6000.5.6f1/Unity.app/Contents/Resources/Scripting/UnityReferenceAssemblies/unity-4.8-api/Facades/System.Runtime.InteropServices.WindowsRuntime.dll" in favor of "/Applications/Unity/Hub/Editor/6000.5.6f1/Unity.app/Contents/Resources/Scripting/NetStandard/Extensions/2.0.0/System.Runtime.InteropServices.WindowsRuntime.dll"
warn: Unity.ILPP.Runner.PostProcessingAssemblyLoadContext[0]
      Assembly system.componentmodel.composition has duplicate hint path. Ignoring "/Applications/Unity/Hub/Editor/6000.5.6f1/Unity.app/Contents/Resources/Scripting/UnityReferenceAssemblies/unity-4.8-api/System.ComponentModel.Composition.dll" in favor of "/Applications/Unity/Hub/Editor/6000.5.6f1/Unity.app/Contents/Resources/Scripting/NetStandard/compat/2.1.0/shims/netfx/System.ComponentModel.Composition.dll"
info: Unity.ILPP.Runner.PostProcessingAssemblyLoadContext[0]
      Resolved Unity.Burst.Cecil, Version=0.11.6.0, Culture=neutral, PublicKeyToken=50cebf1cceb9d05e with Library/PackageCache/com.unity.burst@6bb9aca3ef38/Unity.Burst.CodeGen/Unity.Burst.Cecil.dll
info: Unity.ILPP.Runner.PostProcessingAssemblyLoadContext[0]
      Resolved Mono.Cecil, Version=0.11.5.0, Culture=neutral, PublicKeyToken=50cebf1cceb9d05e with Library/PackageCache/com.unity.nuget.mono-cecil@ecb9724e46ff/Mono.Cecil.dll
info: Microsoft.AspNetCore.Routing.EndpointMiddleware[1]
      Executed endpoint 'gRPC - /UnityILPP.PostProcessing/ConfigurePostProcessors'
info: Microsoft.AspNetCore.Hosting.Diagnostics[2]
      Request finished HTTP/2 POST http://ilpp/UnityILPP.PostProcessing/ConfigurePostProcessors - 200 - application/grpc 22.5937ms
info: Microsoft.AspNetCore.Hosting.Diagnostics[1]
      Request starting HTTP/2 POST http://ilpp/UnityILPP.PostProcessing/PostProcessAssembly - application/grpc -
info: Microsoft.AspNetCore.Routing.EndpointMiddleware[0]
      Executing endpoint 'gRPC - /UnityILPP.PostProcessing/PostProcessAssembly'
info: Unity.ILPP.Runner.PostProcessingPipeline[0]
      Processing assembly Library/Bee/artifacts/200b0aEDbg.dag/Tide.EditorTools.dll, with 135 defines and 305 references
info: Unity.ILPP.Runner.PostProcessingPipeline[0]
      processors: Unity.Jobs.CodeGen.JobsILPostProcessor, zzzUnity.Burst.CodeGen.BurstILPostProcessor
info: Unity.ILPP.Runner.PostProcessingPipeline[0]
      running Unity.Jobs.CodeGen.JobsILPostProcessor
info: Unity.ILPP.Runner.PostProcessingPipeline[0]
      running zzzUnity.Burst.CodeGen.BurstILPostProcessor
info: Microsoft.AspNetCore.Routing.EndpointMiddleware[1]
      Executed endpoint 'gRPC - /UnityILPP.PostProcessing/PostProcessAssembly'
info: Microsoft.AspNetCore.Hosting.Diagnostics[2]
      Request finished HTTP/2 POST http://ilpp/UnityILPP.PostProcessing/PostProcessAssembly - 200 - application/grpc 14.0526ms
info: Microsoft.AspNetCore.Hosting.Diagnostics[1]
      Request starting HTTP/2 POST http://ilpp/UnityILPP.PostProcessing/PostProcessAssembly - application/grpc -
info: Microsoft.AspNetCore.Routing.EndpointMiddleware[0]
      Executing endpoint 'gRPC - /UnityILPP.PostProcessing/PostProcessAssembly'
info: Unity.ILPP.Runner.PostProcessingPipeline[0]
      Processing assembly Library/Bee/artifacts/200b0aEDbg.dag/Tide.Tests.Sim.dll, with 136 defines and 301 references
info: Unity.ILPP.Runner.PostProcessingPipeline[0]
      processors: Unity.Jobs.CodeGen.JobsILPostProcessor, zzzUnity.Burst.CodeGen.BurstILPostProcessor
info: Unity.ILPP.Runner.PostProcessingPipeline[0]
      running Unity.Jobs.CodeGen.JobsILPostProcessor
info: Unity.ILPP.Runner.PostProcessingPipeline[0]
      running zzzUnity.Burst.CodeGen.BurstILPostProcessor
info: Microsoft.AspNetCore.Routing.EndpointMiddleware[1]
      Executed endpoint 'gRPC - /UnityILPP.PostProcessing/PostProcessAssembly'
info: Microsoft.AspNetCore.Hosting.Diagnostics[2]
      Request finished HTTP/2 POST http://ilpp/UnityILPP.PostProcessing/PostProcessAssembly - 200 - application/grpc 9.1247ms
info: Microsoft.AspNetCore.Hosting.Diagnostics[1]
      Request starting HTTP/2 POST http://ilpp/UnityILPP.PostProcessing/PostProcessAssembly - application/grpc -
info: Microsoft.AspNetCore.Routing.EndpointMiddleware[0]
      Executing endpoint 'gRPC - /UnityILPP.PostProcessing/PostProcessAssembly'
info: Unity.ILPP.Runner.PostProcessingPipeline[0]
      Processing assembly Library/Bee/artifacts/200b0aEDbg.dag/Tide.Tests.Play.dll, with 138 defines and 292 references
info: Unity.ILPP.Runner.PostProcessingPipeline[0]
      processors: Unity.Jobs.CodeGen.JobsILPostProcessor, zzzUnity.Burst.CodeGen.BurstILPostProcessor
info: Unity.ILPP.Runner.PostProcessingPipeline[0]
      running Unity.Jobs.CodeGen.JobsILPostProcessor
info: Unity.ILPP.Runner.PostProcessingPipeline[0]
      running zzzUnity.Burst.CodeGen.BurstILPostProcessor
info: Microsoft.AspNetCore.Routing.EndpointMiddleware[1]
      Executed endpoint 'gRPC - /UnityILPP.PostProcessing/PostProcessAssembly'
info: Microsoft.AspNetCore.Hosting.Diagnostics[2]
      Request finished HTTP/2 POST http://ilpp/UnityILPP.PostProcessing/PostProcessAssembly - 200 - application/grpc 2.8923ms
ExitCode: 0 Duration: 2s451ms
Finished compiling graph: 823 nodes, 16154 flattened edges (13608 ToBuild, 138 ToUse), maximum node priority 892
[439/820    0s] WriteText Library/Bee/artifacts/200b0aEDbg.dag/Tide.Tests.Play.rsp
[621/820    0s] ILPP-Configuration Library/ilpp-configuration.nevergeneratedoutput
[808/820    1s] Csc Library/Bee/artifacts/200b0aEDbg.dag/Tide.EditorTools.dll (+2 others)
[809/820    0s] ILPostProcess Library/Bee/artifacts/200b0aEDbg.dag/post-processed/Tide.EditorTools.dll (+pdb)
Processing assembly Library/Bee/artifacts/200b0aEDbg.dag/Tide.EditorTools.dll, with 135 defines and 305 references
processors: Unity.Jobs.CodeGen.JobsILPostProcessor, zzzUnity.Burst.CodeGen.BurstILPostProcessor
running Unity.Jobs.CodeGen.JobsILPostProcessor
running zzzUnity.Burst.CodeGen.BurstILPostProcessor
[810/820    0s] CopyFiles Library/ScriptAssemblies/Tide.EditorTools.dll
[811/820    0s] CopyFiles Library/ScriptAssemblies/Tide.EditorTools.pdb
[812/820    0s] Csc Library/Bee/artifacts/200b0aEDbg.dag/Tide.Tests.Sim.dll (+2 others)
Assets/_Project/Tests/EditMode/T0M2Tests.cs(36,79): warning CS1998: This async method lacks 'await' operators and will run synchronously. Consider using the 'await' operator to await non-blocking API calls, or 'await Task.Run(...)' to do CPU-bound work on a background thread.
[813/820    0s] ILPostProcess Library/Bee/artifacts/200b0aEDbg.dag/post-processed/Tide.Tests.Sim.dll (+pdb)
Processing assembly Library/Bee/artifacts/200b0aEDbg.dag/Tide.Tests.Sim.dll, with 136 defines and 301 references
processors: Unity.Jobs.CodeGen.JobsILPostProcessor, zzzUnity.Burst.CodeGen.BurstILPostProcessor
running Unity.Jobs.CodeGen.JobsILPostProcessor
running zzzUnity.Burst.CodeGen.BurstILPostProcessor
[814/820    0s] CopyFiles Library/ScriptAssemblies/Tide.Tests.Sim.pdb
[815/820    0s] CopyFiles Library/ScriptAssemblies/Tide.Tests.Sim.dll
[816/820    2s] Csc Library/Bee/artifacts/200b0aEDbg.dag/Tide.Tests.Play.dll (+2 others)
[817/820    0s] ILPostProcess Library/Bee/artifacts/200b0aEDbg.dag/post-processed/Tide.Tests.Play.dll (+pdb)
Processing assembly Library/Bee/artifacts/200b0aEDbg.dag/Tide.Tests.Play.dll, with 138 defines and 292 references
processors: Unity.Jobs.CodeGen.JobsILPostProcessor, zzzUnity.Burst.CodeGen.BurstILPostProcessor
running Unity.Jobs.CodeGen.JobsILPostProcessor
running zzzUnity.Burst.CodeGen.BurstILPostProcessor
[818/820    0s] CopyFiles Library/ScriptAssemblies/Tide.Tests.Play.pdb
[819/820    0s] CopyFiles Library/ScriptAssemblies/Tide.Tests.Play.dll
*** Tundra build success (2.43 seconds), 14 items updated, 820 evaluated
Assets/_Project/Tests/EditMode/T0M2Tests.cs(36,79): warning CS1998: This async method lacks 'await' operators and will run synchronously. Consider using the 'await' operator to await non-blocking API calls, or 'await Task.Run(...)' to do CPU-bound work on a background thread.
AssetDatabase: script compilation time: 4.778502s
Total cache size 72886336
Total cache size after purge 72886336, took 00:00:00.0911645
Begin MonoManager ReloadAssembly
Symbol file LoadedFromMemory is not a mono symbol file
Native extension for OSXStandalone target not found
Native extension for WebGL target not found
ScheduleIndexationOnStartup MainProcess:True IndexOnStartup:True
Mono: successfully reloaded assembly
- Finished resetting the current domain, in  2.819 seconds
Domain Reload Profiling: 3430ms
	BeginReloadAssembly (161ms)
		DisableScriptedObjects (16ms)
		CreateAndSetChildDomain (29ms)
	RebuildCommonClasses (6ms)
	RebuildNativeTypeToScriptingClass (12ms)
	initialDomainReloadingComplete (26ms)
	LoadAllAssembliesAndSetupDomain (406ms)
		LoadAssemblies (272ms)
		AnalyzeDomain (135ms)
			TypeCache.Refresh (101ms)
				TypeCache.ScanAssembly (90ms)
			BuildScriptInfoCaches (30ms)
			ResolveRequiredComponents (3ms)
	FinalizeReload (2819ms)
		SetupLoadedEditorAssemblies (0ms)
			InitializePlatformSupportModulesInManaged (3ms)
			BeforeProcessingInitializeOnLoad (60ms)
			ProcessInitializeOnLoadAttributes (2183ms)
			ProcessInitializeOnLoadMethodAttributes (403ms)
		AwakeInstancesAfterBackupRestoration (10ms)
Starting new worker id: 0 with log in /Users/jangyoung/orca/unknown/unity/Unknown/Logs/AssetImportWorkerHW0.log

Asset Pipeline Refresh (id=b945728fe7ce144089debc61efc0a041): Total: 9.356 seconds - Initiated by InitialRefreshV2(ForceSynchronousImport)
	(Values over 0.05ms)
	Summary:
		Imports: total=0 (actual=0, local cache=0, cache server=0)
		Asset DB Process Time: managed=0 ms, native=3691 ms
		Asset DB Callback time: managed=177 ms, native=31 ms
		Scripting: domain reloads=1, domain reload time=630 ms, compile time=4780 ms, other=44 ms
		Project Asset Count: scripts=1112, non-scripts=1953
		Asset File Changes: new=1, changed=3, moved=0, deleted=0
		Scan Filter Count: 1
	InvokePackagesCallback: 27.360ms
	ApplyChangesToAssetFolders: 0.247ms
	Scan: 502.181ms
	Collect global state as custom dependencies: 12.418ms
	OnSourceAssetsModified: 0.485ms
	CategorizeScriptCompilationAssets: 36.562ms
	ProcessAssetsWithTransientArtifactChanges: 40.040ms
	CategorizeAssets: 81.054ms
	CompileScripts: 4779.775ms
	ImportOutOfDateAssets: 2861.155ms (2828.893ms without children)
		UnloadImportedAssets: 2.066ms
		EnsureUptoDateAssetsAreRegisteredWithGuidPM: 0.465ms
		ImportSchedulerStart: 29.677ms
	PostProcessAllAssets: 178.589ms
		VCAutoAddAssetPostprocess 1.719ms
		PostProcessCallbackCreateDeferredMaterials 0.250ms
		XRBuildSystem.XRAssetImported 0.052ms
		MonoPostProcessAllAssets: 175.981ms
			AssetPostprocessor.OnPostprocessAllAssets 120.949ms
			StyleCatalogPostProcessor.OnPostprocessAllAssets 16.896ms
			UniversalRenderPipelineGlobalSettingsPostprocessor.OnPostprocessAllAssets 9.383ms
			BuilderAssetPostprocessor.OnPostprocessAllAssets 4.081ms
			SyncVS.PostprocessSyncProject 2.108ms
			WindowAssetPostprocessingWatcher.OnPostprocessAllAssets 1.580ms
			SpeedTree9Postprocessor.OnPostprocessAllAssets 1.482ms
			ShaderGraphAssetPostProcessor.OnPostprocessAllAssets 1.320ms
			EditModeScopePostprocessor.OnPostprocessAllAssets 1.081ms
			AssetChangedListener.OnPostprocessAllAssets 0.968ms
			AddressablesAssetPostProcessor.OnPostprocessAllAssets 0.732ms
			RetainedModeAssetPostprocessor.OnPostprocessAllAssets 0.697ms
			LocalizationAssetPostProcessor.OnPostprocessAllAssets 0.693ms
			MaterialPostprocessor.OnPostprocessAllAssets 0.482ms
			AssetPathToTypes.OnPostprocessAllAssets 0.464ms
			TextAssetPostProcessor.OnPostprocessAllAssets 0.396ms
			InputActionAssetPostprocessor.OnPostprocessAllAssets 0.342ms
			RenderPipelineGlobalSettingsPostprocessor.OnPostprocessAllAssets 0.339ms
			ArtifactBrowserPostProcessor.OnPostprocessAllAssets 0.330ms
			SampleDependencyImporterPostProcessor.OnPostprocessAllAssets 0.313ms
			PostProcessor.OnPostprocessAllAssets 0.300ms
			TMPro_TexturePostProcessor.OnPostprocessAllAssets 0.243ms
			ShaderReflectionAssetPostProcessor.OnPostprocessAllAssets 0.218ms
			AudioMixerPostprocessor.OnPostprocessAllAssets 0.216ms
			AssetEvents.OnPostprocessAllAssets 0.215ms
			InputActionJsonNameModifierAssetProcessor.OnPostprocessAllAssets 0.209ms
			TerrainToolbarOverlayPostProcessor.OnPostprocessAllAssets 0.150ms
			ProjectSettingsPostprocessor.OnPostprocessAllAssets 0.136ms
			ReferencedClipsPostProcessor.OnPostprocessAllAssets 0.131ms
			SpeedTreePostProcessor.OnPostprocessAllAssets 0.112ms
			AssetDatabaseCallbacks.OnPostprocessAllAssets 0.107ms
			ConfigAssetsTracker.OnPostprocessAllAssets 0.082ms
			ScenarioDriftAssetsTracker.OnPostprocessAllAssets 0.068ms
			AudioContainerPostProcessor.OnPostprocessAllAssets 0.057ms
	PostAssetChangesProfiler: 3.839ms
	UnloadStreamsBegin: 1.066ms
	PersistCurrentRevisions: 0.077ms
	GenerateScriptTypeHashes: 1.630ms
	GenerateScriptTypeSerializationHashes: 2.993ms
	Untracked: 828.768ms

Application.AssetDatabase Initial Refresh End
Shader Hidden/ChartRasterizerHardware is not supported: GPU does not support conservative rasterization
Launching external process: /Applications/Unity/Hub/Editor/6000.5.6f1/Unity.app/Contents/Helpers/UnityShaderCompiler
Launched and connected shader compiler UnityShaderCompiler after 0.07 seconds
Shader Hidden/ChartRasterizerHardware is not supported: GPU does not support conservative rasterization
Scanning for USB devices : 0.034ms
Initializing Unity extensions:
[MODES] ModeService[none].Initialize
[MODES] ModeService[none].LoadModes
[MODES] Loading mode Default (0) for mode-current-id-Unknown T0
2026-09-11 01:33:58.833 Unity[88833:145337805] NSEventModifierFlagFunction specified to -setKeyEquivalentModifierMask: for item <NSMenuItem: 0xab6e4b3e0 SDF, ke='Command-F12'>, but is only supported for system-provided menu items; will not be used
Unloading 66 Unused Serialized files (Serialized files now loaded: 0)
Unloading 4745 unused Assets / (11.9 MB). Loaded Objects now: 5580.
Memory consumption went from 252.7 MB to 240.8 MB.
Total: 12.609458 ms (FindLiveObjects: 0.293459 ms CreateObjectMapping: 1.443375 ms MarkObjects: 6.155584 ms  DeleteObjects: 4.716416 ms)

2026-09-11 01:33:58.924 Unity[88833:145337805] NSEventModifierFlagFunction specified to -setKeyEquivalentModifierMask: for item <NSMenuItem: 0xab6e481e0 SDF, ke='Command-F12'>, but is only supported for system-provided menu items; will not be used
Worker ready: AssetImportWorkerHW0 0
Asset Pipeline Refresh (id=0598cd5209bbb45609943c2a15baefcf): Total: 0.245 seconds - Initiated by RefreshV2(NoUpdateAssetOptions)
Importing 'GUID: 63dbbf33a01be4d44a4fbc42ea58a4fc - Path: Assets/_Project/Art/Candidates/c1-patrol-panel-r01/textures/MAT_C1_Panel_Casting_BaseColor.png' with importer (TextureImporter)
Imported 'GUID: 63dbbf33a01be4d44a4fbc42ea58a4fc' -> (Import Result ID: '55548f922e9797d048f0bbd342702064') in 0.028 seconds [static and dynamic dependencies]. Details - ImportResultOutputID=475d4d3cce17ae32b1101764f184add2 DependenciesID=5aca7731536f96a8998ac47ef9247820 StaticDependenciesID=b763d9afdfc8f5b27782c6e27e0d512a 
Asset Pipeline Refresh (id=9e359b0c3fd134370826084ad87d1904): Total: 0.074 seconds - Initiated by StopAssetImportingV2(NoUpdateAssetOptions)
Importing 'GUID: d0dc8328f17124a48920b89484c798ce - Path: Assets/_Project/Art/Candidates/c1-patrol-panel-r01/textures/MAT_C1_Panel_Casting_Roughness.png' with importer (TextureImporter)
Imported 'GUID: d0dc8328f17124a48920b89484c798ce' -> (Import Result ID: '7a07284d01cd7eaecfe512416388059a') in 0.012 seconds [static and dynamic dependencies]. Details - ImportResultOutputID=236cd364b79afcbc9c0f2f3a98e6394b DependenciesID=87b103b306d7070f273a3344c5ecc86f StaticDependenciesID=e0f6c7e71d272642b99101e77a718974 
Asset Pipeline Refresh (id=f5830ac842aa247139de027343fe725c): Total: 0.052 seconds - Initiated by StopAssetImportingV2(NoUpdateAssetOptions)
Importing 'GUID: c46fdba43e4fa4f66a32628b399c88e0 - Path: Assets/_Project/Art/Candidates/c1-patrol-panel-r01/textures/MAT_C1_Panel_Patina_BaseColor.png' with importer (TextureImporter)
Imported 'GUID: c46fdba43e4fa4f66a32628b399c88e0' -> (Import Result ID: 'f2f62374898af00db714b4fe0d9fc017') in 0.014 seconds [static and dynamic dependencies]. Details - ImportResultOutputID=c0ce01ddb85fc582d68cd67375e73e30 DependenciesID=2d42dc326bead21326d2ab42c24c6692 StaticDependenciesID=eb8f0dd46ce8e1deb15ae14148b4996f 
Asset Pipeline Refresh (id=517a3c66f84a64207b843c9bc0667115): Total: 0.054 seconds - Initiated by StopAssetImportingV2(NoUpdateAssetOptions)
Importing 'GUID: 4efd16a27f0af4f308d9881385ffb578 - Path: Assets/_Project/Art/Candidates/c1-patrol-panel-r01/textures/MAT_C1_Panel_Patina_Roughness.png' with importer (TextureImporter)
Imported 'GUID: 4efd16a27f0af4f308d9881385ffb578' -> (Import Result ID: '4e1aaad28f823bfdeb9d43c0b7574765') in 0.009 seconds [static and dynamic dependencies]. Details - ImportResultOutputID=5d5a86d835ec7dc3cdc8fb5c1f740eaf DependenciesID=a501f8d9e9278e1f762f67d97cc0f2bc StaticDependenciesID=60c653bf5457d7e9047b0f21a70adce1 
Asset Pipeline Refresh (id=073b2ef676b7f4478b151743b4c86d48): Total: 0.049 seconds - Initiated by StopAssetImportingV2(NoUpdateAssetOptions)
Unloading 0 Unused Serialized files (Serialized files now loaded: 0)
Unloading 7 unused Assets / (5.1 KB). Loaded Objects now: 5582.
Memory consumption went from 211.3 MB to 211.3 MB.
Total: 6.658958 ms (FindLiveObjects: 0.162958 ms CreateObjectMapping: 0.490250 ms MarkObjects: 5.982708 ms  DeleteObjects: 0.022625 ms)

Importing 'GUID: 8e19111b18d774732af1b8aa88b4b2a7 - Path: Assets/_Project/Art/Candidates/c1-patrol-panel-r01/PanelDiagnostic.prefab' with importer (PrefabImporter)
Imported 'GUID: 8e19111b18d774732af1b8aa88b4b2a7' -> (Import Result ID: '256b1660e853c9123c36a20db0ab7e01') in 0.004 seconds [static and dynamic dependencies]. Details - ImportResultOutputID=3f3a00a93ced73fd5788aa63eebfdf91 DependenciesID=a54fddc460d62172a9b4e0ea37eedb22 StaticDependenciesID=7da759a441ec46b8a74f93f3f78a7be7 
Asset Pipeline Refresh (id=285bff3a0d54048b09a50bc2c9659416): Total: 0.068 seconds - Initiated by StopAssetImportingV2(NoUpdateAssetOptions)
Importing 'GUID: 86d804f708637488082783f12faa4972 - Path: Assets/_Project/Art/Candidates/c1-patrol-panel-r01/MAT_C1_Panel_Salt_Porcelain.mat' with importer (NativeFormatImporter)
Imported 'GUID: 86d804f708637488082783f12faa4972' -> (Import Result ID: 'ecf171264d8fe42a3e4dd7bd9dc48071') in 0.001 seconds [static dependencies only]. Details - ImportResultOutputID=566211aa1563894e3dbdd827cf64589c DependenciesID=9de176ff4f19becf58c9675a577681fc StaticDependenciesID=db325ddc3cec5ecc9fe698675bf29508 
Importing 'GUID: 3830a336d6b7949539f75c8505554565 - Path: Assets/_Project/Art/Candidates/c1-patrol-panel-r01/MAT_C1_Panel_Lamp_Lens.mat' with importer (NativeFormatImporter)
Imported 'GUID: 3830a336d6b7949539f75c8505554565' -> (Import Result ID: 'b997f3bfc96beddb25cd322b21470ac5') in 0.001 seconds [static dependencies only]. Details - ImportResultOutputID=c23ce71720bc7d8ec33affcccd83ae1e DependenciesID=cfa56bc026a0b6eb926de1ab5b8cedc8 StaticDependenciesID=a078366e87e6632f73b56e72316d0548 
Importing 'GUID: 390c8b732442a4ebd98c5cb46e01e81a - Path: Assets/_Project/Art/Candidates/c1-patrol-panel-r01/MAT_C1_Panel_Patina.mat' with importer (NativeFormatImporter)
Imported 'GUID: 390c8b732442a4ebd98c5cb46e01e81a' -> (Import Result ID: '8667c554128e25fe031b20887741a791') in 0.001 seconds [static dependencies only]. Details - ImportResultOutputID=716e869d5e1fe05059e9267fdddb083d DependenciesID=6d512e81d59f6605edb27ed5eb353f79 StaticDependenciesID=dd7e29e9eae73487e0778a382966dc34 
Importing 'GUID: 1a55cfc7be5dd4af28d227c8523c8785 - Path: Assets/_Project/Art/Candidates/c1-patrol-panel-r01/MAT_C1_Panel_Recess.mat' with importer (NativeFormatImporter)
Imported 'GUID: 1a55cfc7be5dd4af28d227c8523c8785' -> (Import Result ID: 'f164b6c1b8c1f28f04337c76543ca81d') in 0.001 seconds [static dependencies only]. Details - ImportResultOutputID=290b1219b1419355250e3ca1d6a878c8 DependenciesID=246400bd97fd0815d5567df0c95fe8f8 StaticDependenciesID=a736dee867c118de6b0d07b9a7ec57dc 
Importing 'GUID: 7d5432344433848dda15bd897e33fa4b - Path: Assets/_Project/Art/Candidates/c1-patrol-panel-r01/MAT_C1_Panel_Casting.mat' with importer (NativeFormatImporter)
Imported 'GUID: 7d5432344433848dda15bd897e33fa4b' -> (Import Result ID: 'f78ca68ab12ba6bd65c20395aa4edf8c') in 0.001 seconds [static dependencies only]. Details - ImportResultOutputID=47acb770602bd59f4a5744eea4a386fb DependenciesID=ff6af6584b86d7223486eafc10303bc6 StaticDependenciesID=425dfd4d94f66f0d49597eea096f595a 
Importing 'GUID: 9f884f095281f44438f4ab698295286b - Path: Assets/_Project/Art/Candidates/c1-patrol-panel-r01/MAT_C1_Panel_Blank_Paper.mat' with importer (NativeFormatImporter)
Imported 'GUID: 9f884f095281f44438f4ab698295286b' -> (Import Result ID: 'baf0542a045c2151ba7b61014ad907ee') in 0.001 seconds [static dependencies only]. Details - ImportResultOutputID=d902ab091d3e01664ec08f525ec7c234 DependenciesID=4112852b3d2414be26bc2d17c015755e StaticDependenciesID=eba7d5972af96cdfc54a84e87176fc4d 
Importing 'GUID: dedf4f91d93bf4ef18efc72e6a6fa727 - Path: Assets/_Project/Resources/C1View.asset' with importer (NativeFormatImporter)
Imported 'GUID: dedf4f91d93bf4ef18efc72e6a6fa727' -> (Import Result ID: 'fa57f3cfd234eebe3d7ff5eed03aa156') in 0.001 seconds [static dependencies only]. Details - ImportResultOutputID=332e20d947ada1610c9e71377eafc021 DependenciesID=de4dcc080c81f99f5b9feff50c084417 StaticDependenciesID=2916055d6b2c43f37402df3d61615e19 
Asset Pipeline Refresh (id=2152ac628fc4641e7b38044bc2c31263): Total: 0.064 seconds - Initiated by StopAssetImportingV2(NoUpdateAssetOptions)
C1_PANEL_NATIVE_DIAGNOSTIC {
  "runtimeEligible": false,
  "sourceClaim": "static authored panel; no live readings or branch animations",
  "materials": [
    {
      "name": "MAT_C1_Panel_Blank_Paper",
      "baseMapBound": false,
      "roughnessBound": false,
      "shaderSupported": true
    },
    {
      "name": "MAT_C1_Panel_Casting",
      "baseMapBound": true,
      "roughnessBound": true,
      "shaderSupported": true
    },
    {
      "name": "MAT_C1_Panel_Lamp_Lens",
      "baseMapBound": false,
      "roughnessBound": false,
      "shaderSupported": true
    },
    {
      "name": "MAT_C1_Panel_Patina",
      "baseMapBound": true,
      "roughnessBound": true,
      "shaderSupported": true
    },
    {
      "name": "MAT_C1_Panel_Recess",
      "baseMapBound": false,
      "roughnessBound": false,
      "shaderSupported": true
    },
    {
      "name": "MAT_C1_Panel_Salt_Porcelain",
      "baseMapBound": false,
      "roughnessBound": false,
      "shaderSupported": true
    }
  ],
  "meshCount": 6,
  "triangles": 2092,
  "boundsCenter": [
    0.0,
    0.4599999,
    -0.04482372
  ],
  "boundsSize": [
    1.1,
    0.919999838,
    0.403647751
  ]
}
UnityEngine.Debug:ExtractStackTraceNoAlloc (byte*,int,string)
UnityEngine.StackTraceUtility:ExtractStackTrace () (at /Users/bokken/build/output/unity/unity/Runtime/Export/Scripting/StackTrace.cs:35)
UnityEngine.DebugLogHandler:Internal_Log (UnityEngine.LogType,UnityEngine.LogOption,string,UnityEngine.Object)
UnityEngine.DebugLogHandler:LogFormat (UnityEngine.LogType,UnityEngine.Object,string,object[])
UnityEngine.Logger:Log (UnityEngine.LogType,object)
UnityEngine.Debug:Log (object)
Tide.EditorTools.C1ProjectBuilder:ImportAndCapture () (at Assets/_Project/Editor/C1ProjectBuilder.cs:66)

(Filename: Assets/_Project/Editor/C1ProjectBuilder.cs Line: 66)

Batchmode quit successfully invoked - shutting down!
Thread 0x336b07000 may have been prematurely finalized
Input System module state changed to: ShutdownInProgress.
Input Polling Thread exited.
Input System module state changed to: Shutdown.
MSBuild 서버을(를) 종료하는 중...
VB/C# 컴파일러 서버을(를) 종료하는 중...
[Physics::Module] Cleanup current backend.
[Physics::Module] Id: 0xf2b8ea05
[Licensing::IpcConnector] LicenseClient-jangyoung-notifications channel disconnected successfully.
[Licensing::IpcConnector] LicenseClient-jangyoung channel disconnected successfully.
Thread 0x16e1d3000 may have been prematurely finalized
Thread 0x16e147000 may have been prematurely finalized
Thread 0x16e403000 may have been prematurely finalized
Thread 0x16e377000 may have been prematurely finalized
Thread 0x16e25f000 may have been prematurely finalized
Thread 0x16e48f000 may have been prematurely finalized
Thread 0x16e2eb000 may have been prematurely finalized
Thread 0x16e51b000 may have been prematurely finalized
AcceleratorClientConnectionCallback - disconnected - :0
Thread 0x1753ff000 may have been prematurely finalized
info: Microsoft.Hosting.Lifetime[0]
      Application is shutting down...
Cleanup mono
CodeReloadManager destroyed
info: Unity.ILPP.Runner.PostProcessingAssemblyLoadContext[0]
      ALC ILPP context 1 is unloading
MSBuild 서버을(를) 종료했습니다.
debugger-agent: Unable to listen on 32
Exiting batchmode successfully now!
[Package Manager] Server process was shutdown
VB/C# 컴파일러 서버을(를) 종료했습니다.
