/Users/jangyoung/orca/unknown/assets/generated/3d/scripts/build_c1_signature_reader_r01.py:167: DeprecationWarning: 'Material.use_nodes' is expected to be removed in Blender 6.0
  mat.use_nodes = True
INFO Draco mesh compression is available, use library at /Applications/Blender.app/Contents/Resources/5.1/scripts/addons_core/io_scene_gltf2/libextern_draco.dylib
12:51:04 | INFO: Starting glTF 2.0 export
12:51:04 | INFO: Extracting primitive: Cube.001
12:51:04 | INFO: Primitives created: 1
12:51:04 | INFO: Extracting primitive: Cylinder.006
12:51:04 | INFO: Primitives created: 1
12:51:04 | INFO: Extracting primitive: Cylinder
12:51:04 | INFO: Primitives created: 1
12:51:04 | INFO: Extracting primitive: Torus.002
12:51:04 | INFO: Primitives created: 1
12:51:04 | INFO: Finished glTF 2.0 export in 0.12280583381652832 s
/Users/jangyoung/orca/unknown/assets/generated/3d/scripts/build_c1_signature_reader_r01.py:436: DeprecationWarning: 'World.use_nodes' is expected to be removed in Blender 6.0
  world.use_nodes=True
00:37.668  render           | Saved: '/Users/jangyoung/orca/unknown/assets/generated/3d/c1-signature-reader-r01/preview.png'


FBX export starting... '/Users/jangyoung/orca/unknown/assets/generated/3d/c1-signature-reader-r01/SM_C1_Signature_Reader.fbx'
export finished in 0.0085 sec.
FBX version: 7400
Info: Saved as "SM_C1_Signature_Reader.blend"
C1_SIGNATURE_READER_GENERATION_COMPLETE {"output": "/Users/jangyoung/orca/unknown/assets/generated/3d/c1-signature-reader-r01", "triangles": 3920, "meshes": 4, "texture_bytes": 1732640, "runtimeEligible": false}
Blender 5.1.2 (hash ec6e62d40fa9 built 2026-05-19 01:30:33)

Blender quit
