Unity Editor version:    6000.5.6f1 (0e0577a1a2ac)
Branch:                  6000.5/staging
Build type:              Release
Batch mode:              YES
macOS version:           Version 26.3.1 (Build 25D2128)
Darwin version:          25.3.0
Architecture:            arm64
Running under Rosetta:   NO
Available memory:        16384 MB
Date:                    2026-09-10T13:26:32Z
[Licensing::Module] Trying to connect to existing licensing client channel...
[Licensing::IpcConnector] Successfully connected to: "LicenseClient-jangyoung" at "2026-09-10T13:26:32.181548Z"
Launching external process: /Applications/Unity/Hub/Editor/6000.5.6f1/Unity.app/Contents/Helpers/PackageManager/Server/UnityPackageManager

COMMAND LINE ARGUMENTS:
/Applications/Unity/Hub/Editor/6000.5.6f1/Unity.app/Contents/MacOS/Unity
-batchmode
-nographics
-projectPath
/Users/jangyoung/orca/unknown/unity/Unknown
-runTests
-testPlatform
PlayMode
-testResults
/Users/jangyoung/orca/unknown/_workspace/current/systems/tech-verification/t0-case-thread-20260910/focused-green-final.xml
-testFilter
Tide.Tests.T0CaseThreadTests.CaseThreadFollowsLiveCitationsWithoutMutatingPuzzleOrNavigation
-logFile
/Users/jangyoung/orca/unknown/_workspace/current/systems/tech-verification/t0-case-thread-20260910/focused-green-final.log
Successfully changed project path to: /Users/jangyoung/orca/unknown/unity/Unknown
/Users/jangyoung/orca/unknown/unity/Unknown
[UnityMemory] Configuration Parameters - Can be set up in boot.config
    "memorysetup-temp-allocator-size-gi-baking-worker=262144"
    "memorysetup-temp-allocator-size-gi-baking-worker=262144"
    "memorysetup-temp-allocator-size-gi-baking-worker=262144"
    "memorysetup-temp-allocator-size-gi-baking-worker=262144"
    "memorysetup-temp-allocator-size-gi-baking-worker=262144"
    "memorysetup-temp-allocator-size-nav-mesh-worker=65536"
    "memorysetup-temp-allocator-size-audio-worker=65536"
    "memorysetup-temp-allocator-size-cloud-worker=32768"
    "memorysetup-allocator-temp-initial-block-size-main=262144"
    "memorysetup-allocator-temp-initial-block-size-worker=262144"
    "memorysetup-temp-allocator-size-preload-manager=33554432"
    "memorysetup-temp-allocator-size-gfx=262144"
    "memorysetup-temp-allocator-size-background-worker=32768"
    "memorysetup-temp-allocator-size-job-worker=262144"
    "memorysetup-bucket-allocator-granularity=16"
    "memorysetup-bucket-allocator-bucket-count=8"
    "memorysetup-bucket-allocator-block-size=33554432"
    "memorysetup-bucket-allocator-block-count=8"
    "memorysetup-main-allocator-block-size=16777216"
    "memorysetup-thread-allocator-block-size=16777216"
    "memorysetup-main-allocator-mimalloc-enabled=0"
    "memorysetup-gfx-main-allocator-block-size=16777216"
    "memorysetup-gfx-thread-allocator-block-size=16777216"
    "memorysetup-cache-allocator-block-size=4194304"
    "memorysetup-typetree-allocator-block-size=2097152"
    "memorysetup-profiler-bucket-allocator-granularity=16"
    "memorysetup-profiler-bucket-allocator-bucket-count=8"
    "memorysetup-profiler-bucket-allocator-block-size=33554432"
    "memorysetup-profiler-bucket-allocator-block-count=8"
    "memorysetup-profiler-allocator-block-size=16777216"
    "memorysetup-profiler-editor-allocator-block-size=1048576"
    "memorysetup-temp-allocator-size-main=16777216"
    "memorysetup-job-temp-allocator-block-size=2097152"
    "memorysetup-job-temp-allocator-block-size-background=1048576"
    "memorysetup-job-temp-allocator-reduction-small-platforms=262144"
Logging is directed to a specific file, skipping project log.Player connection [8594452736]  Target information:

Player connection [8594452736]  * "[IP] 192.168.219.124 [Port] 55505 [Flags] 2 [Guid] 3567419762 [EditorId] 3567419762 [Version] 1048832 [Id] OSXEditor(0,MacBook-Pro-2.local) [Debug] 1 [PackageName] OSXEditor [ProjectName] Editor" 

Player connection [8594452736]  * "[IP] 100.119.58.79 [Port] 55505 [Flags] 2 [Guid] 3567419762 [EditorId] 3567419762 [Version] 1048832 [Id] OSXEditor(0,MacBook-Pro-2.local) [Debug] 1 [PackageName] OSXEditor [ProjectName] Editor" 

Player connection [8594452736] Host joined multi-casting on [225.0.0.222:54997]...
Player connection [8594452736] Host joined alternative multi-casting on [225.0.0.222:34997]...
Input System module state changed to: Initialized.
[Physics::Module] Initialized fallback backend.
[Physics::Module] Id: 0xdecafbad
[Package Manager] Connected to IPC stream "Upm-31334" after 0.2 seconds.
[Licensing::Module] Licensing is not yet initialized.
[Licensing::Client] Handshaking with LicensingClient:
  Version:                 1.18.3+d7ffd15
  Session Id:              8cca4d32152a406294c896662cee1129
  Correlation Id:          7eff4bd7a42a21a35f828ca90cd3d378
  External correlation Id: 4593658397060452848
  Machine Id:              GDFq97hyJBwslTnyqVIUvhYydXg=
[Licensing::Module] Successfully connected to LicensingClient on channel: "LicenseClient-jangyoung" (connect: 0.00s, validation: 0.00s, handshake: 0.37s)
[Licensing::IpcConnector] Successfully connected to: "LicenseClient-jangyoung-notifications" at "2026-09-10T13:26:32.559066Z"
[Licensing::Module] Error: Access token is unavailable; failed to update
[Licensing::Client] Successfully resolved entitlement details
[Licensing::Module] License group:
  Id: 4513980-UnityPersXXXX
  Product: Unity Personal
  Type: Assigned
  Expiration: Unlimited
[Licensing::Client] Successfully updated license, isAsync: True, time: 0.00
[Licensing::Module] Licensing Background thread has ended after 0.38s
[Licensing::Module] Licensing is initialized (took 0.03s).
[Licensing::Client] Successfully resolved entitlement details
Library Redirect Path: Library/
[Physics::Module] Selected backend.
[Physics::Module] Name: PhysX
[Physics::Module] Id: 0xf2b8ea05
[Physics::Module] SDK Version: 4.1.2
[Physics::Module] Integration Version: 1.0.0
[Physics::Module] Threading Mode: Multi-Threaded
Initialize engine version: 6000.5.6f1 (0e0577a1a2ac)
[Subsystems] Discovering subsystems at path /Applications/Unity/Hub/Editor/6000.5.6f1/Unity.app/Contents/Resources/UnitySubsystems
[Subsystems] Discovering subsystems at path /Users/jangyoung/orca/unknown/unity/Unknown/Assets
Forcing GfxDevice: Null
GfxDevice: creating device client; kGfxThreadingModeNonThreaded
NullGfxDevice:
    Version:  NULL 1.0 [1.0]
    Renderer: Null Device
    Vendor:   Unity Technologies
Initialize mono
Mono path[0] = '/Applications/Unity/Hub/Editor/6000.5.6f1/Unity.app/Contents/Resources/Scripting/Managed'
Mono path[1] = '/Applications/Unity/Hub/Editor/6000.5.6f1/Unity.app/Contents/Resources/Scripting/BCLExtensions/runtime/netstandard2.1'
Mono path[2] = '/Applications/Unity/Hub/Editor/6000.5.6f1/Unity.app/Contents/Resources/Scripting/MonoBleedingEdge/lib/mono/unityjit-macos'
Mono config path = '/Applications/Unity/Hub/Editor/6000.5.6f1/Unity.app/Contents/Resources/Scripting/MonoBleedingEdge/etc'
Using monoOptions --debugger-agent=transport=dt_socket,embedding=1,server=y,suspend=n,address=127.0.0.1:56334
CodeReloadManager initialized
ImportWorker Server TCP listen port: 0
AcceleratorClientConnectionCallback - disconnected - :0
Begin MonoManager ReloadAssembly
Registering precompiled unity dll's ...
Register platform support module: /Applications/Unity/Hub/Editor/6000.5.6f1/PlaybackEngines/WebGLSupport/UnityEditor.WebGL.Extensions.dll
Register platform support module: /Applications/Unity/Hub/Editor/6000.5.6f1/PlaybackEngines/MacStandaloneSupport/UnityEditor.OSXStandalone.Extensions.dll
Registered in 0.001778 seconds.
Native extension for OSXStandalone target not found
Native extension for WebGL target not found
Package Manager log level set to [2]
ScheduleIndexationOnStartup MainProcess:False IndexOnStartup:True
Mono: successfully reloaded assembly
- Finished resetting the current domain, in  0.285 seconds
Domain Reload Profiling: 705ms
	BeginReloadAssembly (159ms)
		CreateAndSetChildDomain (14ms)
	RebuildCommonClasses (3ms)
	RebuildNativeTypeToScriptingClass (13ms)
	initialDomainReloadingComplete (39ms)
	LoadAllAssembliesAndSetupDomain (205ms)
		LoadAssemblies (145ms)
		AnalyzeDomain (157ms)
			TypeCache.Refresh (156ms)
				TypeCache.ScanAssembly (144ms)
	FinalizeReload (286ms)
		SetupLoadedEditorAssemblies (0ms)
			InitializePlatformSupportModulesInManaged (4ms)
			BeforeProcessingInitializeOnLoad (59ms)
			ProcessInitializeOnLoadAttributes (64ms)
			ProcessInitializeOnLoadMethodAttributes (107ms)
[Licensing::Client] Successfully resolved entitlement details
Application.AssetDatabase Initial Refresh Start
[Package Manager] Restoring resolved packages state from cache
[Licensing::Client] Successfully resolved entitlement details
[Package Manager] Registered 55 packages:
  Packages from [https://packages.unity.com]:
    com.unity.inputsystem@1.20.0 (location: /Users/jangyoung/orca/unknown/unity/Unknown/Library/PackageCache/com.unity.inputsystem@7a4e1a2a8194)
    com.unity.localization@1.5.13 (location: /Users/jangyoung/orca/unknown/unity/Unknown/Library/PackageCache/com.unity.localization@ef5a0677859d)
    com.unity.addressables@2.9.1 (location: /Users/jangyoung/orca/unknown/unity/Unknown/Library/PackageCache/com.unity.addressables@8460f1c9c927)
    com.unity.nuget.newtonsoft-json@3.2.2 (location: /Users/jangyoung/orca/unknown/unity/Unknown/Library/PackageCache/com.unity.nuget.newtonsoft-json@4dfd81071c64)
    com.unity.searcher@4.9.4 (location: /Users/jangyoung/orca/unknown/unity/Unknown/Library/PackageCache/com.unity.searcher@d45a78918735)
    com.unity.burst@1.8.29 (location: /Users/jangyoung/orca/unknown/unity/Unknown/Library/PackageCache/com.unity.burst@6bb9aca3ef38)
    com.unity.profiling.core@1.0.3 (location: /Users/jangyoung/orca/unknown/unity/Unknown/Library/PackageCache/com.unity.profiling.core@8a49f7027d06)
    com.unity.scriptablebuildpipeline@2.6.1 (location: /Users/jangyoung/orca/unknown/unity/Unknown/Library/PackageCache/com.unity.scriptablebuildpipeline@36e3b5898ee2)
    com.unity.nuget.mono-cecil@1.11.6 (location: /Users/jangyoung/orca/unknown/unity/Unknown/Library/PackageCache/com.unity.nuget.mono-cecil@ecb9724e46ff)
    com.unity.test-framework.performance@3.5.0 (location: /Users/jangyoung/orca/unknown/unity/Unknown/Library/PackageCache/com.unity.test-framework.performance@8b56083ec0f0)
  Built-in packages:
    com.unity.render-pipelines.universal@17.5.0 (location: /Users/jangyoung/orca/unknown/unity/Unknown/Library/PackageCache/com.unity.render-pipelines.universal@73b4c4ff130e)
    com.unity.test-framework@1.7.0 (location: /Users/jangyoung/orca/unknown/unity/Unknown/Library/PackageCache/com.unity.test-framework@1405238725ab)
    com.unity.ugui@2.5.0 (location: /Users/jangyoung/orca/unknown/unity/Unknown/Library/PackageCache/com.unity.ugui@67707a67a4ab)
    com.unity.modules.accessibility@1.0.0 (location: /Users/jangyoung/orca/unknown/unity/Unknown/Library/PackageCache/com.unity.modules.accessibility)
    com.unity.modules.adaptiveperformance@1.0.0 (location: /Users/jangyoung/orca/unknown/unity/Unknown/Library/PackageCache/com.unity.modules.adaptiveperformance)
    com.unity.modules.ai@1.0.0 (location: /Users/jangyoung/orca/unknown/unity/Unknown/Library/PackageCache/com.unity.modules.ai)
    com.unity.modules.androidjni@1.0.0 (location: /Users/jangyoung/orca/unknown/unity/Unknown/Library/PackageCache/com.unity.modules.androidjni)
    com.unity.modules.animation@1.0.0 (location: /Users/jangyoung/orca/unknown/unity/Unknown/Library/PackageCache/com.unity.modules.animation)
    com.unity.modules.assetbundle@1.0.0 (location: /Users/jangyoung/orca/unknown/unity/Unknown/Library/PackageCache/com.unity.modules.assetbundle)
    com.unity.modules.audio@1.0.0 (location: /Users/jangyoung/orca/unknown/unity/Unknown/Library/PackageCache/com.unity.modules.audio)
    com.unity.modules.cloth@1.0.0 (location: /Users/jangyoung/orca/unknown/unity/Unknown/Library/PackageCache/com.unity.modules.cloth)
    com.unity.modules.director@1.0.0 (location: /Users/jangyoung/orca/unknown/unity/Unknown/Library/PackageCache/com.unity.modules.director)
    com.unity.modules.imageconversion@1.0.0 (location: /Users/jangyoung/orca/unknown/unity/Unknown/Library/PackageCache/com.unity.modules.imageconversion)
    com.unity.modules.imgui@1.0.0 (location: /Users/jangyoung/orca/unknown/unity/Unknown/Library/PackageCache/com.unity.modules.imgui)
    com.unity.modules.jsonserialize@1.0.0 (location: /Users/jangyoung/orca/unknown/unity/Unknown/Library/PackageCache/com.unity.modules.jsonserialize)
    com.unity.modules.particlesystem@1.0.0 (location: /Users/jangyoung/orca/unknown/unity/Unknown/Library/PackageCache/com.unity.modules.particlesystem)
    com.unity.modules.physics@1.0.0 (location: /Users/jangyoung/orca/unknown/unity/Unknown/Library/PackageCache/com.unity.modules.physics)
    com.unity.modules.physics2d@1.0.0 (location: /Users/jangyoung/orca/unknown/unity/Unknown/Library/PackageCache/com.unity.modules.physics2d)
    com.unity.modules.physicscore2d@1.0.0 (location: /Users/jangyoung/orca/unknown/unity/Unknown/Library/PackageCache/com.unity.modules.physicscore2d)
    com.unity.modules.screencapture@1.0.0 (location: /Users/jangyoung/orca/unknown/unity/Unknown/Library/PackageCache/com.unity.modules.screencapture)
    com.unity.modules.terrain@1.0.0 (location: /Users/jangyoung/orca/unknown/unity/Unknown/Library/PackageCache/com.unity.modules.terrain)
    com.unity.modules.terrainphysics@1.0.0 (location: /Users/jangyoung/orca/unknown/unity/Unknown/Library/PackageCache/com.unity.modules.terrainphysics)
    com.unity.modules.tilemap@1.0.0 (location: /Users/jangyoung/orca/unknown/unity/Unknown/Library/PackageCache/com.unity.modules.tilemap)
    com.unity.modules.ui@1.0.0 (location: /Users/jangyoung/orca/unknown/unity/Unknown/Library/PackageCache/com.unity.modules.ui)
    com.unity.modules.uielements@1.0.0 (location: /Users/jangyoung/orca/unknown/unity/Unknown/Library/PackageCache/com.unity.modules.uielements)
    com.unity.modules.umbra@1.0.0 (location: /Users/jangyoung/orca/unknown/unity/Unknown/Library/PackageCache/com.unity.modules.umbra)
    com.unity.modules.unityanalytics@1.0.0 (location: /Users/jangyoung/orca/unknown/unity/Unknown/Library/PackageCache/com.unity.modules.unityanalytics)
    com.unity.modules.unitywebrequest@1.0.0 (location: /Users/jangyoung/orca/unknown/unity/Unknown/Library/PackageCache/com.unity.modules.unitywebrequest)
    com.unity.modules.unitywebrequestassetbundle@1.0.0 (location: /Users/jangyoung/orca/unknown/unity/Unknown/Library/PackageCache/com.unity.modules.unitywebrequestassetbundle)
    com.unity.modules.unitywebrequestaudio@1.0.0 (location: /Users/jangyoung/orca/unknown/unity/Unknown/Library/PackageCache/com.unity.modules.unitywebrequestaudio)
    com.unity.modules.unitywebrequesttexture@1.0.0 (location: /Users/jangyoung/orca/unknown/unity/Unknown/Library/PackageCache/com.unity.modules.unitywebrequesttexture)
    com.unity.modules.unitywebrequestwww@1.0.0 (location: /Users/jangyoung/orca/unknown/unity/Unknown/Library/PackageCache/com.unity.modules.unitywebrequestwww)
    com.unity.modules.vectorgraphics@1.0.0 (location: /Users/jangyoung/orca/unknown/unity/Unknown/Library/PackageCache/com.unity.modules.vectorgraphics)
    com.unity.modules.vehicles@1.0.0 (location: /Users/jangyoung/orca/unknown/unity/Unknown/Library/PackageCache/com.unity.modules.vehicles)
    com.unity.modules.video@1.0.0 (location: /Users/jangyoung/orca/unknown/unity/Unknown/Library/PackageCache/com.unity.modules.video)
    com.unity.modules.wind@1.0.0 (location: /Users/jangyoung/orca/unknown/unity/Unknown/Library/PackageCache/com.unity.modules.wind)
    com.unity.modules.xr@1.0.0 (location: /Users/jangyoung/orca/unknown/unity/Unknown/Library/PackageCache/com.unity.modules.xr)
    com.unity.modules.subsystems@1.0.0 (location: /Users/jangyoung/orca/unknown/unity/Unknown/Library/PackageCache/com.unity.modules.subsystems)
    com.unity.modules.hierarchycore@1.0.0 (location: /Users/jangyoung/orca/unknown/unity/Unknown/Library/PackageCache/com.unity.modules.hierarchycore)
    com.unity.ext.nunit@2.1.0 (location: /Users/jangyoung/orca/unknown/unity/Unknown/Library/PackageCache/com.unity.ext.nunit@44f7d31723bd)
    com.unity.render-pipelines.core@17.5.0 (location: /Users/jangyoung/orca/unknown/unity/Unknown/Library/PackageCache/com.unity.render-pipelines.core@645717f21c5f)
    com.unity.shadergraph@17.5.0 (location: /Users/jangyoung/orca/unknown/unity/Unknown/Library/PackageCache/com.unity.shadergraph@8d7376ec43ee)
    com.unity.render-pipelines.universal-config@17.5.0 (location: /Users/jangyoung/orca/unknown/unity/Unknown/Library/PackageCache/com.unity.render-pipelines.universal-config@fdda01c80fe3)
    com.unity.collections@6.5.0 (location: /Users/jangyoung/orca/unknown/unity/Unknown/Library/PackageCache/com.unity.collections@a43cabe808ca)
    com.unity.mathematics@1.4.0 (location: /Users/jangyoung/orca/unknown/unity/Unknown/Library/PackageCache/com.unity.mathematics@981956d94fb6)
[Subsystems] No new subsystems found in resolved package list.
[Package Manager] Done registering packages in 0.02 seconds
[ScriptCompilation] Requested script compilation because: AssetDatabase observed changes in script compilation related files
info: Microsoft.Hosting.Lifetime[14]
      Now listening on: http://unix:/tmp/ilpp.sock-91ce4cc105a82451580320b8034fc51a
info: Microsoft.Hosting.Lifetime[0]
      Application started. Press Ctrl+C to shut down.
info: Microsoft.Hosting.Lifetime[0]
      Hosting environment: Production
info: Microsoft.Hosting.Lifetime[0]
      Content root path: /Users/jangyoung/orca/unknown/unity/Unknown
info: Microsoft.AspNetCore.Hosting.Diagnostics[1]
      Request starting HTTP/2 POST http://ilpp/UnityILPP.PostProcessing/Ping - application/grpc -
info: Microsoft.AspNetCore.Routing.EndpointMiddleware[0]
      Executing endpoint 'gRPC - /UnityILPP.PostProcessing/Ping'
info: Microsoft.AspNetCore.Routing.EndpointMiddleware[1]
      Executed endpoint 'gRPC - /UnityILPP.PostProcessing/Ping'
info: Microsoft.AspNetCore.Hosting.Diagnostics[2]
      Request finished HTTP/2 POST http://ilpp/UnityILPP.PostProcessing/Ping - 200 - application/grpc 32.6724ms
Starting: /Applications/Unity/Hub/Editor/6000.5.6f1/Unity.app/Contents/Resources/BuildPipeline/bee_backend --ipc --defer-dag-verification --dagfile="Library/Bee/200b0aEDbg.dag" --continue-on-failure --profile="Library/Bee/backend1.traceevents" ScriptAssemblies
WorkingDir: /Users/jangyoung/orca/unknown/unity/Unknown
DisplayProgressbar: Compiling Scripts
info: Microsoft.AspNetCore.Hosting.Diagnostics[1]
      Request starting HTTP/2 POST http://ilpp/UnityILPP.PostProcessing/ConfigurePostProcessors - application/grpc -
info: Microsoft.AspNetCore.Routing.EndpointMiddleware[0]
      Executing endpoint 'gRPC - /UnityILPP.PostProcessing/ConfigurePostProcessors'
warn: Unity.ILPP.Runner.PostProcessingAssemblyLoadContext[0]
      Assembly system.runtime.interopservices.windowsruntime has duplicate hint path. Ignoring "/Applications/Unity/Hub/Editor/6000.5.6f1/Unity.app/Contents/Resources/Scripting/UnityReferenceAssemblies/unity-4.8-api/Facades/System.Runtime.InteropServices.WindowsRuntime.dll" in favor of "/Applications/Unity/Hub/Editor/6000.5.6f1/Unity.app/Contents/Resources/Scripting/NetStandard/Extensions/2.0.0/System.Runtime.InteropServices.WindowsRuntime.dll"
warn: Unity.ILPP.Runner.PostProcessingAssemblyLoadContext[0]
      Assembly system.componentmodel.composition has duplicate hint path. Ignoring "/Applications/Unity/Hub/Editor/6000.5.6f1/Unity.app/Contents/Resources/Scripting/UnityReferenceAssemblies/unity-4.8-api/System.ComponentModel.Composition.dll" in favor of "/Applications/Unity/Hub/Editor/6000.5.6f1/Unity.app/Contents/Resources/Scripting/NetStandard/compat/2.1.0/shims/netfx/System.ComponentModel.Composition.dll"
info: Unity.ILPP.Runner.PostProcessingAssemblyLoadContext[0]
      Resolved Unity.Burst.Cecil, Version=0.11.6.0, Culture=neutral, PublicKeyToken=50cebf1cceb9d05e with Library/PackageCache/com.unity.burst@6bb9aca3ef38/Unity.Burst.CodeGen/Unity.Burst.Cecil.dll
info: Unity.ILPP.Runner.PostProcessingAssemblyLoadContext[0]
      Resolved Mono.Cecil, Version=0.11.5.0, Culture=neutral, PublicKeyToken=50cebf1cceb9d05e with Library/PackageCache/com.unity.nuget.mono-cecil@ecb9724e46ff/Mono.Cecil.dll
info: Microsoft.AspNetCore.Routing.EndpointMiddleware[1]
      Executed endpoint 'gRPC - /UnityILPP.PostProcessing/ConfigurePostProcessors'
info: Microsoft.AspNetCore.Hosting.Diagnostics[2]
      Request finished HTTP/2 POST http://ilpp/UnityILPP.PostProcessing/ConfigurePostProcessors - 200 - application/grpc 19.8491ms
info: Microsoft.AspNetCore.Hosting.Diagnostics[1]
      Request starting HTTP/2 POST http://ilpp/UnityILPP.PostProcessing/PostProcessAssembly - application/grpc -
info: Microsoft.AspNetCore.Routing.EndpointMiddleware[0]
      Executing endpoint 'gRPC - /UnityILPP.PostProcessing/PostProcessAssembly'
info: Microsoft.AspNetCore.Hosting.Diagnostics[1]
      Request starting HTTP/2 POST http://ilpp/UnityILPP.PostProcessing/PostProcessAssembly - application/grpc -
info: Microsoft.AspNetCore.Routing.EndpointMiddleware[0]
      Executing endpoint 'gRPC - /UnityILPP.PostProcessing/PostProcessAssembly'
info: Microsoft.AspNetCore.Hosting.Diagnostics[1]
      Request starting HTTP/2 POST http://ilpp/UnityILPP.PostProcessing/PostProcessAssembly - application/grpc -
info: Microsoft.AspNetCore.Routing.EndpointMiddleware[0]
      Executing endpoint 'gRPC - /UnityILPP.PostProcessing/PostProcessAssembly'
info: Unity.ILPP.Runner.PostProcessingPipeline[0]
      Processing assembly Library/Bee/artifacts/200b0aEDbg.dag/Tide.App.dll, with 137 defines and 294 references
info: Unity.ILPP.Runner.PostProcessingPipeline[0]
      Processing assembly Library/Bee/artifacts/200b0aEDbg.dag/Tide.EditorTools.dll, with 135 defines and 305 references
info: Unity.ILPP.Runner.PostProcessingPipeline[0]
      processors: Unity.Jobs.CodeGen.JobsILPostProcessor, zzzUnity.Burst.CodeGen.BurstILPostProcessor
info: Unity.ILPP.Runner.PostProcessingPipeline[0]
      processors: Unity.Jobs.CodeGen.JobsILPostProcessor, zzzUnity.Burst.CodeGen.BurstILPostProcessor
info: Unity.ILPP.Runner.PostProcessingPipeline[0]
      Processing assembly Library/Bee/artifacts/200b0aEDbg.dag/Tide.Tests.Sim.dll, with 136 defines and 301 references
info: Unity.ILPP.Runner.PostProcessingPipeline[0]
      processors: Unity.Jobs.CodeGen.JobsILPostProcessor, zzzUnity.Burst.CodeGen.BurstILPostProcessor
info: Unity.ILPP.Runner.PostProcessingPipeline[0]
      running Unity.Jobs.CodeGen.JobsILPostProcessor
info: Unity.ILPP.Runner.PostProcessingPipeline[0]
      running Unity.Jobs.CodeGen.JobsILPostProcessor
info: Unity.ILPP.Runner.PostProcessingPipeline[0]
      running Unity.Jobs.CodeGen.JobsILPostProcessor
info: Unity.ILPP.Runner.PostProcessingPipeline[0]
      running zzzUnity.Burst.CodeGen.BurstILPostProcessor
info: Unity.ILPP.Runner.PostProcessingPipeline[0]
      running zzzUnity.Burst.CodeGen.BurstILPostProcessor
info: Unity.ILPP.Runner.PostProcessingPipeline[0]
      running zzzUnity.Burst.CodeGen.BurstILPostProcessor
info: Microsoft.AspNetCore.Routing.EndpointMiddleware[1]
      Executed endpoint 'gRPC - /UnityILPP.PostProcessing/PostProcessAssembly'
info: Microsoft.AspNetCore.Routing.EndpointMiddleware[1]
      Executed endpoint 'gRPC - /UnityILPP.PostProcessing/PostProcessAssembly'
info: Microsoft.AspNetCore.Routing.EndpointMiddleware[1]
      Executed endpoint 'gRPC - /UnityILPP.PostProcessing/PostProcessAssembly'
info: Microsoft.AspNetCore.Hosting.Diagnostics[2]
      Request finished HTTP/2 POST http://ilpp/UnityILPP.PostProcessing/PostProcessAssembly - 200 - application/grpc 15.4399ms
info: Microsoft.AspNetCore.Hosting.Diagnostics[2]
      Request finished HTTP/2 POST http://ilpp/UnityILPP.PostProcessing/PostProcessAssembly - 200 - application/grpc 17.6295ms
info: Microsoft.AspNetCore.Hosting.Diagnostics[2]
      Request finished HTTP/2 POST http://ilpp/UnityILPP.PostProcessing/PostProcessAssembly - 200 - application/grpc 19.0979ms
info: Microsoft.AspNetCore.Hosting.Diagnostics[1]
      Request starting HTTP/2 POST http://ilpp/UnityILPP.PostProcessing/PostProcessAssembly - application/grpc -
info: Microsoft.AspNetCore.Routing.EndpointMiddleware[0]
      Executing endpoint 'gRPC - /UnityILPP.PostProcessing/PostProcessAssembly'
info: Unity.ILPP.Runner.PostProcessingPipeline[0]
      Processing assembly Library/Bee/artifacts/200b0aEDbg.dag/Tide.Tests.Play.dll, with 138 defines and 292 references
info: Unity.ILPP.Runner.PostProcessingPipeline[0]
      processors: Unity.Jobs.CodeGen.JobsILPostProcessor, zzzUnity.Burst.CodeGen.BurstILPostProcessor
info: Unity.ILPP.Runner.PostProcessingPipeline[0]
      running Unity.Jobs.CodeGen.JobsILPostProcessor
info: Unity.ILPP.Runner.PostProcessingPipeline[0]
      running zzzUnity.Burst.CodeGen.BurstILPostProcessor
info: Microsoft.AspNetCore.Routing.EndpointMiddleware[1]
      Executed endpoint 'gRPC - /UnityILPP.PostProcessing/PostProcessAssembly'
info: Microsoft.AspNetCore.Hosting.Diagnostics[2]
      Request finished HTTP/2 POST http://ilpp/UnityILPP.PostProcessing/PostProcessAssembly - 200 - application/grpc 6.5272ms
ExitCode: 0 Duration: 3s99ms
[620/820    0s] ILPP-Configuration Library/ilpp-configuration.nevergeneratedoutput
[804/820    2s] Csc Library/Bee/artifacts/200b0aEDbg.dag/Tide.App.dll (+2 others)
Assets/_Project/App/T0GameSession.cs(96,56): warning CS0618: 'FindObjectsSortMode' is obsolete: 'FindObjectsSortMode has been deprecated. Use the FindObjectsByType overloads that do not take a FindObjectsSortMode parameter.'
Assets/_Project/App/T0GameSession.cs(96,28): warning CS0618: 'Object.FindObjectsByType<T>(FindObjectsSortMode)' is obsolete: 'FindObjectsByType with FindObjectsSortMode parameter has been deprecated. Use FindObjectsByType<T>() or FindObjectsByType<T>(FindObjectsInactive) instead. InstanceID will be replaced in the future with EntityId and previous sort order cannot be maintained.'
[807/820    0s] ILPostProcess Library/Bee/artifacts/200b0aEDbg.dag/post-processed/Tide.App.dll (+pdb)
Processing assembly Library/Bee/artifacts/200b0aEDbg.dag/Tide.App.dll, with 137 defines and 294 references
processors: Unity.Jobs.CodeGen.JobsILPostProcessor, zzzUnity.Burst.CodeGen.BurstILPostProcessor
running Unity.Jobs.CodeGen.JobsILPostProcessor
running zzzUnity.Burst.CodeGen.BurstILPostProcessor
[808/820    0s] ILPostProcess Library/Bee/artifacts/200b0aEDbg.dag/post-processed/Tide.EditorTools.dll (+pdb)
Processing assembly Library/Bee/artifacts/200b0aEDbg.dag/Tide.EditorTools.dll, with 135 defines and 305 references
processors: Unity.Jobs.CodeGen.JobsILPostProcessor, zzzUnity.Burst.CodeGen.BurstILPostProcessor
running Unity.Jobs.CodeGen.JobsILPostProcessor
running zzzUnity.Burst.CodeGen.BurstILPostProcessor
[809/820    0s] ILPostProcess Library/Bee/artifacts/200b0aEDbg.dag/post-processed/Tide.Tests.Sim.dll (+pdb)
Processing assembly Library/Bee/artifacts/200b0aEDbg.dag/Tide.Tests.Sim.dll, with 136 defines and 301 references
processors: Unity.Jobs.CodeGen.JobsILPostProcessor, zzzUnity.Burst.CodeGen.BurstILPostProcessor
running Unity.Jobs.CodeGen.JobsILPostProcessor
running zzzUnity.Burst.CodeGen.BurstILPostProcessor
[814/820    0s] CopyFiles Library/ScriptAssemblies/Tide.App.dll
[815/820    0s] CopyFiles Library/ScriptAssemblies/Tide.App.pdb
[816/820    0s] Csc Library/Bee/artifacts/200b0aEDbg.dag/Tide.Tests.Play.dll (+2 others)
[817/820    0s] ILPostProcess Library/Bee/artifacts/200b0aEDbg.dag/post-processed/Tide.Tests.Play.dll (+pdb)
Processing assembly Library/Bee/artifacts/200b0aEDbg.dag/Tide.Tests.Play.dll, with 138 defines and 292 references
processors: Unity.Jobs.CodeGen.JobsILPostProcessor, zzzUnity.Burst.CodeGen.BurstILPostProcessor
running Unity.Jobs.CodeGen.JobsILPostProcessor
running zzzUnity.Burst.CodeGen.BurstILPostProcessor
[818/820    0s] CopyFiles Library/ScriptAssemblies/Tide.Tests.Play.dll
[819/820    0s] CopyFiles Library/ScriptAssemblies/Tide.Tests.Play.pdb
*** Tundra build success (3.08 seconds), 11 items updated, 820 evaluated
Assets/_Project/App/T0GameSession.cs(96,56): warning CS0618: 'FindObjectsSortMode' is obsolete: 'FindObjectsSortMode has been deprecated. Use the FindObjectsByType overloads that do not take a FindObjectsSortMode parameter.'
Assets/_Project/App/T0GameSession.cs(96,28): warning CS0618: 'Object.FindObjectsByType<T>(FindObjectsSortMode)' is obsolete: 'FindObjectsByType with FindObjectsSortMode parameter has been deprecated. Use FindObjectsByType<T>() or FindObjectsByType<T>(FindObjectsInactive) instead. InstanceID will be replaced in the future with EntityId and previous sort order cannot be maintained.'
AssetDatabase: script compilation time: 3.783824s
Total cache size 72886336
Total cache size after purge 72886336, took 00:00:00.0833273
Begin MonoManager ReloadAssembly
Symbol file LoadedFromMemory is not a mono symbol file
Native extension for OSXStandalone target not found
Native extension for WebGL target not found
ScheduleIndexationOnStartup MainProcess:True IndexOnStartup:True
Mono: successfully reloaded assembly
- Finished resetting the current domain, in  2.841 seconds
Domain Reload Profiling: 3407ms
	BeginReloadAssembly (169ms)
		DisableScriptedObjects (61ms)
		CreateAndSetChildDomain (27ms)
	RebuildCommonClasses (5ms)
	RebuildNativeTypeToScriptingClass (12ms)
	initialDomainReloadingComplete (26ms)
	LoadAllAssembliesAndSetupDomain (353ms)
		LoadAssemblies (198ms)
		AnalyzeDomain (123ms)
			TypeCache.Refresh (91ms)
				TypeCache.ScanAssembly (80ms)
			BuildScriptInfoCaches (28ms)
			ResolveRequiredComponents (3ms)
	FinalizeReload (2842ms)
		SetupLoadedEditorAssemblies (0ms)
			BeforeProcessingInitializeOnLoad (57ms)
			ProcessInitializeOnLoadAttributes (2327ms)
			ProcessInitializeOnLoadMethodAttributes (304ms)
		AwakeInstancesAfterBackupRestoration (9ms)
Importing 'GUID: f1fe32ae87dd24391990d9239c95d425 - Path: Assets/_Project/Resources/T0Strings.json' with importer (TextScriptImporter)
Imported 'GUID: f1fe32ae87dd24391990d9239c95d425' -> (Import Result ID: '861a02c234d3a638289113108289df38') in 0.374 seconds [static dependencies only]. Details - ImportResultOutputID=42491c3337d5926df8eb8d4465c0e380 DependenciesID=353c4634aee055dc1d3765329bf0b552 StaticDependenciesID=42d2fe3e4652d31a599b876e003e849e 
Starting new worker id: 0 with log in /Users/jangyoung/orca/unknown/unity/Unknown/Logs/AssetImportWorkerHW0.log

Asset Pipeline Refresh (id=26f084a49cd8c4082b899294344ede6d): Total: 8.616 seconds - Initiated by InitialRefreshV2(ForceSynchronousImport)
	(Values over 0.05ms)
	Summary:
		Imports: total=1 (actual=1, local cache=0, cache server=0)
		Asset DB Process Time: managed=0 ms, native=3971 ms
		Asset DB Callback time: managed=204 ms, native=24 ms
		Scripting: domain reloads=1, domain reload time=584 ms, compile time=3785 ms, other=46 ms
		Project Asset Count: scripts=1109, non-scripts=1938
		Asset File Changes: new=0, changed=3, moved=0, deleted=0
		Scan Filter Count: 1
	InvokePackagesCallback: 24.140ms
	ApplyChangesToAssetFolders: 0.293ms
	Scan: 418.726ms
	Collect global state as custom dependencies: 10.738ms
	OnSourceAssetsModified: 0.340ms
	CategorizeScriptCompilationAssets: 39.722ms
	ProcessAssetsWithTransientArtifactChanges: 36.849ms
	CategorizeAssets: 60.583ms
	CompileScripts: 3784.583ms
	ImportOutOfDateAssets: 3264.175ms (2856.379ms without children)
		ImportManagerImport: 379.213ms (2.766ms without children)
		UnloadImportedAssets: 1.930ms
		EnsureUptoDateAssetsAreRegisteredWithGuidPM: 0.393ms
		ImportSchedulerStart: 26.231ms
	PostProcessAllAssets: 205.476ms
		VCAutoAddAssetPostprocess 1.355ms
		XRBuildSystem.XRAssetImported 0.051ms
		MonoPostProcessAllAssets: 203.767ms
			AssetPostprocessor.OnPostprocessAllAssets 113.921ms
			UniversalRenderPipelineGlobalSettingsPostprocessor.OnPostprocessAllAssets 41.271ms
			StyleCatalogPostProcessor.OnPostprocessAllAssets 17.494ms
			BuilderAssetPostprocessor.OnPostprocessAllAssets 3.634ms
			SyncVS.PostprocessSyncProject 3.036ms
			SpeedTree9Postprocessor.OnPostprocessAllAssets 1.983ms
			WindowAssetPostprocessingWatcher.OnPostprocessAllAssets 1.584ms
			RenderPipelineGlobalSettingsPostprocessor.OnPostprocessAllAssets 1.472ms
			ShaderGraphAssetPostProcessor.OnPostprocessAllAssets 1.402ms
			AssetChangedListener.OnPostprocessAllAssets 1.318ms
			InputActionJsonNameModifierAssetProcessor.OnPostprocessAllAssets 1.223ms
			AddressablesAssetPostProcessor.OnPostprocessAllAssets 0.955ms
			LocalizationAssetPostProcessor.OnPostprocessAllAssets 0.891ms
			RetainedModeAssetPostprocessor.OnPostprocessAllAssets 0.835ms
			MaterialPostprocessor.OnPostprocessAllAssets 0.735ms
			EditModeScopePostprocessor.OnPostprocessAllAssets 0.516ms
			ArtifactBrowserPostProcessor.OnPostprocessAllAssets 0.346ms
			AssetPathToTypes.OnPostprocessAllAssets 0.311ms
			PostProcessor.OnPostprocessAllAssets 0.302ms
			TMPro_TexturePostProcessor.OnPostprocessAllAssets 0.283ms
			ShaderReflectionAssetPostProcessor.OnPostprocessAllAssets 0.251ms
			InputActionAssetPostprocessor.OnPostprocessAllAssets 0.250ms
			TextAssetPostProcessor.OnPostprocessAllAssets 0.222ms
			SampleDependencyImporterPostProcessor.OnPostprocessAllAssets 0.214ms
			AudioMixerPostprocessor.OnPostprocessAllAssets 0.168ms
			AssetEvents.OnPostprocessAllAssets 0.163ms
			TerrainToolbarOverlayPostProcessor.OnPostprocessAllAssets 0.131ms
			ConfigAssetsTracker.OnPostprocessAllAssets 0.124ms
			ProjectSettingsPostprocessor.OnPostprocessAllAssets 0.118ms
			ReferencedClipsPostProcessor.OnPostprocessAllAssets 0.112ms
			AssetDatabaseCallbacks.OnPostprocessAllAssets 0.102ms
			SpeedTreePostProcessor.OnPostprocessAllAssets 0.093ms
			ScenarioDriftAssetsTracker.OnPostprocessAllAssets 0.068ms
	PostAssetChangesProfiler: 1.144ms
	UnloadStreamsBegin: 1.063ms
	PersistCurrentRevisions: 0.134ms
	GenerateScriptTypeHashes: 1.226ms
	GenerateScriptTypeSerializationHashes: 2.170ms
	Untracked: 763.101ms

Application.AssetDatabase Initial Refresh End
Shader Hidden/ChartRasterizerHardware is not supported: GPU does not support conservative rasterization
Shader Hidden/ChartRasterizerHardware is not supported: GPU does not support conservative rasterization
Scanning for USB devices : 0.027ms
Initializing Unity extensions:
[MODES] ModeService[none].Initialize
[MODES] ModeService[none].LoadModes
[MODES] Loading mode Default (0) for mode-current-id-Unknown T0
Unloading 66 Unused Serialized files (Serialized files now loaded: 0)
Unloading 4738 unused Assets / (9.0 MB). Loaded Objects now: 5575.
Memory consumption went from 249.7 MB to 240.8 MB.
Total: 11.197333 ms (FindLiveObjects: 0.272166 ms CreateObjectMapping: 1.140084 ms MarkObjects: 5.667125 ms  DeleteObjects: 4.117667 ms)

[Project] Loading completed in 10.879 seconds
	Project init time: 				10.306 seconds
		Template init time: 		0.000 seconds
		Package Manager init time: 		0.244 seconds
		Asset Database init time: 		0.275 seconds
		Global illumination init time: 	0.001 seconds
		Assemblies load time: 			0.771 seconds
		Unity extensions init time: 	0.008 seconds
		Asset Database refresh time: 	8.616 seconds
	Scene opening time: 			0.474 seconds
##utp:{"type":"ProjectInfo","version":2,"phase":"Immediate","time":1789046803051,"processId":31334,"projectLoad":10.879281542000001,"projectInit":10.306177625,"templateInit":0.0,"packageManagerInit":0.244388959,"assetDatabaseInit":0.2754505,"globalIlluminationInit":0.000622375,"assembliesLoad":0.771397833,"unityExtensionsInit":0.0082095,"assetDatabaseRefresh":8.616220833,"sceneOpening":0.473556667}
##utp:{"type":"EditorInfo","version":2,"phase":"Immediate","time":1789046803051,"processId":31334,"editorVersion":"6000.5.6f1 (0e0577a1a2ac)","branch":"6000.5/staging","buildType":"Release","platform":"OSX"}
[Licensing::Client] Successfully resolved entitlement details
Running tests for ExecutionSettings with details:
targetPlatform = 
playerHeartbeatTimeout = 600
filters[0] = 
   Filter with settings:
   testMode = PlayMode
   targetPlatform = 
   testNames = null
   groupNames = Tide.Tests.T0CaseThreadTests.CaseThreadFollowsLiveCitationsWithoutMutatingPuzzleOrNavigation
   categoryNames = null
   assemblyNames = null
ignoreTests = {}
featureFlags = null

UnityEngine.Debug:ExtractStackTraceNoAlloc (byte*,int,string)
UnityEngine.StackTraceUtility:ExtractStackTrace () (at /Users/bokken/build/output/unity/unity/Runtime/Export/Scripting/StackTrace.cs:35)
UnityEngine.DebugLogHandler:Internal_Log (UnityEngine.LogType,UnityEngine.LogOption,string,UnityEngine.Object)
UnityEngine.DebugLogHandler:LogFormat (UnityEngine.LogType,UnityEngine.Object,string,object[])
UnityEngine.Logger:Log (UnityEngine.LogType,object)
UnityEngine.Debug:Log (object)
UnityEditor.TestTools.TestRunner.CommandLineTest.Executer:InitializeAndExecuteRun (string[]) (at ./Library/PackageCache/com.unity.test-framework@1405238725ab/UnityEditor.TestRunner/CommandLineTest/Executer.cs:53)
UnityEditor.TestTools.TestRunner.CommandLineTest.TestStarter:InitializeAndExecuteRun () (at ./Library/PackageCache/com.unity.test-framework@1405238725ab/UnityEditor.TestRunner/CommandLineTest/TestStarter.cs:64)
UnityEditor.EditorApplication:Internal_CallUpdateFunctions () (at /Users/bokken/build/output/unity/unity/Editor/Mono/EditorApplication.cs:403)

(Filename: ./Library/PackageCache/com.unity.test-framework@1405238725ab/UnityEditor.TestRunner/CommandLineTest/Executer.cs Line: 53)

DisplayProgressbar: Material Upgrader re-import
Importing 'GUID: c0a66792f7fa44b3dad8be3be7ced59f - Path: Assets/_Project/Rendering/Workbench-behind-drawer.mat' with importer (NativeFormatImporter)
Imported 'GUID: c0a66792f7fa44b3dad8be3be7ced59f' -> (Import Result ID: '8802d5cc3fd4258d70865511393e64bb') in 0.002 seconds [static dependencies only]. Details - ImportResultOutputID=2905a637ef0d5940234584cca4f28c2b DependenciesID=c52404109f135ec0ba5db10405925321 StaticDependenciesID=fd650ee76f617a0ce95baba34f15e3fc 
Importing 'GUID: 31d0dcc6f2dd4e4408d18036a2c93862 - Path: Packages/com.unity.render-pipelines.universal/Runtime/Materials/Decal.mat' with importer (NativeFormatImporter)
Imported 'GUID: 31d0dcc6f2dd4e4408d18036a2c93862' -> (Import Result ID: 'ef79708a60c3c4ece06710b8976a248b') in 0.001 seconds [static dependencies only]. Details - ImportResultOutputID=27f50545369d9b2b39b980276ea7c8ce DependenciesID=6898307ec4d5829ba4fedd5449e1f8cd StaticDependenciesID=9d2b538186766cdea4572e40c03c635e 
Importing 'GUID: 31321ba15b8f8eb4c954353edc038b1d - Path: Packages/com.unity.render-pipelines.universal/Runtime/Materials/Lit.mat' with importer (NativeFormatImporter)
Imported 'GUID: 31321ba15b8f8eb4c954353edc038b1d' -> (Import Result ID: '4c8ede662b20c3740ae26f43134ed3d8') in 0.001 seconds [static dependencies only]. Details - ImportResultOutputID=a48f7e6bcfa276d974788b68dcece99b DependenciesID=893bdee158e2adf62e63a3c2b5dbb49e StaticDependenciesID=a00cb8fafba8bef907e84982d4e5fc0f 
Importing 'GUID: 71942363c5608a64bb62421349d39c9c - Path: Packages/com.unity.render-pipelines.universal/Runtime/Materials/Mesh2D-Unlit-Default.mat' with importer (NativeFormatImporter)
Imported 'GUID: 71942363c5608a64bb62421349d39c9c' -> (Import Result ID: '1c63ebd096d1dc63637269212e831814') in 0.001 seconds [static dependencies only]. Details - ImportResultOutputID=60d5319d12ec6601090f4dc3bc877827 DependenciesID=adcfc61bb784393db7c4103a386cc4b5 StaticDependenciesID=59c90dc2243876194b53d83023ab9d26 
Importing 'GUID: 528b930e815ff4481932c0d49ab68151 - Path: Assets/_Project/Rendering/Authored-workbench.mat' with importer (NativeFormatImporter)
Imported 'GUID: 528b930e815ff4481932c0d49ab68151' -> (Import Result ID: '6025e49390812a8871246d2a20ce7e40') in 0.001 seconds [static dependencies only]. Details - ImportResultOutputID=ec361bc6f219caa6e7f1c85e624307ee DependenciesID=83e17729794e425a157a3dcf9646781d StaticDependenciesID=4ff33fa2e2462a0b9c66b1764f854f63 
Importing 'GUID: 92f845725428c954b878da352f657fe5 - Path: Packages/com.unity.render-pipelines.universal/Editor/SceneTemplates/Materials/Emissive.mat' with importer (NativeFormatImporter)
Imported 'GUID: 92f845725428c954b878da352f657fe5' -> (Import Result ID: '881ecc6d9deee3fa93f2b08d974039b6') in 0.001 seconds [static dependencies only]. Details - ImportResultOutputID=9f409e454e8569eeb8775e57f716ca56 DependenciesID=7d05bb7e612ceee686327bb88a490120 StaticDependenciesID=501de644cea185f3c9957bd5250ada78 
Importing 'GUID: c2e40fa84d53ccd428f640eac126b1fb - Path: Packages/com.unity.render-pipelines.universal/Editor/SceneTemplates/Materials/Gold.mat' with importer (NativeFormatImporter)
Imported 'GUID: c2e40fa84d53ccd428f640eac126b1fb' -> (Import Result ID: '31ded021f3ccbf81dece516b36755ede') in 0.001 seconds [static dependencies only]. Details - ImportResultOutputID=f0de5be625a902497e1b3968ff56fe81 DependenciesID=203bc18e19184a372df6d4603b97fa8f StaticDependenciesID=46b054d517bce2536d35703be5a8781b 
Importing 'GUID: b34b07a45ba63ce47896c9e674f3a7a7 - Path: Packages/com.unity.render-pipelines.universal/Editor/SceneTemplates/Materials/Metal_Black.mat' with importer (NativeFormatImporter)
Imported 'GUID: b34b07a45ba63ce47896c9e674f3a7a7' -> (Import Result ID: 'acdff57133be86b9151b60f5cd1d30dc') in 0.001 seconds [static dependencies only]. Details - ImportResultOutputID=50434342d94f9f0e26d3f9360da27599 DependenciesID=d4d70d1bc7b0ea9e3593cc340e9ffeb8 StaticDependenciesID=687a2085688ddf0291fbe4ed36184eff 
Importing 'GUID: 9452ae1262a74094f8a68013fbcd1834 - Path: Packages/com.unity.render-pipelines.universal/Runtime/Materials/Mesh2D-Lit-Default.mat' with importer (NativeFormatImporter)
Imported 'GUID: 9452ae1262a74094f8a68013fbcd1834' -> (Import Result ID: 'eef75b5a53016cdd1ba9338eaff50934') in 0.000 seconds [static dependencies only]. Details - ImportResultOutputID=ef05c03ce5b163471a66828c6e89459a DependenciesID=5509a819a96b35c12f0c9c230e367539 StaticDependenciesID=feee5c3c2a0201765f179f6a86adac05 
Importing 'GUID: b4bd74afe28f34072bddf280b645b9ae - Path: Assets/_Project/Art/Candidates/drawer-r03/Casing.mat' with importer (NativeFormatImporter)
Imported 'GUID: b4bd74afe28f34072bddf280b645b9ae' -> (Import Result ID: 'e9da10693b3d8aab7aa20046d63805ad') in 0.001 seconds [static dependencies only]. Details - ImportResultOutputID=8e4e94bd5099544cdd53e3084b73908a DependenciesID=545fea9c0830ca3e9c32db41a39b9798 StaticDependenciesID=3b57cdbb61a5ecfbd202886d10f35dc8 
Importing 'GUID: 15d0c3709176029428a0da2f8cecf0b5 - Path: Packages/com.unity.render-pipelines.universal/Runtime/Materials/SpriteMask-Default.mat' with importer (NativeFormatImporter)
Imported 'GUID: 15d0c3709176029428a0da2f8cecf0b5' -> (Import Result ID: 'f267c51471e41e277f1f188669d45405') in 0.001 seconds [static dependencies only]. Details - ImportResultOutputID=23653bbd3de46b3d7d8a484de3efe886 DependenciesID=593d2337786597fdcf24d1caf40f3347 StaticDependenciesID=9e941c0560cafa6716990dd5af5b2b17 
Importing 'GUID: b51db210fe78df745a372851b3db949e - Path: Packages/com.unity.render-pipelines.universal/Runtime/Materials/SpatialMappingOcclusion.mat' with importer (NativeFormatImporter)
Imported 'GUID: b51db210fe78df745a372851b3db949e' -> (Import Result ID: '344bbd198f21552581322e35b7072878') in 0.002 seconds [static dependencies only]. Details - ImportResultOutputID=0ebc1c10df452e339ca0fb57c86cd699 DependenciesID=71e361a3aa85d87b6b9102382557f93a StaticDependenciesID=e7948557f156d5f9af17cd9ea2e3fce0 
Importing 'GUID: d5627287f2ca9499190b195fabd069a9 - Path: Assets/_Project/Rendering/Authored-plate-shelf.mat' with importer (NativeFormatImporter)
Imported 'GUID: d5627287f2ca9499190b195fabd069a9' -> (Import Result ID: '2f69b2aad87cd991ccf59486e1532a00') in 0.001 seconds [static dependencies only]. Details - ImportResultOutputID=2e30bd091b26209008d51d0d27f331c7 DependenciesID=52975ef531d32b51ae11a6e3eb69ab12 StaticDependenciesID=87d2055023b8d0b90e4aa837d2fc4c1f 
Importing 'GUID: e56a0a49760524c609af190ebaeca312 - Path: Assets/_Project/Rendering/Workbench-left-jamb.mat' with importer (NativeFormatImporter)
Imported 'GUID: e56a0a49760524c609af190ebaeca312' -> (Import Result ID: '6915cd87ff59b35b8bcb838a7a31e727') in 0.001 seconds [static dependencies only]. Details - ImportResultOutputID=2c8e96ddfdab10cac240daa143a06973 DependenciesID=d860b128ab3f7c1762a82a0ee54fffc3 StaticDependenciesID=1bc9e4f93c5c6b9f03a10fbd388695d2 
Importing 'GUID: 06a864e02129a45058fa411663b4af1b - Path: Assets/_Project/Rendering/Workbench-below-drawer.mat' with importer (NativeFormatImporter)
Imported 'GUID: 06a864e02129a45058fa411663b4af1b' -> (Import Result ID: 'cdade5d032210e711d772429e9fe1d77') in 0.000 seconds [static dependencies only]. Details - ImportResultOutputID=b19bc3f28d8880679e2a7e2a58dadbed DependenciesID=a71ccec775a35776ae691e0e9e5ee882 StaticDependenciesID=6ab5f48ffed7f5aa700ea2a3bffbb94e 
Importing 'GUID: 663c2ed3b4ee94ec3b9c6d8308366f97 - Path: Assets/_Project/Rendering/Authored-room-floor.mat' with importer (NativeFormatImporter)
Imported 'GUID: 663c2ed3b4ee94ec3b9c6d8308366f97' -> (Import Result ID: 'b1ad16f99e7009d1413177bb3ed5a4e6') in 0.001 seconds [static dependencies only]. Details - ImportResultOutputID=84b8ae958eb741b6eb4aac34465766e6 DependenciesID=fbae2ddf610f1171b12789537a6281fa StaticDependenciesID=ac2e676c1c4ac1cd03e1a39b764580bb 
Importing 'GUID: 761d8e1f988ed2345a28312145c79c6e - Path: Packages/com.unity.render-pipelines.universal/Editor/SceneTemplates/Materials/Ground.mat' with importer (NativeFormatImporter)
Imported 'GUID: 761d8e1f988ed2345a28312145c79c6e' -> (Import Result ID: 'c32d80706b827c17101e102950c20717') in 0.001 seconds [static dependencies only]. Details - ImportResultOutputID=bc7d8bc4bd721d9fa1ab598e3e037457 DependenciesID=0cf9e7068ec920b38e0d36eab108e56f StaticDependenciesID=55e05438e6fe6b0a3a4258f076594dc9 
Importing 'GUID: b697f6a938056384e968ccf6527dac83 - Path: Packages/com.unity.render-pipelines.universal/Runtime/Materials/RenderAs2D-Flattening.mat' with importer (NativeFormatImporter)
Imported 'GUID: b697f6a938056384e968ccf6527dac83' -> (Import Result ID: '9e82ca21533526f553eaff8312058577') in 0.002 seconds [static dependencies only]. Details - ImportResultOutputID=91100c5c48438b67a79acaafe285f293 DependenciesID=94a4583cfd7715e959b6641214d00af3 StaticDependenciesID=726834f45d104871a0341c316f57dcaa 
Importing 'GUID: 78a08787ca30045abb69f6f7dd878e09 - Path: Packages/com.unity.render-pipelines.universal/Runtime/Materials/FullscreenInvertColors.mat' with importer (NativeFormatImporter)
Imported 'GUID: 78a08787ca30045abb69f6f7dd878e09' -> (Import Result ID: 'a17e50a72b226de0251b3f39ed40fdda') in 0.002 seconds [static dependencies only]. Details - ImportResultOutputID=b2c6610fc71d2fc4d6c15ca7aa1b5385 DependenciesID=885728744ae207e1cecbe88e356720c3 StaticDependenciesID=10acd2d579f25fee8933ce1f85cc508e 
Importing 'GUID: 9875a245ac49007498213638a307faa1 - Path: Packages/com.unity.render-pipelines.universal/Runtime/Materials/SpatialMappingWireframe.mat' with importer (NativeFormatImporter)
Imported 'GUID: 9875a245ac49007498213638a307faa1' -> (Import Result ID: '145179e2fa28e85793b92c1b395855d3') in 0.001 seconds [static dependencies only]. Details - ImportResultOutputID=858fea1279c5a7a55bc08ada24f3e970 DependenciesID=da7fd96638418000ba1b5ad569c70e07 StaticDependenciesID=7fbff6fe52fd32e7f1258da374874994 
Importing 'GUID: d8878e49849b14154928151a1d4175ae - Path: Assets/_Project/Rendering/Authored-back-wall.mat' with importer (NativeFormatImporter)
Imported 'GUID: d8878e49849b14154928151a1d4175ae' -> (Import Result ID: 'a90e6e1cd88b92e0325b0713e0a206d7') in 0.001 seconds [static dependencies only]. Details - ImportResultOutputID=b71b1ecf8726df39c60ab1031ad9c584 DependenciesID=9daf4685e82d40765cb92a122ebea936 StaticDependenciesID=13fc9351a7e49789604b940dedbdb0aa 
Importing 'GUID: e823cd5b5d27c0f4b8256e7c12ee3e6d - Path: Packages/com.unity.render-pipelines.universal/Runtime/Materials/ParticlesUnlit.mat' with importer (NativeFormatImporter)
Imported 'GUID: e823cd5b5d27c0f4b8256e7c12ee3e6d' -> (Import Result ID: 'e2e7636c5072d5b5523bb694e0667d98') in 0.000 seconds [static dependencies only]. Details - ImportResultOutputID=ba6e0d748306b504634caabe20076a4b DependenciesID=4352b3d1495bf66e0910b18ef3e3fc03 StaticDependenciesID=1bb4dfdd5747feff1a7ebbaecf7f83d3 
Importing 'GUID: 594ea882c5a793440b60ff72d896021e - Path: Packages/com.unity.render-pipelines.universal/Runtime/Materials/TerrainLit.mat' with importer (NativeFormatImporter)
Imported 'GUID: 594ea882c5a793440b60ff72d896021e' -> (Import Result ID: '9ed7efa14bcea5c1659a81db55ee71b2') in 0.000 seconds [static dependencies only]. Details - ImportResultOutputID=d0f80e2004b33ab7c19f361d4943c903 DependenciesID=a8742496ba99f7f3f35fb018afec4f2b StaticDependenciesID=141838fbb0e2e7cfca1ff94511a24b6c 
Importing 'GUID: 994b64781508f4c6fb8c3136d8584ec3 - Path: Assets/_Project/Art/Candidates/drawer-r03/Tray.mat' with importer (NativeFormatImporter)
Imported 'GUID: 994b64781508f4c6fb8c3136d8584ec3' -> (Import Result ID: '6d4b7447f4590b770144ff3ba4c59caf') in 0.001 seconds [static dependencies only]. Details - ImportResultOutputID=3bf5466e12365badea6038dd9d11bae2 DependenciesID=02c77692527dacac4a8b8c2e37535bc8 StaticDependenciesID=72b93096f7e21ab86d4dcdee32914e35 
Importing 'GUID: a97c105638bdf8b4a8650670310a4cd3 - Path: Packages/com.unity.render-pipelines.universal/Runtime/Materials/Sprite-Lit-Default.mat' with importer (NativeFormatImporter)
Imported 'GUID: a97c105638bdf8b4a8650670310a4cd3' -> (Import Result ID: '21600bb135b46b530ce6e01c51054e5d') in 0.000 seconds [static dependencies only]. Details - ImportResultOutputID=4d25d846adbda412447e5ab6cdc46016 DependenciesID=bc77237cb4042a80300ba98848482794 StaticDependenciesID=cfb8bd1946798f0be8e48eb5a43c7527 
Importing 'GUID: f96821bbefeea864b9b418af4b8615ac - Path: Packages/com.unity.render-pipelines.universal/Editor/SceneTemplates/Materials/White.mat' with importer (NativeFormatImporter)
Imported 'GUID: f96821bbefeea864b9b418af4b8615ac' -> (Import Result ID: '0b642d565043ceafbdcb62e72f3178e0') in 0.001 seconds [static dependencies only]. Details - ImportResultOutputID=c3497ff8a188e644dd017e2b3c28b28f DependenciesID=61e6c953ac64a304e3b8e0ba1f5e79e0 StaticDependenciesID=6fbd06394c6894706261dad64fcc9bcf 
Importing 'GUID: 6a1143ee683302f4aa628c052723efc1 - Path: Packages/com.unity.render-pipelines.universal/Runtime/Materials/SimpleLit.mat' with importer (NativeFormatImporter)
Imported 'GUID: 6a1143ee683302f4aa628c052723efc1' -> (Import Result ID: '4d8661cb432ef9a9306b1d088e7f67aa') in 0.001 seconds [static dependencies only]. Details - ImportResultOutputID=dd0f57319beaa6a3770e71c477821489 DependenciesID=08389603dc0b67f8e25089ab799edeb8 StaticDependenciesID=a8f3004dc7a4e6826eaaf2c5130d2a46 
Importing 'GUID: 8a239b3da89050c4e89ac06b168fc684 - Path: Packages/com.unity.render-pipelines.universal/Runtime/RendererFeatures/SurfaceCacheGIRendererFeature/FallbackMaterial.mat' with importer (NativeFormatImporter)
Imported 'GUID: 8a239b3da89050c4e89ac06b168fc684' -> (Import Result ID: 'a586416648d32b76ec4a9ca3bb1b6dc5') in 0.001 seconds [static dependencies only]. Details - ImportResultOutputID=deb64a155508ec0e0658913af6b4152f DependenciesID=4d3cd4314e5a70b53cf29cd967e53fa4 StaticDependenciesID=f5336191b5cbfa94baeb87abfd2af491 
Importing 'GUID: 9dfc825aed78fcd4ba02077103263b40 - Path: Packages/com.unity.render-pipelines.universal/Runtime/Materials/Sprite-Unlit-Default.mat' with importer (NativeFormatImporter)
Imported 'GUID: 9dfc825aed78fcd4ba02077103263b40' -> (Import Result ID: 'c1ed4856a4a10e67fc36d3b7b8f38178') in 0.000 seconds [static dependencies only]. Details - ImportResultOutputID=78fe86e761db70fc4ac9d72d540b3396 DependenciesID=3eccbfa4dde6b2cd1e31082b9f5c369e StaticDependenciesID=deefa61252fcf6c36dab5e36ce3e3d55 
Importing 'GUID: 5e6b58c4641214ae08b4660ee6a74e2f - Path: Assets/_Project/Rendering/Workbench-right-jamb.mat' with importer (NativeFormatImporter)
Imported 'GUID: 5e6b58c4641214ae08b4660ee6a74e2f' -> (Import Result ID: 'c198977b5c434c3adc2711683e143fd8') in 0.001 seconds [static dependencies only]. Details - ImportResultOutputID=520c19ed8f6547a97f57ea05fa82e04f DependenciesID=32a56210661a7e3f181ff0fcf298fb2f StaticDependenciesID=02cdcb58ad17a90dfd1b5456e0f9eed8 
Importing 'GUID: 4f1ef37ae953c484bbc5d5e4049147e5 - Path: Packages/com.unity.render-pipelines.universal/Editor/SceneTemplates/Materials/Black.mat' with importer (NativeFormatImporter)
Imported 'GUID: 4f1ef37ae953c484bbc5d5e4049147e5' -> (Import Result ID: '586dfbff69667c97114dddc494d84e56') in 0.001 seconds [static dependencies only]. Details - ImportResultOutputID=873834b8009aeb2bcc73b52132c17d33 DependenciesID=adf3d244dad87af1ebb033c3bca80270 StaticDependenciesID=3e62d5cefa7398721f080bb9bd3f6b99 
Importing 'GUID: dfc1369d3aac24222b7d13c6a11c4098 - Path: Assets/_Project/Rendering/Workbench-above-drawer.mat' with importer (NativeFormatImporter)
Imported 'GUID: dfc1369d3aac24222b7d13c6a11c4098' -> (Import Result ID: '4d8fb006f25655c396f6ac1c4fe1962f') in 0.001 seconds [static dependencies only]. Details - ImportResultOutputID=b2b7d3ac77787ab83b22e4fd625b775f DependenciesID=88946754a91be97d85200323aaa4f1d5 StaticDependenciesID=f4532c1cc4c7dc40e8973654362b180e 
Importing 'GUID: 1062c701058745940ae5dca6219c64c8 - Path: Packages/com.unity.searcher/Editor/Resources/FlatSkin/Font/Roboto-Black.ttf' with importer (TrueTypeFontImporter)
Imported 'GUID: 1062c701058745940ae5dca6219c64c8' -> (Import Result ID: 'd94a7f70e952c85f23392d1fd36623ac') in 0.004 seconds [static and dynamic dependencies]. Details - ImportResultOutputID=9643e38588a6b520b7d6d74d8ddbc7b0 DependenciesID=4206cc8ea31c6c127d545394476415d4 StaticDependenciesID=a068adefb7437e142c4277836422e246 
Importing 'GUID: 30dc370b164eefc43b95744fc796dad0 - Path: Packages/com.unity.searcher/Editor/Resources/FlatSkin/Font/Roboto-Regular.ttf' with importer (TrueTypeFontImporter)
Imported 'GUID: 30dc370b164eefc43b95744fc796dad0' -> (Import Result ID: '5bd85d7f52b59d77cd11d8afbe40fad3') in 0.002 seconds [static and dynamic dependencies]. Details - ImportResultOutputID=5485e3afd6d02be6f77bdaf84ca2ae8c DependenciesID=cd8971b772309095d1a04fb911a30d1c StaticDependenciesID=d1c697e188cf8ebab64cdcbf2df88e81 
Importing 'GUID: b2ea3b3f1765e544b9eb5bd1a93a91ce - Path: Packages/com.unity.searcher/Editor/Resources/FlatSkin/Font/Roboto-ThinItalic.ttf' with importer (TrueTypeFontImporter)
Imported 'GUID: b2ea3b3f1765e544b9eb5bd1a93a91ce' -> (Import Result ID: '4316c3719b788b74eaffc26cf3670058') in 0.001 seconds [static and dynamic dependencies]. Details - ImportResultOutputID=77f85e89e3b3bd385cc41d4e8df76463 DependenciesID=bd7fc221a8cc98dd285abb1dc3dc3b02 StaticDependenciesID=acd75a451bd038c4f14a5b871c85b9c7 
Importing 'GUID: a51a3aebb43ac044989270407476b208 - Path: Packages/com.unity.searcher/Editor/Resources/FlatSkin/Font/Roboto-Medium.ttf' with importer (TrueTypeFontImporter)
Imported 'GUID: a51a3aebb43ac044989270407476b208' -> (Import Result ID: '2ab53eec831617b959c4840150c51e5d') in 0.002 seconds [static and dynamic dependencies]. Details - ImportResultOutputID=827d8f5a2b1c64c9b8b1fb4bb85ddc44 DependenciesID=8bd5492fcd8a0cb08a9d23920ba9fe5c StaticDependenciesID=fd5b97934a16e5eb0c7c28a044b10d1c 
Importing 'GUID: 3750c318f40cab44a97d3a81beaefeb3 - Path: Packages/com.unity.searcher/Editor/Resources/FlatSkin/Font/Roboto-Bold.ttf' with importer (TrueTypeFontImporter)
Imported 'GUID: 3750c318f40cab44a97d3a81beaefeb3' -> (Import Result ID: '07760c00ddd55794dce545d63f34c28d') in 0.002 seconds [static and dynamic dependencies]. Details - ImportResultOutputID=c70ec0b032516589bbbb4f45c4b39239 DependenciesID=e4f8c374f98c9bb06012a73328469378 StaticDependenciesID=87ed04847690ff45b292f51936755719 
Importing 'GUID: c839255fc8f6b4b4d90bf8c1af9f9bd1 - Path: Packages/com.unity.searcher/Editor/Resources/FlatSkin/Font/Roboto-Italic.ttf' with importer (TrueTypeFontImporter)
Imported 'GUID: c839255fc8f6b4b4d90bf8c1af9f9bd1' -> (Import Result ID: '68434c29d454bfae1e3ef2d2b679c5c4') in 0.002 seconds [static and dynamic dependencies]. Details - ImportResultOutputID=767826549f068d33dfbc48e8d178e42d DependenciesID=2db4f438ca776a7bd8a4ac455f9571ef StaticDependenciesID=b80268b814688602ca7103afe4299ad3 
Importing 'GUID: 19a9abb883540be48b75b951a927ae03 - Path: Packages/com.unity.searcher/Editor/Resources/FlatSkin/Font/Roboto-Thin.ttf' with importer (TrueTypeFontImporter)
Imported 'GUID: 19a9abb883540be48b75b951a927ae03' -> (Import Result ID: 'df8c555aa7abc2d22e5f57e80102c474') in 0.001 seconds [static and dynamic dependencies]. Details - ImportResultOutputID=8dcc953d39851285ed16de19dfce0bf2 DependenciesID=0cd3811630e13f42c01088aa92bdef6a StaticDependenciesID=54462784bdee8902edd9cf03ead2af8b 
Importing 'GUID: d93c1bc57fdf1ac4dad1bf04fac05464 - Path: Packages/com.unity.searcher/Editor/Resources/FlatSkin/Font/Roboto-MediumItalic.ttf' with importer (TrueTypeFontImporter)
Imported 'GUID: d93c1bc57fdf1ac4dad1bf04fac05464' -> (Import Result ID: 'aca9795abb8e60eeba5c3c970a5d516f') in 0.001 seconds [static and dynamic dependencies]. Details - ImportResultOutputID=95a7c4c07b51dc593b66b740cfae18ee DependenciesID=bd7193e837c5f277fe748c45b10ec982 StaticDependenciesID=69defe29b64dfb1d2093dce9a0deacf4 
Importing 'GUID: f95147a9bab9fe649b8070170fa7ebd2 - Path: Packages/com.unity.searcher/Editor/Resources/FlatSkin/Font/Roboto-BlackItalic.ttf' with importer (TrueTypeFontImporter)
Imported 'GUID: f95147a9bab9fe649b8070170fa7ebd2' -> (Import Result ID: '6a53e45b5ec3d6012f644df32b799f92') in 0.001 seconds [static and dynamic dependencies]. Details - ImportResultOutputID=2755bc48df890a5e726f5580ebcd358d DependenciesID=30d613e5af07dd615238b99f7ff0e8a3 StaticDependenciesID=d8d75c8275b0680364ab088c2aa78c85 
Importing 'GUID: 2a29e27936eb547458f646f71125b264 - Path: Packages/com.unity.searcher/Editor/Resources/FlatSkin/Font/Roboto-Light.ttf' with importer (TrueTypeFontImporter)
Imported 'GUID: 2a29e27936eb547458f646f71125b264' -> (Import Result ID: '53b5ec6e007313514cb86444a05278f7') in 0.001 seconds [static and dynamic dependencies]. Details - ImportResultOutputID=9a7219806a2ef3bdc093d8b5b4563ae6 DependenciesID=174c7311cb82ebf826d1243cbbfc696e StaticDependenciesID=54d1da8099b0c9bb3bb9f3a5f75f62e2 
Importing 'GUID: 5e63515167650a541b309ba3bfd4db3d - Path: Packages/com.unity.searcher/Editor/Resources/FlatSkin/Font/Roboto-LightItalic.ttf' with importer (TrueTypeFontImporter)
Imported 'GUID: 5e63515167650a541b309ba3bfd4db3d' -> (Import Result ID: '58bb6f8c752c948b4a173852f3a827e3') in 0.001 seconds [static and dynamic dependencies]. Details - ImportResultOutputID=0b81ef792175a1d5b7703e993998ec9d DependenciesID=40f0ffcc782582997e71e8c21e5c4ced StaticDependenciesID=c42943919947c079fbb98920ee568244 
Importing 'GUID: dfb97a9307a577a41bcacba34b9a7e32 - Path: Packages/com.unity.searcher/Editor/Resources/FlatSkin/Font/Roboto-BoldItalic.ttf' with importer (TrueTypeFontImporter)
Imported 'GUID: dfb97a9307a577a41bcacba34b9a7e32' -> (Import Result ID: '4532595466f25192a73113020f3101e7') in 0.001 seconds [static and dynamic dependencies]. Details - ImportResultOutputID=0a5f2fe9b9cff7bfd0cdd6b2f8fb0423 DependenciesID=663c08efad3a08cecbbb17265192c332 StaticDependenciesID=3819b09e2fa5afbbd75d2f1e4b56da43 
Importing 'GUID: 2019d78ad3d1c5c4a8d309a857ca449f - Path: Packages/com.unity.shadergraph/GraphTemplates/BuiltIn/BuiltIn Lit Basic.shadergraph' with importer (ScriptedImporter : Unity.ShaderGraph.Editor:UnityEditor.ShaderGraph:ShaderGraphImporter)
Worker ready: AssetImportWorkerHW0 0
Launching external process: /Applications/Unity/Hub/Editor/6000.5.6f1/Unity.app/Contents/Helpers/UnityShaderCompiler
Launched and connected shader compiler UnityShaderCompiler after 0.03 seconds
Imported 'GUID: 2019d78ad3d1c5c4a8d309a857ca449f' -> (Import Result ID: 'd9a92603311c3b89cbe4a7cef82476e5') in 0.292 seconds [static and dynamic dependencies]. Details - ImportResultOutputID=96bc932922dd366eacb99574b0624d09 DependenciesID=49987e5632fdafe2060362317b2adadd StaticDependenciesID=4678885dffdf435b05af4ccd786011b8 
Importing 'GUID: 30fa68ce467463643a86b839ca0eb195 - Path: Packages/com.unity.render-pipelines.universal/Runtime/Materials/ArnoldStandardSurface/ArnoldStandardSurfaceTransparent.shadergraph' with importer (ScriptedImporter : Unity.ShaderGraph.Editor:UnityEditor.ShaderGraph:ShaderGraphImporter)
Imported 'GUID: 30fa68ce467463643a86b839ca0eb195' -> (Import Result ID: 'e47d1be6f04d16599450a1ab766a02af') in 0.124 seconds [static and dynamic dependencies]. Details - ImportResultOutputID=fdf510c3bd3dcbaa0c2716bcd9cef623 DependenciesID=cacf964a0102951d359e86a8ea806b10 StaticDependenciesID=ec125c6d54ff27f395db2889cea5e6ea 
Importing 'GUID: 80aa867ac363ac043847b06ad71604cd - Path: Packages/com.unity.render-pipelines.universal/Shaders/AutodeskInteractive/AutodeskInteractiveMasked.shadergraph' with importer (ScriptedImporter : Unity.ShaderGraph.Editor:UnityEditor.ShaderGraph:ShaderGraphImporter)
Imported 'GUID: 80aa867ac363ac043847b06ad71604cd' -> (Import Result ID: '6aae96d3bd65803746b0cdc7f998184a') in 0.085 seconds [static and dynamic dependencies]. Details - ImportResultOutputID=875f1c728729569d7e28af4f4b2b35be DependenciesID=782b7c8f1cb1f1e36a8d4a88f9f6aebf StaticDependenciesID=ef0179068972d218a5de872fb5ed9395 
Importing 'GUID: a2407126e3372f64cacb75ed466a5621 - Path: Packages/com.unity.shadergraph/GraphTemplates/Cross Pipeline/0_Lit Basic.shadergraph' with importer (ScriptedImporter : Unity.ShaderGraph.Editor:UnityEditor.ShaderGraph:ShaderGraphImporter)
Imported 'GUID: a2407126e3372f64cacb75ed466a5621' -> (Import Result ID: 'ca6eb954d11414736e1b1ab7aecdeb04') in 0.072 seconds [static and dynamic dependencies]. Details - ImportResultOutputID=c4a63a94d7e6c62979e274f7b2a8ea0e DependenciesID=1be840ff358effa8c391b11604bdd0be StaticDependenciesID=e5c78f6f551ae5c7a6d830fca5d42ef5 
Importing 'GUID: 2476a2d151e824143af40dce1fc93a12 - Path: Packages/com.unity.shadergraph/GraphTemplates/Cross Pipeline/Unlit Simple.shadergraph' with importer (ScriptedImporter : Unity.ShaderGraph.Editor:UnityEditor.ShaderGraph:ShaderGraphImporter)
Imported 'GUID: 2476a2d151e824143af40dce1fc93a12' -> (Import Result ID: 'ef7ab73e5784b3a0b07d1dfedb233acc') in 0.059 seconds [static and dynamic dependencies]. Details - ImportResultOutputID=13a25cefd1a330792330fc5052fd68ce DependenciesID=6cffe9261c4ba31d7de45a75ba7beeb9 StaticDependenciesID=abd02659b872ba2c929ddfd30582e7c1 
Importing 'GUID: 24a73dccd7b6fad4798be282f96a21f4 - Path: Packages/com.unity.render-pipelines.universal/Shaders/2D/VFXSpriteLit.shadergraph' with importer (ScriptedImporter : Unity.ShaderGraph.Editor:UnityEditor.ShaderGraph:ShaderGraphImporter)
Imported 'GUID: 24a73dccd7b6fad4798be282f96a21f4' -> (Import Result ID: 'e5e9b2b77d6500b51b8dddad95603b85') in 0.051 seconds [static and dynamic dependencies]. Details - ImportResultOutputID=685acbb3e08a000267ef0b19f6889abe DependenciesID=ede13853250b5ba93f2a721f1e17e34d StaticDependenciesID=01da44f10b67d495348b6bf51ec52b68 
Importing 'GUID: 44245ab89240f51459a5077d7145c452 - Path: Packages/com.unity.render-pipelines.universal/Runtime/Materials/PhysicalMaterial3DsMax/PhysicalMaterial3DsMax.shadergraph' with importer (ScriptedImporter : Unity.ShaderGraph.Editor:UnityEditor.ShaderGraph:ShaderGraphImporter)
Imported 'GUID: 44245ab89240f51459a5077d7145c452' -> (Import Result ID: '202a4d25b4c0a9d0654473dabfa3fd3f') in 0.149 seconds [static and dynamic dependencies]. Details - ImportResultOutputID=9d2a067c4a54d72e594f39a580521c01 DependenciesID=e06b47ba7fe281bd0b6832c6df9aa2d6 StaticDependenciesID=1bf11a8c2806772238ba64719500e626 
Importing 'GUID: 25a0ebb4827f3cc47a1af2c79005f65b - Path: Packages/com.unity.render-pipelines.universal/Editor/ShaderGraph/GraphTemplates/2D/1_2D Sprite Unlit.shadergraph' with importer (ScriptedImporter : Unity.ShaderGraph.Editor:UnityEditor.ShaderGraph:ShaderGraphImporter)
Imported 'GUID: 25a0ebb4827f3cc47a1af2c79005f65b' -> (Import Result ID: '1251eb284a05a3ec4f1348c561d53a5d') in 0.217 seconds [static and dynamic dependencies]. Details - ImportResultOutputID=f7b07368c9491d284f97617672ac1f5d DependenciesID=4198933a66a7241b2fc07ef9e4204da3 StaticDependenciesID=c806a175f4474ac83eee605dc47db20d 
Importing 'GUID: 9618d41bb71f74048bb6cace8785b93d - Path: Packages/com.unity.shadergraph/GraphTemplates/BuiltIn/BuiltIn Unlit Basic.shadergraph' with importer (ScriptedImporter : Unity.ShaderGraph.Editor:UnityEditor.ShaderGraph:ShaderGraphImporter)
Imported 'GUID: 9618d41bb71f74048bb6cace8785b93d' -> (Import Result ID: '012e407204631d5b4a53c3b73f39ca7d') in 0.084 seconds [static and dynamic dependencies]. Details - ImportResultOutputID=879cc23b19ba07f6fd10130e2de655f0 DependenciesID=4d2f06acbd7f5a2ad83ed57a2cfe823f StaticDependenciesID=73fcfc3dcc7479824c3277841673c3b5 
Importing 'GUID: a680d9a9f8b66514abbfd3ae1c8f77f7 - Path: Packages/com.unity.shadergraph/GraphTemplates/Cross Pipeline/2_Particle Lit.shadergraph' with importer (ScriptedImporter : Unity.ShaderGraph.Editor:UnityEditor.ShaderGraph:ShaderGraphImporter)
Imported 'GUID: a680d9a9f8b66514abbfd3ae1c8f77f7' -> (Import Result ID: '499eacac0d05cba47a5c5710f5950480') in 0.176 seconds [static and dynamic dependencies]. Details - ImportResultOutputID=b2b14b983d1c24ab48d4371d47f9fe66 DependenciesID=1ecaf2e06ad335ebdecfbf4638d590b4 StaticDependenciesID=e1a60a1ce49329edc5eb84acddf7a36f 
Importing 'GUID: 0738648e2f2f84b489a2f0076b69e30a - Path: Packages/com.unity.render-pipelines.universal/Editor/ShaderGraph/GraphTemplates/UITKBasicTemplate.shadergraph' with importer (ScriptedImporter : Unity.ShaderGraph.Editor:UnityEditor.ShaderGraph:ShaderGraphImporter)
Imported 'GUID: 0738648e2f2f84b489a2f0076b69e30a' -> (Import Result ID: '1b8ff7ffedeedb99197b502c72d13437') in 0.047 seconds [static and dynamic dependencies]. Details - ImportResultOutputID=d0e22cd252c10b6f37c1821de346d6a1 DependenciesID=98dc67bc572a4871dbbc68d5ee6e41a0 StaticDependenciesID=78ea1bfff9b088a28efcfa3ae232e3b1 
Importing 'GUID: 1716ff8c1e51af14280cc97fbcba3b11 - Path: Packages/com.unity.shadergraph/GraphTemplates/Cross Pipeline/1_Decal Material Volume.shadergraph' with importer (ScriptedImporter : Unity.ShaderGraph.Editor:UnityEditor.ShaderGraph:ShaderGraphImporter)
Imported 'GUID: 1716ff8c1e51af14280cc97fbcba3b11' -> (Import Result ID: '663826b6f6e72f2c840bef1aae93e853') in 0.097 seconds [static and dynamic dependencies]. Details - ImportResultOutputID=29ead8ab98be63f6938fa3f21eadfd06 DependenciesID=311c564119ba911481806162a7ee5803 StaticDependenciesID=aa69e252e43f6124f182cfc6ca149824 
Importing 'GUID: 3739e562a03fc0b4982d8aa66cc50865 - Path: Packages/com.unity.render-pipelines.universal/Runtime/Materials/ArnoldStandardSurface/ArnoldStandardSurface.shadergraph' with importer (ScriptedImporter : Unity.ShaderGraph.Editor:UnityEditor.ShaderGraph:ShaderGraphImporter)
Imported 'GUID: 3739e562a03fc0b4982d8aa66cc50865' -> (Import Result ID: 'a9e48619c949595ab73bdef12e15e238') in 0.080 seconds [static and dynamic dependencies]. Details - ImportResultOutputID=abbcdc021245286966e8ca500cb028a6 DependenciesID=27916eb736bb771d38ac9f70ab80c9b2 StaticDependenciesID=3b911a81827160879b09d5cc65d9e844 
Importing 'GUID: d7288f66e4fb0634c9afef98c31b722a - Path: Packages/com.unity.render-pipelines.universal/Shaders/2D/VFXSpriteUnlit.shadergraph' with importer (ScriptedImporter : Unity.ShaderGraph.Editor:UnityEditor.ShaderGraph:ShaderGraphImporter)
Imported 'GUID: d7288f66e4fb0634c9afef98c31b722a' -> (Import Result ID: '0238aed08bdadaf8a9c125780fe3b965') in 0.041 seconds [static and dynamic dependencies]. Details - ImportResultOutputID=9cdcfc79199334d521a08e5dbe6dc9f8 DependenciesID=4211a78b1dd9b08c1f02db57a2651c81 StaticDependenciesID=15c2e3a6b370dbc61cb782a5db8c7108 
Importing 'GUID: 39144937a5efe954dac51acbbe54157e - Path: Packages/com.unity.shadergraph/GraphTemplates/Cross Pipeline/0_Decal Simple.shadergraph' with importer (ScriptedImporter : Unity.ShaderGraph.Editor:UnityEditor.ShaderGraph:ShaderGraphImporter)
Imported 'GUID: 39144937a5efe954dac51acbbe54157e' -> (Import Result ID: 'eea205ca7c50c837f7193a7c2eb76f51') in 0.059 seconds [static and dynamic dependencies]. Details - ImportResultOutputID=7ab3c80e7bfffe3da761ad02ccce4f91 DependenciesID=0656c21b47c11cc0e7d315057be2d38f StaticDependenciesID=d26bdc327cad41e76b87df5af76dac38 
Importing 'GUID: 9920c1f1781549a46ba081a2a15a16ec - Path: Packages/com.unity.render-pipelines.universal/Shaders/Nature/SpeedTree8_PBRLit.shadergraph' with importer (ScriptedImporter : Unity.ShaderGraph.Editor:UnityEditor.ShaderGraph:ShaderGraphImporter)
Imported 'GUID: 9920c1f1781549a46ba081a2a15a16ec' -> (Import Result ID: '6f76dc86287633f6b16a7d7a4ce2206e') in 0.200 seconds [static and dynamic dependencies]. Details - ImportResultOutputID=cf5a4c83b650607f3f9deedcbd12dfa4 DependenciesID=f51cadf37606d5b46d70a6ea17fce207 StaticDependenciesID=60a86e320b0fbca27aea67d92a2acdd7 
Importing 'GUID: 1a207e3bee00db44b940e6f362a8e148 - Path: Packages/com.unity.render-pipelines.universal/Runtime/Materials/PhysicalMaterial3DsMax/PhysicalMaterial3DsMaxTransparent.shadergraph' with importer (ScriptedImporter : Unity.ShaderGraph.Editor:UnityEditor.ShaderGraph:ShaderGraphImporter)
Imported 'GUID: 1a207e3bee00db44b940e6f362a8e148' -> (Import Result ID: 'd3aa487b92daf17693279ae1b89f9105') in 0.116 seconds [static and dynamic dependencies]. Details - ImportResultOutputID=63083e49dcca35e3bb9fa6ae4995153e DependenciesID=b6384385a33dd08ae6d80a007b1f4df2 StaticDependenciesID=8bb7b48abe3418a8af34e3fe6ceb572d 
Importing 'GUID: 5a4a765e921b8554eb959f7cf697b3be - Path: Packages/com.unity.shadergraph/GraphTemplates/Cross Pipeline/UGUI Canvas Basic.shadergraph' with importer (ScriptedImporter : Unity.ShaderGraph.Editor:UnityEditor.ShaderGraph:ShaderGraphImporter)
Imported 'GUID: 5a4a765e921b8554eb959f7cf697b3be' -> (Import Result ID: 'e14e174925b310bec6cd81727232f82c') in 0.046 seconds [static and dynamic dependencies]. Details - ImportResultOutputID=5b6a4c4d2df2d610394d5bfce251c86a DependenciesID=9447f0f066a457da93de6d78866612dd StaticDependenciesID=f6fe55309be0c03c721c0de24cdfcf1c 
Importing 'GUID: 9b4e681081e2b4c469111bb649e2f7ee - Path: Packages/com.unity.render-pipelines.universal/Shaders/Decal.shadergraph' with importer (ScriptedImporter : Unity.ShaderGraph.Editor:UnityEditor.ShaderGraph:ShaderGraphImporter)
Imported 'GUID: 9b4e681081e2b4c469111bb649e2f7ee' -> (Import Result ID: 'a2c4286b880083200060bc89670d0bf6') in 0.056 seconds [static and dynamic dependencies]. Details - ImportResultOutputID=e2626e610e25eaea7905472255977b9b DependenciesID=432106255f4d276784e05f61bf02416c StaticDependenciesID=7b9d1375915215e132777e0bbe84783a 
Importing 'GUID: cbd3e1cc4ae141c42a30e33b4d666a61 - Path: Packages/com.unity.render-pipelines.universal/Shaders/Nature/SpeedTree9_URP.shadergraph' with importer (ScriptedImporter : Unity.ShaderGraph.Editor:UnityEditor.ShaderGraph:ShaderGraphImporter)
Imported 'GUID: cbd3e1cc4ae141c42a30e33b4d666a61' -> (Import Result ID: 'b2d4a3b5775a028f614cd9348bd4df17') in 0.129 seconds [static and dynamic dependencies]. Details - ImportResultOutputID=b737bba3f7dcf761e6e8e28179caa8ba DependenciesID=2b02ec11b52a9bd761134da0e1fee36c StaticDependenciesID=4f42e525c40de8b78b5deab5193ff6c2 
Importing 'GUID: fb6390f650ca44a5ba3246d8dda47927 - Path: Packages/com.unity.render-pipelines.universal/Shaders/FullscreenInvertColors.shadergraph' with importer (ScriptedImporter : Unity.ShaderGraph.Editor:UnityEditor.ShaderGraph:ShaderGraphImporter)
Imported 'GUID: fb6390f650ca44a5ba3246d8dda47927' -> (Import Result ID: '450fd44f147bd058ba549f1101e567cf') in 0.036 seconds [static and dynamic dependencies]. Details - ImportResultOutputID=eced909408cba473c0c6dff48b74f257 DependenciesID=08b7f5f5b95265e5e35d056d828b5835 StaticDependenciesID=89e45115cc1b746d926699eb1ffd23d7 
Importing 'GUID: 5c81372d981403744adbdda4433c9c11 - Path: Packages/com.unity.render-pipelines.universal/Shaders/AutodeskInteractive/AutodeskInteractiveTransparent.shadergraph' with importer (ScriptedImporter : Unity.ShaderGraph.Editor:UnityEditor.ShaderGraph:ShaderGraphImporter)
Imported 'GUID: 5c81372d981403744adbdda4433c9c11' -> (Import Result ID: '05a3eef3691185acab87bc29d56802c6') in 0.095 seconds [static and dynamic dependencies]. Details - ImportResultOutputID=fa60802810e80ceb140e4353edf2f109 DependenciesID=8c5c91bddc9d1b7b514fc09561e88f1b StaticDependenciesID=e5149bb4a2ecc6e30dd5ad0e495834c8 
Importing 'GUID: bc3def193b270c649b041063a70a1a1f - Path: Packages/com.unity.render-pipelines.universal/Editor/ShaderGraph/GraphTemplates/Terrain Standard 4 Layers URP.shadergraph' with importer (ScriptedImporter : Unity.ShaderGraph.Editor:UnityEditor.ShaderGraph:ShaderGraphImporter)
Shader 'Hidden/Terrain/Terrain Standard 4 Layers URP': dependency 'AddPassShader' shader 'Hidden/Hidden/Terrain/Terrain Standard 4 Layers URP_AddPass' not found
Shader 'Hidden/Terrain/Terrain Standard 4 Layers URP': dependency 'BaseMapGenShader' shader 'Hidden/Hidden/Terrain/Terrain Standard 4 Layers URP_BaseMapGen' not found
Shader 'Hidden/Terrain/Terrain Standard 4 Layers URP': dependency 'AddPassShader' shader 'Hidden/Hidden/Terrain/Terrain Standard 4 Layers URP_AddPass' not found
Shader 'Hidden/Terrain/Terrain Standard 4 Layers URP': dependency 'BaseMapGenShader' shader 'Hidden/Hidden/Terrain/Terrain Standard 4 Layers URP_BaseMapGen' not found
Imported 'GUID: bc3def193b270c649b041063a70a1a1f' -> (Import Result ID: '0fcb8af7b4ef0d569254076f7b06a753') in 0.256 seconds [static and dynamic dependencies]. Details - ImportResultOutputID=97899721c7bed83af8c2129afbf39157 DependenciesID=d96d4973b4c223abf041dc3ec673ac65 StaticDependenciesID=10e7ee86a0ad2000b90ea8452c24570d 
Importing 'GUID: 9d4e8ca8c5046914c87ca6ccef140dac - Path: Packages/com.unity.shadergraph/GraphTemplates/Cross Pipeline/UGUI Canvas Meter.shadergraph' with importer (ScriptedImporter : Unity.ShaderGraph.Editor:UnityEditor.ShaderGraph:ShaderGraphImporter)
Imported 'GUID: 9d4e8ca8c5046914c87ca6ccef140dac' -> (Import Result ID: '8fdd4cfa8dde69e220be1fc428b3262f') in 0.040 seconds [static and dynamic dependencies]. Details - ImportResultOutputID=a85ca7d3d464d778acdfdf56503a26cc DependenciesID=e182945409a6745f95c25f3da9d0c76d StaticDependenciesID=beb53cc737fa7c6718e7a3017d8d139a 
Importing 'GUID: bde135b320597544b9ac325092409f8b - Path: Packages/com.unity.render-pipelines.universal/Editor/ShaderGraph/GraphTemplates/2D/0_2D Sprite Lit.shadergraph' with importer (ScriptedImporter : Unity.ShaderGraph.Editor:UnityEditor.ShaderGraph:ShaderGraphImporter)
Imported 'GUID: bde135b320597544b9ac325092409f8b' -> (Import Result ID: '4939d1ef8d2a2ab565f4b44e14c2d768') in 0.047 seconds [static and dynamic dependencies]. Details - ImportResultOutputID=bdb617eaf67c020bcfdaaa1d73545ee4 DependenciesID=d481c2742dea29ebe9f5a44d3af27746 StaticDependenciesID=b63e08ec6d974d9105e341105af8abea 
Importing 'GUID: 0e9d5a909a1f7e84882a534d0d11e49f - Path: Packages/com.unity.render-pipelines.universal/Shaders/AutodeskInteractive/AutodeskInteractive.shadergraph' with importer (ScriptedImporter : Unity.ShaderGraph.Editor:UnityEditor.ShaderGraph:ShaderGraphImporter)
Imported 'GUID: 0e9d5a909a1f7e84882a534d0d11e49f' -> (Import Result ID: '643ce7d5a41ab8aace7e94aa7fafe5ee') in 0.072 seconds [static and dynamic dependencies]. Details - ImportResultOutputID=53947bdf01288c0b320a59f942c2c6ea DependenciesID=027b65badef7a6b1e157cf9fbd0e7cbc StaticDependenciesID=80530d7c772dc15f3d5f6f728e1ef4c4 
Importing 'GUID: 3e01bbae25716b24ea9da11102b44902 - Path: Packages/com.unity.render-pipelines.universal/Editor/ShaderGraph/GraphTemplates/UITKFullTemplate.shadergraph' with importer (ScriptedImporter : Unity.ShaderGraph.Editor:UnityEditor.ShaderGraph:ShaderGraphImporter)
Imported 'GUID: 3e01bbae25716b24ea9da11102b44902' -> (Import Result ID: 'd924daaf35c9e0d85a355869b91df011') in 0.031 seconds [static and dynamic dependencies]. Details - ImportResultOutputID=d9faa1e2e9fd545c30702b02d424de13 DependenciesID=4ba1efabb0c84ad213baebe509f6f91b StaticDependenciesID=2fb6094c3843b7dbc1fddf5d90b96416 
Importing 'GUID: 7ef2cf71ad164fe479662ae612dff99e - Path: Packages/com.unity.shadergraph/GraphTemplates/Custom Render Texture.shadergraph' with importer (ScriptedImporter : Unity.ShaderGraph.Editor:UnityEditor.ShaderGraph:ShaderGraphImporter)
Imported 'GUID: 7ef2cf71ad164fe479662ae612dff99e' -> (Import Result ID: 'a723c5db8fa62a53818cd67541b2d1fa') in 0.012 seconds [static and dynamic dependencies]. Details - ImportResultOutputID=b3df83ee37a52094b51eeea9102c39e8 DependenciesID=331807c84a5bc56e6346127e9db24253 StaticDependenciesID=470c4a5daccc58dc1f43a5a8f32e8bde 
Importing 'GUID: aee84ce0dab81b049bb88017d78a63cd - Path: Packages/com.unity.shadergraph/GraphTemplates/Cross Pipeline/1_Lit Full.shadergraph' with importer (ScriptedImporter : Unity.ShaderGraph.Editor:UnityEditor.ShaderGraph:ShaderGraphImporter)
Imported 'GUID: aee84ce0dab81b049bb88017d78a63cd' -> (Import Result ID: '4503caf3e14fbcc6c4f02ac63a7a39ea') in 0.126 seconds [static and dynamic dependencies]. Details - ImportResultOutputID=d2d2c531a7df43a3db8aababffa121f6 DependenciesID=96ca6958ff7767d98139adc53975cf26 StaticDependenciesID=a3176bee206ef45e129501989346e574 
Importing 'GUID: def488a52add6574d9f295a507032cb8 - Path: Packages/com.unity.shadergraph/GraphTemplates/Cross Pipeline/Terrain Simple.shadergraph' with importer (ScriptedImporter : Unity.ShaderGraph.Editor:UnityEditor.ShaderGraph:ShaderGraphImporter)
Shader 'Hidden/Terrain/Terrain Simple': dependency 'AddPassShader' shader 'Hidden/Hidden/Terrain/Terrain Simple_AddPass' not found
Shader 'Hidden/Terrain/Terrain Simple': dependency 'BaseMapGenShader' shader 'Hidden/Hidden/Terrain/Terrain Simple_BaseMapGen' not found
Shader 'Hidden/Terrain/Terrain Simple': dependency 'AddPassShader' shader 'Hidden/Hidden/Terrain/Terrain Simple_AddPass' not found
Shader 'Hidden/Terrain/Terrain Simple': dependency 'BaseMapGenShader' shader 'Hidden/Hidden/Terrain/Terrain Simple_BaseMapGen' not found
Imported 'GUID: def488a52add6574d9f295a507032cb8' -> (Import Result ID: '75925d651d4abb9945145ef2c35c30c6') in 0.172 seconds [static and dynamic dependencies]. Details - ImportResultOutputID=881bce49e37cefd0a202b1b86fcaa5a1 DependenciesID=b897402e4c5529a9c1debd1bce5e4be5 StaticDependenciesID=16face41fb2deb44820d717b1d21effb 
Importing 'GUID: af66091e0eca0c04a9c3584ae867418a - Path: Packages/com.unity.shadergraph/GraphTemplates/Cross Pipeline/0_Particle Unlit.shadergraph' with importer (ScriptedImporter : Unity.ShaderGraph.Editor:UnityEditor.ShaderGraph:ShaderGraphImporter)
Imported 'GUID: af66091e0eca0c04a9c3584ae867418a' -> (Import Result ID: 'e8016724a1932053e0d234980b09e9db') in 0.066 seconds [static and dynamic dependencies]. Details - ImportResultOutputID=f048f4105bb13af09bbfbcbf776bca13 DependenciesID=6a433a49d66234d3ae483810af8ed87c StaticDependenciesID=79152d16fc1aa3f98c94915e1e63d536 
Importing 'GUID: bfad0aba0faa90547b68abd10bb6be86 - Path: Packages/com.unity.render-pipelines.universal/Editor/ShaderGraph/GraphTemplates/2D/2_2D Sprite Custom Lit.shadergraph' with importer (ScriptedImporter : Unity.ShaderGraph.Editor:UnityEditor.ShaderGraph:ShaderGraphImporter)
Imported 'GUID: bfad0aba0faa90547b68abd10bb6be86' -> (Import Result ID: 'ca88914ea2a083d9f0c28ba6dd9f0a80') in 0.057 seconds [static and dynamic dependencies]. Details - ImportResultOutputID=4c021dd8469b0ab5b7b805c3daeb6a30 DependenciesID=9ebeffd9947f20f0044b1cd2d55acb4d StaticDependenciesID=c1be03a2523fd38cc84a35a31a2a4c52 
Importing 'GUID: df41eefe8c13d444ca890dddbbc61f8d - Path: Packages/com.unity.render-pipelines.universal/Editor/ShaderGraph/GraphTemplates/Fullscreen Basic URP.shadergraph' with importer (ScriptedImporter : Unity.ShaderGraph.Editor:UnityEditor.ShaderGraph:ShaderGraphImporter)
Imported 'GUID: df41eefe8c13d444ca890dddbbc61f8d' -> (Import Result ID: '5893cc2ddfcfe82f718572c088805097') in 0.033 seconds [static and dynamic dependencies]. Details - ImportResultOutputID=0e047b47c618441c5a5e7923a58eee53 DependenciesID=8805db6b2f5ecfd2ad80ad65560c33d4 StaticDependenciesID=0bb8ee8885b216542ff1aea72691ba74 
Importing 'GUID: d1c568ccdae3f4e80a7d6dc469115613 - Path: Assets/_Project/Art/Candidates/drawer-r03/Drawer.fbx' with importer (FBXImporter)
Imported 'GUID: d1c568ccdae3f4e80a7d6dc469115613' -> (Import Result ID: 'b59363a4fc1b4cb6d05f02db906fd1f8') in 0.059 seconds [static and dynamic dependencies]. Details - ImportResultOutputID=3e16801d3c3427fe44948d7f479582e5 DependenciesID=51a278512e077c1f6bb7f9d1568cbf35 StaticDependenciesID=03dc95a7ee6b09e74b89b0be98999bcb 
Importing 'GUID: b28fa67a0ff82c5478f27368dc627683 - Path: Packages/com.unity.render-pipelines.core/Runtime/RenderPipelineResources/Mesh/SamplesFixture.fbx' with importer (FBXImporter)
Imported 'GUID: b28fa67a0ff82c5478f27368dc627683' -> (Import Result ID: 'e238036b605dda69803757b3f519fc76') in 0.011 seconds [static and dynamic dependencies]. Details - ImportResultOutputID=5d395ab561e58b8c51658ad190273d11 DependenciesID=75b5c9820343553e627b5d307e01f20e StaticDependenciesID=3687d310f9e3669f3de60e5cdf6a8bb2 
Importing 'GUID: 6b61a6ef877b6496cb6fdc8ca2e6a486 - Path: Assets/_Project/Art/Candidates/hub-greybox.fbx' with importer (FBXImporter)
Imported 'GUID: 6b61a6ef877b6496cb6fdc8ca2e6a486' -> (Import Result ID: 'de136720ecc5ac6d51bd88c40e65ac12') in 0.015 seconds [static and dynamic dependencies]. Details - ImportResultOutputID=9e1dd86aab0d157202915e0a53307159 DependenciesID=8092e337dc28a666f998499694de17cb StaticDependenciesID=a9981fdca0b84221f3987fbf092b8e6a 
Importing 'GUID: 1dbf28c1bb322474d981b2dc555e28b0 - Path: Packages/com.unity.render-pipelines.core/Runtime/RenderPipelineResources/Mesh/SamplesFloorSpotlight.fbx' with importer (FBXImporter)
Imported 'GUID: 1dbf28c1bb322474d981b2dc555e28b0' -> (Import Result ID: 'd1e929aa6bb93e704b7255ea19536e91') in 0.012 seconds [static and dynamic dependencies]. Details - ImportResultOutputID=d5d88a198bf3c1d819db5442daa29044 DependenciesID=0388ff383057da38663bc5c25ad8f78c StaticDependenciesID=3ca6a01504a56e4435e359b1f4a27af2 
Importing 'GUID: 1f1becb186a7e40da9bf88441f3fba66 - Path: Assets/_Project/Art/Candidates/drawer-r01.fbx' with importer (FBXImporter)
Imported 'GUID: 1f1becb186a7e40da9bf88441f3fba66' -> (Import Result ID: 'f1a92a589d57d222e03cd37d08305b70') in 0.011 seconds [static and dynamic dependencies]. Details - ImportResultOutputID=283312a4167630b97ba35a9e30bd963b DependenciesID=8c328ab30cff3ea28b18c9613906d983 StaticDependenciesID=e139260ef7b31820d1fb14513e71e1ee 

Asset Pipeline Refresh (id=51cd0919d5a8d4adb94834f7944e03ab): Total: 3.680 seconds - Initiated by StopAssetImportingV2(NoUpdateAssetOptions)
	(Values over 0.05ms)
	Summary:
		Imports: total=83 (actual=82, local cache=1, cache server=0)
		Asset DB Process Time: managed=22 ms, native=3537 ms
		Asset DB Callback time: managed=25 ms, native=94 ms
		Scripting: domain reloads=0, domain reload time=0 ms, compile time=0 ms, other=0 ms
		Project Asset Count: scripts=1109, non-scripts=1938
		Asset File Changes: new=0, changed=0, moved=0, deleted=0
		Scan Filter Count: 118
	ApplyChangesToAssetFolders: 0.101ms
	Scan: 14.502ms
	Collect global state as custom dependencies: 0.205ms
	CategorizeScriptCompilationAssets: 0.163ms
	CategorizeAssets: 18.715ms
	ImportOutOfDateAssets: 3518.722ms (4.338ms without children)
		ImportManagerImport: 3491.038ms (79.618ms without children)
			UpdateCategorizedAssets: 5.502ms
		UnloadImportedAssets: 0.597ms
		ReloadImportedAssets: 3.643ms
		EnsureUptoDateAssetsAreRegisteredWithGuidPM: 0.274ms
		ImportSchedulerStart: 22.453ms
	PostProcessAllAssets: 119.640ms
		ShaderAssetModifiedCallback 89.970ms
		XRBuildSystem.XRAssetImported 0.289ms
		ComputeShaderImportPostprocess 0.206ms
		RaytracingShaderImportPostprocess 0.150ms
		PostProcessCallbackCreateDeferredMaterials 0.097ms
		BlockShaderImporter.PostprocessAllAssets 0.080ms
		SpeedTreeImporter.PostprocessAllAssets 0.066ms
		MonoPostProcessAllAssets: 25.406ms
			ShaderGraphAssetPostProcessor.OnPostprocessAllAssets 4.947ms
			MaterialPostprocessor.OnPostprocessAllAssets 4.374ms
			AssetPostprocessor.OnPostprocessAllAssets 2.619ms
			LocalizationAssetPostProcessor.OnPostprocessAllAssets 2.355ms
			PostProcessor.OnPostprocessAllAssets 1.076ms
			InputActionJsonNameModifierAssetProcessor.OnPostprocessAllAssets 0.696ms
			InputActionAssetPostprocessor.OnPostprocessAllAssets 0.695ms
			AssetChangedListener.OnPostprocessAllAssets 0.396ms
			TextAssetPostProcessor.OnPostprocessAllAssets 0.175ms
			RenderPipelineGlobalSettingsPostprocessor.OnPostprocessAllAssets 0.128ms
			TMPro_TexturePostProcessor.OnPostprocessAllAssets 0.057ms
	PostAssetChangesProfiler: 0.361ms
	GatherAllCurrentPrimaryImportResultRevisions: 0.066ms
	PersistCurrentRevisions: 0.099ms
	UnloadStreamsEnd: 0.062ms
	Untracked: 3.347ms

Start Indexing on Editor startup
[Indexing] Starting Initial Indexing for Assets
[UnityConnectServicesConfig] config is NOT valid, switching to default
Created GICache directory at /Users/jangyoung/Library/Caches/com.unity3d.UnityEditor/GiCache. Took: 0.002s, timestamps: [10.881 - 10.883]
Unloading 114 Unused Serialized files (Serialized files now loaded: 0)
Unloading 200 unused Assets / (11.5 MB). Loaded Objects now: 5597.
Memory consumption went from 276.1 MB to 264.7 MB.
Total: 16.608625 ms (FindLiveObjects: 0.185459 ms CreateObjectMapping: 0.482833 ms MarkObjects: 13.592958 ms  DeleteObjects: 2.347000 ms)

Importing 'GUID: 83cb45287d6f1499fbd8be1b24e68282 - Path: Assets/InitTestSceneda1408f9-3d75-4521-9f21-f97746d6dc8d.unity' with importer (DefaultImporter)
Imported 'GUID: 83cb45287d6f1499fbd8be1b24e68282' -> (Import Result ID: 'ac4b3aa8ecbb8a653095d22cf8b2fe47') in 0.001 seconds [static dependencies only]. Details - ImportResultOutputID=ce6478ef7e1c9808e72f125a0697225a DependenciesID=5480b18e3fc177524d317838a57aea4f StaticDependenciesID=36c77bbad59b0fe58011c92c2bdfd232 
Asset Pipeline Refresh (id=aedfed70ffa0d48c59c8928c714630c7): Total: 0.051 seconds - Initiated by StopAssetImportingV2(NoUpdateAssetOptions)
Executing IPrebuildSetup for: Unity.PerformanceTesting.Editor.TestRunBuilder.
UnityEngine.Debug:ExtractStackTraceNoAlloc (byte*,int,string)
UnityEngine.StackTraceUtility:ExtractStackTrace () (at /Users/bokken/build/output/unity/unity/Runtime/Export/Scripting/StackTrace.cs:35)
UnityEngine.DebugLogHandler:Internal_Log (UnityEngine.LogType,UnityEngine.LogOption,string,UnityEngine.Object)
UnityEngine.DebugLogHandler:LogFormat (UnityEngine.LogType,UnityEngine.Object,string,object[])
UnityEngine.Logger:Log (UnityEngine.LogType,object)
UnityEngine.Debug:Log (object)
UnityEditor.TestTools.TestRunner.TestRun.Tasks.BuildActionTaskBase`1/<ExecuteMethods>d__8<UnityEngine.TestTools.IPrebuildSetup>:MoveNext () (at ./Library/PackageCache/com.unity.test-framework@1405238725ab/UnityEditor.TestRunner/TestRun/Tasks/BuildActionTaskBase.cs:48)
UnityEditor.TestTools.TestRunner.TestRun.Tasks.BuildActionTaskBase`1/<Execute>d__7<UnityEngine.TestTools.IPrebuildSetup>:MoveNext () (at ./Library/PackageCache/com.unity.test-framework@1405238725ab/UnityEditor.TestRunner/TestRun/Tasks/BuildActionTaskBase.cs:34)
UnityEditor.TestTools.TestRunner.TestRun.TestJobRunner:ExecuteStep () (at ./Library/PackageCache/com.unity.test-framework@1405238725ab/UnityEditor.TestRunner/TestRun/TestJobRunner.cs:194)
UnityEditor.TestTools.TestRunner.TestRun.TestJobRunner:ExecuteCallback () (at ./Library/PackageCache/com.unity.test-framework@1405238725ab/UnityEditor.TestRunner/TestRun/TestJobRunner.cs:129)
UnityEditor.EditorApplication:Internal_CallUpdateFunctions () (at /Users/bokken/build/output/unity/unity/Editor/Mono/EditorApplication.cs:403)

(Filename: ./Library/PackageCache/com.unity.test-framework@1405238725ab/UnityEditor.TestRunner/TestRun/Tasks/BuildActionTaskBase.cs Line: 48)

Thread 0x16fb0f000 may have been prematurely finalized
Reloading assemblies for play mode.
Reloading assemblies after forced synchronous recompile.
Begin MonoManager ReloadAssembly
Symbol file LoadedFromMemory is not a mono symbol file
Native extension for OSXStandalone target not found
Native extension for WebGL target not found
ScheduleIndexationOnStartup MainProcess:True IndexOnStartup:True
Mono: successfully reloaded assembly
- Finished resetting the current domain, in  0.531 seconds
Domain Reload Profiling: 1116ms
	BeginReloadAssembly (409ms)
		DisableScriptedObjects (56ms)
		CreateAndSetChildDomain (282ms)
	RebuildCommonClasses (5ms)
	RebuildNativeTypeToScriptingClass (12ms)
	initialDomainReloadingComplete (31ms)
	LoadAllAssembliesAndSetupDomain (124ms)
		LoadAssemblies (64ms)
		AnalyzeDomain (22ms)
			TypeCache.Refresh (6ms)
			ResolveRequiredComponents (13ms)
	FinalizeReload (534ms)
		SetupLoadedEditorAssemblies (0ms)
			BeforeProcessingInitializeOnLoad (56ms)
			ProcessInitializeOnLoadAttributes (108ms)
			ProcessInitializeOnLoadMethodAttributes (137ms)
		AwakeInstancesAfterBackupRestoration (26ms)
No restricted APIs configured; Validation skipped.
Checking 13 assemblies for restricted APIs found 0 usage(s) in 5 ms

Asset Pipeline Refresh (id=8c20eb329236946c2a8b807722ab55ed): Total: 1.932 seconds - Initiated by StopAssetImportingV2(ForceSynchronousImport | ForceDomainReload)
	(Values over 0.05ms)
	Summary:
		Imports: total=0 (actual=0, local cache=0, cache server=0)
		Asset DB Process Time: managed=0 ms, native=700 ms
		Asset DB Callback time: managed=541 ms, native=87 ms
		Scripting: domain reloads=1, domain reload time=601 ms, compile time=1 ms, other=0 ms
		Project Asset Count: scripts=1109, non-scripts=1939
		Asset File Changes: new=0, changed=0, moved=0, deleted=0
		Scan Filter Count: 0
	InvokePackagesCallback: 0.777ms
	ApplyChangesToAssetFolders: 0.208ms
	Collect global state as custom dependencies: 1.579ms
	ProcessAssetsWithTransientArtifactChanges: 77.349ms
	CategorizeAssets: 35.387ms
	CompileScripts: 0.506ms
	ImportOutOfDateAssets: 563.098ms (540.878ms without children)
		CollectScriptTypesHashes: 1.294ms
		ReloadNativeAssets: 0.668ms
		UnloadImportedAssets: 0.120ms
		EnsureUptoDateAssetsAreRegisteredWithGuidPM: 0.378ms
		ImportSchedulerStart: 21.034ms
	PostProcessAllAssets: 627.096ms
		PostProcessCallbackCreateDeferredMaterials 17.095ms
		AssemblyValidation.PostprocessAllAssets 8.849ms
		ShaderAssetModifiedCallback 7.732ms
		RaytracingShaderImportPostprocess 4.191ms
		ComputeShaderImportPostprocess 3.354ms
		SpeedTreeImporter.PostprocessAllAssets 3.210ms
		BlockShaderImporter.PostprocessAllAssets 2.117ms
		LocalizationDatabase.AssetDatabasePostprocessCallback 1.691ms
		MonoPostProcessAllAssets: 540.346ms
			ShaderGraphAssetPostProcessor.OnPostprocessAllAssets 170.584ms
			LocalizationAssetPostProcessor.OnPostprocessAllAssets 107.080ms
			PostProcessor.OnPostprocessAllAssets 47.873ms
			InputActionAssetPostprocessor.OnPostprocessAllAssets 33.829ms
			InputActionJsonNameModifierAssetProcessor.OnPostprocessAllAssets 33.512ms
			MaterialPostprocessor.OnPostprocessAllAssets 33.217ms
			AssetPostprocessor.OnPostprocessAllAssets 17.578ms
			StyleCatalogPostProcessor.OnPostprocessAllAssets 13.750ms
			TextAssetPostProcessor.OnPostprocessAllAssets 9.307ms
			AssetChangedListener.OnPostprocessAllAssets 6.648ms
			UniversalRenderPipelineGlobalSettingsPostprocessor.OnPostprocessAllAssets 6.623ms
			RenderPipelineGlobalSettingsPostprocessor.OnPostprocessAllAssets 4.715ms
			BuilderAssetPostprocessor.OnPostprocessAllAssets 3.783ms
			SpeedTree9Postprocessor.OnPostprocessAllAssets 2.319ms
			RetainedModeAssetPostprocessor.OnPostprocessAllAssets 1.354ms
			WindowAssetPostprocessingWatcher.OnPostprocessAllAssets 1.102ms
			SyncVS.PostprocessSyncProject 1.060ms
			AddressablesAssetPostProcessor.OnPostprocessAllAssets 0.747ms
			AssetPathToTypes.OnPostprocessAllAssets 0.383ms
			ProjectSettingsPostprocessor.OnPostprocessAllAssets 0.362ms
			SpeedTreePostProcessor.OnPostprocessAllAssets 0.337ms
			ArtifactBrowserPostProcessor.OnPostprocessAllAssets 0.286ms
			ShaderReflectionAssetPostProcessor.OnPostprocessAllAssets 0.280ms
			TMPro_TexturePostProcessor.OnPostprocessAllAssets 0.226ms
			SampleDependencyImporterPostProcessor.OnPostprocessAllAssets 0.221ms
			TerrainToolbarOverlayPostProcessor.OnPostprocessAllAssets 0.213ms
			AudioMixerPostprocessor.OnPostprocessAllAssets 0.173ms
			EditModeScopePostprocessor.OnPostprocessAllAssets 0.163ms
			AssetEvents.OnPostprocessAllAssets 0.132ms
			AssetDatabaseCallbacks.OnPostprocessAllAssets 0.091ms
			ReferencedClipsPostProcessor.OnPostprocessAllAssets 0.090ms
			ConfigAssetsTracker.OnPostprocessAllAssets 0.080ms
			ScenarioDriftAssetsTracker.OnPostprocessAllAssets 0.058ms
			AudioContainerPostProcessor.OnPostprocessAllAssets 0.056ms
	PostAssetChangesProfiler: 1.514ms
	GatherAllCurrentPrimaryImportResultRevisions: 0.090ms
	UnloadStreamsBegin: 0.100ms
	PersistCurrentRevisions: 0.073ms
	GenerateScriptTypeHashes: 2.330ms
	GenerateScriptTypeSerializationHashes: 3.787ms
	Untracked: 618.996ms

Loaded scene 'Temp/__Backupscenes/0.backup'
	Deserialize:            0.787 ms
	Integration:            391.671 ms
	Integration of assets:  0.001 ms
	Thread Wait Time:       0.009 ms
	Total Operation Time:   392.468 ms
[MODES] ModeService[none].Initialize
[MODES] ModeService[none].LoadModes
[Licensing::Client] Successfully resolved entitlement details
Saving results to: /Users/jangyoung/Library/Application Support/TideRegistry/Unknown T0/TestResults.xml
Saving results to: /Users/jangyoung/orca/unknown/_workspace/current/systems/tech-verification/t0-case-thread-20260910/focused-green-final.xml
Thread 0x16f24f000 may have been prematurely finalized
Unloading 13 Unused Serialized files (Serialized files now loaded: 0)
Loaded scene 'Temp/__Backupscenes/0.backup'
	Deserialize:            0.492 ms
	Integration:            238.966 ms
	Integration of assets:  0.001 ms
	Thread Wait Time:       0.009 ms
	Total Operation Time:   239.468 ms
Unloading 4028 unused Assets / (4.8 MB). Loaded Objects now: 5616.
Memory consumption went from 234.7 MB to 230.0 MB.
Total: 13.993917 ms (FindLiveObjects: 0.442417 ms CreateObjectMapping: 1.138958 ms MarkObjects: 10.153417 ms  DeleteObjects: 2.258458 ms)

Executing IPostBuildCleanup for: Unity.PerformanceTesting.Editor.TestRunBuilder.
UnityEngine.Debug:ExtractStackTraceNoAlloc (byte*,int,string)
UnityEngine.StackTraceUtility:ExtractStackTrace () (at /Users/bokken/build/output/unity/unity/Runtime/Export/Scripting/StackTrace.cs:35)
UnityEngine.DebugLogHandler:Internal_Log (UnityEngine.LogType,UnityEngine.LogOption,string,UnityEngine.Object)
UnityEngine.DebugLogHandler:LogFormat (UnityEngine.LogType,UnityEngine.Object,string,object[])
UnityEngine.Logger:Log (UnityEngine.LogType,object)
UnityEngine.Debug:Log (object)
UnityEditor.TestTools.TestRunner.TestRun.Tasks.BuildActionTaskBase`1/<ExecuteMethods>d__8<UnityEngine.TestTools.IPostBuildCleanup>:MoveNext () (at ./Library/PackageCache/com.unity.test-framework@1405238725ab/UnityEditor.TestRunner/TestRun/Tasks/BuildActionTaskBase.cs:48)
UnityEditor.TestTools.TestRunner.TestRun.Tasks.BuildActionTaskBase`1/<Execute>d__7<UnityEngine.TestTools.IPostBuildCleanup>:MoveNext () (at ./Library/PackageCache/com.unity.test-framework@1405238725ab/UnityEditor.TestRunner/TestRun/Tasks/BuildActionTaskBase.cs:34)
UnityEditor.TestTools.TestRunner.TestRun.TestJobRunner:ExecuteStep () (at ./Library/PackageCache/com.unity.test-framework@1405238725ab/UnityEditor.TestRunner/TestRun/TestJobRunner.cs:194)
UnityEditor.TestTools.TestRunner.TestRun.TestJobRunner:ExecuteCallback () (at ./Library/PackageCache/com.unity.test-framework@1405238725ab/UnityEditor.TestRunner/TestRun/TestJobRunner.cs:129)
UnityEditor.EditorApplication:Internal_CallUpdateFunctions () (at /Users/bokken/build/output/unity/unity/Editor/Mono/EditorApplication.cs:403)

(Filename: ./Library/PackageCache/com.unity.test-framework@1405238725ab/UnityEditor.TestRunner/TestRun/Tasks/BuildActionTaskBase.cs Line: 48)

Unloading 0 Unused Serialized files (Serialized files now loaded: 0)
Unloading 0 unused Assets / (0 B). Loaded Objects now: 5621.
Memory consumption went from 221.1 MB to 221.1 MB.
Total: 16.030333 ms (FindLiveObjects: 0.196708 ms CreateObjectMapping: 0.529292 ms MarkObjects: 15.296625 ms  DeleteObjects: 0.007291 ms)

Asset Pipeline Refresh (id=df5039d63d9a649519c9267842494e77): Total: 0.078 seconds - Initiated by StopAssetImportingV2(NoUpdateAssetOptions)
DisplayProgressbar: Undo
Test run completed. Exiting with code 0 (Ok). Run completed.
UnityEngine.Debug:ExtractStackTraceNoAlloc (byte*,int,string)
UnityEngine.StackTraceUtility:ExtractStackTrace () (at /Users/bokken/build/output/unity/unity/Runtime/Export/Scripting/StackTrace.cs:35)
UnityEngine.DebugLogHandler:Internal_Log (UnityEngine.LogType,UnityEngine.LogOption,string,UnityEngine.Object)
UnityEngine.DebugLogHandler:LogFormat (UnityEngine.LogType,UnityEngine.Object,string,object[])
UnityEngine.Logger:Log (UnityEngine.LogType,object)
UnityEngine.Debug:Log (object)
UnityEditor.TestTools.TestRunner.CommandLineTest.Executer:ExitApplication (UnityEditor.TestTools.TestRunner.CommandLineTest.Executer/ReturnCodes,string) (at ./Library/PackageCache/com.unity.test-framework@1405238725ab/UnityEditor.TestRunner/CommandLineTest/Executer.cs:81)
UnityEditor.TestTools.TestRunner.CommandLineTest.Executer:ExitIfRunIsCompleted () (at ./Library/PackageCache/com.unity.test-framework@1405238725ab/UnityEditor.TestRunner/CommandLineTest/Executer.cs:74)
UnityEditor.EditorApplication:Internal_CallUpdateFunctions () (at /Users/bokken/build/output/unity/unity/Editor/Mono/EditorApplication.cs:403)

(Filename: ./Library/PackageCache/com.unity.test-framework@1405238725ab/UnityEditor.TestRunner/CommandLineTest/Executer.cs Line: 81)

MonoPathRemapper: Attempts to remap: 25908; Successful remaps: 1736
Serialized file version minimum: 22, current 23
Importing 'GUID: 00000000000000004000000000000000 - Path: ProjectSettings/ProjectSettings.asset' with importer (LibraryAssetImporter)
Imported 'GUID: 00000000000000004000000000000000' -> (Import Result ID: '195b38f9c2520776fc5f091a9af64c48') in 0.006 seconds [static dependencies only]. Details - ImportResultOutputID=276a810dac73e1f29404d5e5f692e214 DependenciesID=360b1144ed23f354534ff96a7aa79160 StaticDependenciesID=ff275f68d39bf35df92846fe19cfa806 
Asset Pipeline Refresh (id=a25d40111c6e8435ba9ea6f50f927338): Total: 0.067 seconds - Initiated by StopAssetImportingV2(NoUpdateAssetOptions)
Thread 0x16fb0f000 may have been prematurely finalized
Input System module state changed to: ShutdownInProgress.
Input Polling Thread exited.
Input System module state changed to: Shutdown.
MSBuild 서버을(를) 종료하는 중...
VB/C# 컴파일러 서버을(를) 종료하는 중...
[Physics::Module] Cleanup current backend.
[Physics::Module] Id: 0xf2b8ea05
[Licensing::IpcConnector] LicenseClient-jangyoung-notifications channel disconnected successfully.
[Licensing::IpcConnector] LicenseClient-jangyoung channel disconnected successfully.
Thread 0x170303000 may have been prematurely finalized
Thread 0x17038f000 may have been prematurely finalized
Thread 0x17041b000 may have been prematurely finalized
Thread 0x1704a7000 may have been prematurely finalized
Thread 0x170533000 may have been prematurely finalized
Thread 0x1705bf000 may have been prematurely finalized
Thread 0x17064b000 may have been prematurely finalized
Thread 0x1706d7000 may have been prematurely finalized
Thread 0x170763000 may have been prematurely finalized
Thread 0x1707ef000 may have been prematurely finalized
AcceleratorClientConnectionCallback - disconnected - :0
Thread 0x172043000 may have been prematurely finalized
MSBuild 서버을(를) 종료했습니다.
info: Microsoft.Hosting.Lifetime[0]
      Application is shutting down...
Cleanup mono
CodeReloadManager destroyed
info: Unity.ILPP.Runner.PostProcessingAssemblyLoadContext[0]
      ALC ILPP context 1 is unloading
VB/C# 컴파일러 서버을(를) 종료했습니다.
debugger-agent: Unable to listen on 31
