credits at start: 2633.0
bg-harbor-night → ok 2688x1520 Δ=49.5
bg-hub-watchroom → ok 2688x1520 Δ=49.5
bg-gate-three → ok 2688x1520 Δ=49.5
bg-lowland → ok 2688x1520 Δ=19.5
bg-quay → ok 2688x1520 Δ=28.0
bg-pump-one → ok 2688x1520 Δ=19.5
bg-reader-desk → ok 2688x1520 Δ=20.0
pt-seorin → ok 2048x2048 Δ=12.5
pt-jaehwa → ok 2048x2048 Δ=2.0
pt-eunjeong → ok 2048x2048 Δ=4.0
pt-seongchan → ok 2048x2048 Δ=4.0
pt-doyeon → ok 2048x2048 Δ=9.0
icon-circuit → ok 1024x1024 Δ=10.5
icon-reader → ok 1024x1024 Δ=10.5
icon-alignment → ok 1024x1024 Δ=10.5
icon-routing → FAILED exit=3 Error: Higgsfield API error (HTTP 503). request failed with status 503 Service Unavailable
icon-corrosion → ok 1024x1024 Δ=74.5
icon-seal → ok 1024x1024 Δ=71.0
credits at end: 2459.0
done
