Mono path[0] = '/Users/jangyoung/orca/unknown/unity/Unknown/Builds/T0-renderer-occlusion-20260910-diagnostic/Unknown.app/Contents/Resources/Data/Managed'
Mono config path = '/Users/jangyoung/orca/unknown/unity/Unknown/Builds/T0-renderer-occlusion-20260910-diagnostic/Unknown.app/Contents/MonoBleedingEdge/etc'
CodeReloadManager initialized
Found 2 interfaces on host : 0) 192.168.219.124 1) 100.119.58.79
Player connection [8594452736]  Target information:

Player connection [8594452736]  * "[IP] 192.168.219.124 [Port] 55002 [Flags] 2 [Guid] 3497845131 [EditorId] 3177844407 [Version] 1048832 [Id] OSXPlayer(1,MacBook-Pro-2.local) [Debug] 0 [PackageName] OSXPlayer [ProjectName] Unknown T0" 

Player connection [8594452736]  * "[IP] 100.119.58.79 [Port] 55002 [Flags] 2 [Guid] 3497845131 [EditorId] 3177844407 [Version] 1048832 [Id] OSXPlayer(1,MacBook-Pro-2.local) [Debug] 0 [PackageName] OSXPlayer [ProjectName] Unknown T0" 

Player connection [8594452736] Started UDP target info broadcast (1) on [225.0.0.222:54997].

Input System module state changed to: Initialized.
[Physics::Module] Initialized fallback backend.
[Physics::Module] Id: 0xdecafbad
 preferred device: Apple M2 Pro (high power)
Metal devices available: 1
0: Apple M2 Pro (high power)
Using device Apple M2 Pro (high power)
Initialize engine version: 6000.5.6f1 (0e0577a1a2ac)
[Subsystems] Discovering subsystems at path /Users/jangyoung/orca/unknown/unity/Unknown/Builds/T0-renderer-occlusion-20260910-diagnostic/Unknown.app/Contents/Resources/Data/UnitySubsystems
GfxDevice: creating device client; kGfxThreadingModeThreaded
Initializing Metal device caps: Apple M2 Pro
Mac GPU Family: 2
Apple GPU Family: 8
MSL Version: 3.0
Has Float MSAA: 1
Has Float Filtering: 1
ReadWrite Texture Tier: 2
Begin MonoManager ReloadAssembly
Symbol file LoadedFromMemory is not a mono symbol file
- Finished resetting the current domain, in  0.020 seconds
[Physics::Module] Selected backend.
[Physics::Module] Name: PhysX
[Physics::Module] Id: 0xf2b8ea05
[Physics::Module] SDK Version: 4.1.2
[Physics::Module] Integration Version: 1.0.0
[Physics::Module] Threading Mode: Multi-Threaded
Metal RecreateSurface[0x10f0b6940]: surface size 1280x800
UnloadTime: 0.818625 ms
