Unity Editor version:    6000.5.6f1 (0e0577a1a2ac)
Branch:                  6000.5/staging
Build type:              Release
Batch mode:              YES
macOS version:           Version 26.3.1 (Build 25D2128)
Darwin version:          25.3.0
Architecture:            arm64
Running under Rosetta:   NO
Available memory:        16384 MB
Date:                    2026-09-10T08:42:48Z
[Licensing::Module] Trying to connect to existing licensing client channel...
[Licensing::IpcConnector] Successfully connected to: "LicenseClient-jangyoung" at "2026-09-10T08:42:48.78763Z"
Launching external process: /Applications/Unity/Hub/Editor/6000.5.6f1/Unity.app/Contents/Helpers/PackageManager/Server/UnityPackageManager

COMMAND LINE ARGUMENTS:
/Applications/Unity/Hub/Editor/6000.5.6f1/Unity.app/Contents/MacOS/Unity
-batchmode
-quit
-projectPath
/Users/jangyoung/orca/unknown/unity/Unknown
-executeMethod
Tide.EditorTools.T0ResourceDiagnostics.ImportAndCapture
-logFile
/tmp/unknown-t0-m2-r03-diagnostics-3.log
Successfully changed project path to: /Users/jangyoung/orca/unknown/unity/Unknown
/Users/jangyoung/orca/unknown/unity/Unknown
[UnityMemory] Configuration Parameters - Can be set up in boot.config
    "memorysetup-temp-allocator-size-gi-baking-worker=262144"
    "memorysetup-temp-allocator-size-gi-baking-worker=262144"
    "memorysetup-temp-allocator-size-gi-baking-worker=262144"
    "memorysetup-temp-allocator-size-gi-baking-worker=262144"
    "memorysetup-temp-allocator-size-gi-baking-worker=262144"
    "memorysetup-temp-allocator-size-nav-mesh-worker=65536"
    "memorysetup-temp-allocator-size-audio-worker=65536"
    "memorysetup-temp-allocator-size-cloud-worker=32768"
    "memorysetup-allocator-temp-initial-block-size-main=262144"
    "memorysetup-allocator-temp-initial-block-size-worker=262144"
    "memorysetup-temp-allocator-size-preload-manager=33554432"
    "memorysetup-temp-allocator-size-gfx=262144"
    "memorysetup-temp-allocator-size-background-worker=32768"
    "memorysetup-temp-allocator-size-job-worker=262144"
    "memorysetup-bucket-allocator-granularity=16"
    "memorysetup-bucket-allocator-bucket-count=8"
    "memorysetup-bucket-allocator-block-size=33554432"
    "memorysetup-bucket-allocator-block-count=8"
    "memorysetup-main-allocator-block-size=16777216"
    "memorysetup-thread-allocator-block-size=16777216"
    "memorysetup-main-allocator-mimalloc-enabled=0"
    "memorysetup-gfx-main-allocator-block-size=16777216"
    "memorysetup-gfx-thread-allocator-block-size=16777216"
    "memorysetup-cache-allocator-block-size=4194304"
    "memorysetup-typetree-allocator-block-size=2097152"
    "memorysetup-profiler-bucket-allocator-granularity=16"
    "memorysetup-profiler-bucket-allocator-bucket-count=8"
    "memorysetup-profiler-bucket-allocator-block-size=33554432"
    "memorysetup-profiler-bucket-allocator-block-count=8"
    "memorysetup-profiler-allocator-block-size=16777216"
    "memorysetup-profiler-editor-allocator-block-size=1048576"
    "memorysetup-temp-allocator-size-main=16777216"
    "memorysetup-job-temp-allocator-block-size=2097152"
    "memorysetup-job-temp-allocator-block-size-background=1048576"
    "memorysetup-job-temp-allocator-reduction-small-platforms=262144"
Logging is directed to a specific file, skipping project log.Player connection [8594452736]  Target information:

Player connection [8594452736]  * "[IP] 192.168.219.124 [Port] 55505 [Flags] 2 [Guid] 1838896158 [EditorId] 1838896158 [Version] 1048832 [Id] OSXEditor(0,MacBook-Pro-2.local) [Debug] 1 [PackageName] OSXEditor [ProjectName] Editor" 

Player connection [8594452736]  * "[IP] 100.119.58.79 [Port] 55505 [Flags] 2 [Guid] 1838896158 [EditorId] 1838896158 [Version] 1048832 [Id] OSXEditor(0,MacBook-Pro-2.local) [Debug] 1 [PackageName] OSXEditor [ProjectName] Editor" 

Player connection [8594452736] Host joined multi-casting on [225.0.0.222:54997]...
Player connection [8594452736] Host joined alternative multi-casting on [225.0.0.222:34997]...
Input System module state changed to: Initialized.
[Physics::Module] Initialized fallback backend.
[Physics::Module] Id: 0xdecafbad
[Licensing::Client] Handshaking with LicensingClient:
  Version:                 1.18.3+d7ffd15
  Session Id:              9c594a67fd664030b29fad051343b7d1
  Correlation Id:          7eff4bd7a42a21a35f828ca90cd3d378
  External correlation Id: 5042246358343013414
  Machine Id:              GDFq97hyJBwslTnyqVIUvhYydXg=
[Licensing::Module] Successfully connected to LicensingClient on channel: "LicenseClient-jangyoung" (connect: 0.00s, validation: 0.01s, handshake: 0.53s)
[Licensing::IpcConnector] Successfully connected to: "LicenseClient-jangyoung-notifications" at "2026-09-10T08:42:49.323151Z"
[Licensing::Module] Error: Access token is unavailable; failed to update
[Licensing::Client] Successfully resolved entitlement details
[Licensing::Module] License group:
  Id: 4513980-UnityPersXXXX
  Product: Unity Personal
  Type: Assigned
  Expiration: Unlimited
[Licensing::Client] Successfully updated license, isAsync: True, time: 0.01
[Licensing::Client] Successfully resolved entitlement details
[Licensing::Module] Licensing Background thread has ended after 0.55s
[Package Manager] Connected to IPC stream "Upm-88401" after 0.4 seconds.
[Licensing::Client] Successfully resolved entitlement details
Library Redirect Path: Library/
[Physics::Module] Selected backend.
[Physics::Module] Name: PhysX
[Physics::Module] Id: 0xf2b8ea05
[Physics::Module] SDK Version: 4.1.2
[Physics::Module] Integration Version: 1.0.0
[Physics::Module] Threading Mode: Multi-Threaded
Initialize engine version: 6000.5.6f1 (0e0577a1a2ac)
[Subsystems] Discovering subsystems at path /Applications/Unity/Hub/Editor/6000.5.6f1/Unity.app/Contents/Resources/UnitySubsystems
[Subsystems] Discovering subsystems at path /Users/jangyoung/orca/unknown/unity/Unknown/Assets
GfxDevice: creating device client; kGfxThreadingModeNonThreaded
 preferred device: Apple M2 Pro (high power)
Metal devices available: 1
0: Apple M2 Pro (high power)
Using device Apple M2 Pro (high power)
Initializing Metal device caps: Apple M2 Pro
Mac GPU Family: 2
Apple GPU Family: 8
MSL Version: 3.0
Has Float MSAA: 1
Has Float Filtering: 1
ReadWrite Texture Tier: 2
Initialize mono
Mono path[0] = '/Applications/Unity/Hub/Editor/6000.5.6f1/Unity.app/Contents/Resources/Scripting/Managed'
Mono path[1] = '/Applications/Unity/Hub/Editor/6000.5.6f1/Unity.app/Contents/Resources/Scripting/BCLExtensions/runtime/netstandard2.1'
Mono path[2] = '/Applications/Unity/Hub/Editor/6000.5.6f1/Unity.app/Contents/Resources/Scripting/MonoBleedingEdge/lib/mono/unityjit-macos'
Mono config path = '/Applications/Unity/Hub/Editor/6000.5.6f1/Unity.app/Contents/Resources/Scripting/MonoBleedingEdge/etc'
Using monoOptions --debugger-agent=transport=dt_socket,embedding=1,server=y,suspend=n,address=127.0.0.1:56401
CodeReloadManager initialized
ImportWorker Server TCP listen port: 0
AcceleratorClientConnectionCallback - disconnected - :0
Begin MonoManager ReloadAssembly
Registering precompiled unity dll's ...
Register platform support module: /Applications/Unity/Hub/Editor/6000.5.6f1/PlaybackEngines/WebGLSupport/UnityEditor.WebGL.Extensions.dll
Register platform support module: /Applications/Unity/Hub/Editor/6000.5.6f1/PlaybackEngines/MacStandaloneSupport/UnityEditor.OSXStandalone.Extensions.dll
Registered in 0.002133 seconds.
Native extension for OSXStandalone target not found
Native extension for WebGL target not found
Package Manager log level set to [2]
ScheduleIndexationOnStartup MainProcess:False IndexOnStartup:True
Mono: successfully reloaded assembly
- Finished resetting the current domain, in  0.460 seconds
Domain Reload Profiling: 984ms
	BeginReloadAssembly (133ms)
		CreateAndSetChildDomain (13ms)
	RebuildCommonClasses (4ms)
	RebuildNativeTypeToScriptingClass (19ms)
	initialDomainReloadingComplete (63ms)
	LoadAllAssembliesAndSetupDomain (303ms)
		LoadAssemblies (117ms)
		AnalyzeDomain (224ms)
			TypeCache.Refresh (223ms)
				TypeCache.ScanAssembly (203ms)
	FinalizeReload (461ms)
		SetupLoadedEditorAssemblies (0ms)
			InitializePlatformSupportModulesInManaged (10ms)
			BeforeProcessingInitializeOnLoad (84ms)
			ProcessInitializeOnLoadAttributes (128ms)
			ProcessInitializeOnLoadMethodAttributes (171ms)
[Licensing::Client] Successfully resolved entitlement details
Application.AssetDatabase Initial Refresh Start
[Package Manager] Restoring resolved packages state from cache
[Licensing::Client] Successfully resolved entitlement details
[Package Manager] Registered 55 packages:
  Packages from [https://packages.unity.com]:
    com.unity.inputsystem@1.20.0 (location: /Users/jangyoung/orca/unknown/unity/Unknown/Library/PackageCache/com.unity.inputsystem@7a4e1a2a8194)
    com.unity.localization@1.5.13 (location: /Users/jangyoung/orca/unknown/unity/Unknown/Library/PackageCache/com.unity.localization@ef5a0677859d)
    com.unity.addressables@2.9.1 (location: /Users/jangyoung/orca/unknown/unity/Unknown/Library/PackageCache/com.unity.addressables@8460f1c9c927)
    com.unity.nuget.newtonsoft-json@3.2.2 (location: /Users/jangyoung/orca/unknown/unity/Unknown/Library/PackageCache/com.unity.nuget.newtonsoft-json@4dfd81071c64)
    com.unity.searcher@4.9.4 (location: /Users/jangyoung/orca/unknown/unity/Unknown/Library/PackageCache/com.unity.searcher@d45a78918735)
    com.unity.burst@1.8.29 (location: /Users/jangyoung/orca/unknown/unity/Unknown/Library/PackageCache/com.unity.burst@6bb9aca3ef38)
    com.unity.profiling.core@1.0.3 (location: /Users/jangyoung/orca/unknown/unity/Unknown/Library/PackageCache/com.unity.profiling.core@8a49f7027d06)
    com.unity.scriptablebuildpipeline@2.6.1 (location: /Users/jangyoung/orca/unknown/unity/Unknown/Library/PackageCache/com.unity.scriptablebuildpipeline@36e3b5898ee2)
    com.unity.nuget.mono-cecil@1.11.6 (location: /Users/jangyoung/orca/unknown/unity/Unknown/Library/PackageCache/com.unity.nuget.mono-cecil@ecb9724e46ff)
    com.unity.test-framework.performance@3.5.0 (location: /Users/jangyoung/orca/unknown/unity/Unknown/Library/PackageCache/com.unity.test-framework.performance@8b56083ec0f0)
  Built-in packages:
    com.unity.render-pipelines.universal@17.5.0 (location: /Users/jangyoung/orca/unknown/unity/Unknown/Library/PackageCache/com.unity.render-pipelines.universal@73b4c4ff130e)
    com.unity.test-framework@1.7.0 (location: /Users/jangyoung/orca/unknown/unity/Unknown/Library/PackageCache/com.unity.test-framework@1405238725ab)
    com.unity.ugui@2.5.0 (location: /Users/jangyoung/orca/unknown/unity/Unknown/Library/PackageCache/com.unity.ugui@67707a67a4ab)
    com.unity.modules.accessibility@1.0.0 (location: /Users/jangyoung/orca/unknown/unity/Unknown/Library/PackageCache/com.unity.modules.accessibility)
    com.unity.modules.adaptiveperformance@1.0.0 (location: /Users/jangyoung/orca/unknown/unity/Unknown/Library/PackageCache/com.unity.modules.adaptiveperformance)
    com.unity.modules.ai@1.0.0 (location: /Users/jangyoung/orca/unknown/unity/Unknown/Library/PackageCache/com.unity.modules.ai)
    com.unity.modules.androidjni@1.0.0 (location: /Users/jangyoung/orca/unknown/unity/Unknown/Library/PackageCache/com.unity.modules.androidjni)
    com.unity.modules.animation@1.0.0 (location: /Users/jangyoung/orca/unknown/unity/Unknown/Library/PackageCache/com.unity.modules.animation)
    com.unity.modules.assetbundle@1.0.0 (location: /Users/jangyoung/orca/unknown/unity/Unknown/Library/PackageCache/com.unity.modules.assetbundle)
    com.unity.modules.audio@1.0.0 (location: /Users/jangyoung/orca/unknown/unity/Unknown/Library/PackageCache/com.unity.modules.audio)
    com.unity.modules.cloth@1.0.0 (location: /Users/jangyoung/orca/unknown/unity/Unknown/Library/PackageCache/com.unity.modules.cloth)
    com.unity.modules.director@1.0.0 (location: /Users/jangyoung/orca/unknown/unity/Unknown/Library/PackageCache/com.unity.modules.director)
    com.unity.modules.imageconversion@1.0.0 (location: /Users/jangyoung/orca/unknown/unity/Unknown/Library/PackageCache/com.unity.modules.imageconversion)
    com.unity.modules.imgui@1.0.0 (location: /Users/jangyoung/orca/unknown/unity/Unknown/Library/PackageCache/com.unity.modules.imgui)
    com.unity.modules.jsonserialize@1.0.0 (location: /Users/jangyoung/orca/unknown/unity/Unknown/Library/PackageCache/com.unity.modules.jsonserialize)
    com.unity.modules.particlesystem@1.0.0 (location: /Users/jangyoung/orca/unknown/unity/Unknown/Library/PackageCache/com.unity.modules.particlesystem)
    com.unity.modules.physics@1.0.0 (location: /Users/jangyoung/orca/unknown/unity/Unknown/Library/PackageCache/com.unity.modules.physics)
    com.unity.modules.physics2d@1.0.0 (location: /Users/jangyoung/orca/unknown/unity/Unknown/Library/PackageCache/com.unity.modules.physics2d)
    com.unity.modules.physicscore2d@1.0.0 (location: /Users/jangyoung/orca/unknown/unity/Unknown/Library/PackageCache/com.unity.modules.physicscore2d)
    com.unity.modules.screencapture@1.0.0 (location: /Users/jangyoung/orca/unknown/unity/Unknown/Library/PackageCache/com.unity.modules.screencapture)
    com.unity.modules.terrain@1.0.0 (location: /Users/jangyoung/orca/unknown/unity/Unknown/Library/PackageCache/com.unity.modules.terrain)
    com.unity.modules.terrainphysics@1.0.0 (location: /Users/jangyoung/orca/unknown/unity/Unknown/Library/PackageCache/com.unity.modules.terrainphysics)
    com.unity.modules.tilemap@1.0.0 (location: /Users/jangyoung/orca/unknown/unity/Unknown/Library/PackageCache/com.unity.modules.tilemap)
    com.unity.modules.ui@1.0.0 (location: /Users/jangyoung/orca/unknown/unity/Unknown/Library/PackageCache/com.unity.modules.ui)
    com.unity.modules.uielements@1.0.0 (location: /Users/jangyoung/orca/unknown/unity/Unknown/Library/PackageCache/com.unity.modules.uielements)
    com.unity.modules.umbra@1.0.0 (location: /Users/jangyoung/orca/unknown/unity/Unknown/Library/PackageCache/com.unity.modules.umbra)
    com.unity.modules.unityanalytics@1.0.0 (location: /Users/jangyoung/orca/unknown/unity/Unknown/Library/PackageCache/com.unity.modules.unityanalytics)
    com.unity.modules.unitywebrequest@1.0.0 (location: /Users/jangyoung/orca/unknown/unity/Unknown/Library/PackageCache/com.unity.modules.unitywebrequest)
    com.unity.modules.unitywebrequestassetbundle@1.0.0 (location: /Users/jangyoung/orca/unknown/unity/Unknown/Library/PackageCache/com.unity.modules.unitywebrequestassetbundle)
    com.unity.modules.unitywebrequestaudio@1.0.0 (location: /Users/jangyoung/orca/unknown/unity/Unknown/Library/PackageCache/com.unity.modules.unitywebrequestaudio)
    com.unity.modules.unitywebrequesttexture@1.0.0 (location: /Users/jangyoung/orca/unknown/unity/Unknown/Library/PackageCache/com.unity.modules.unitywebrequesttexture)
    com.unity.modules.unitywebrequestwww@1.0.0 (location: /Users/jangyoung/orca/unknown/unity/Unknown/Library/PackageCache/com.unity.modules.unitywebrequestwww)
    com.unity.modules.vectorgraphics@1.0.0 (location: /Users/jangyoung/orca/unknown/unity/Unknown/Library/PackageCache/com.unity.modules.vectorgraphics)
    com.unity.modules.vehicles@1.0.0 (location: /Users/jangyoung/orca/unknown/unity/Unknown/Library/PackageCache/com.unity.modules.vehicles)
    com.unity.modules.video@1.0.0 (location: /Users/jangyoung/orca/unknown/unity/Unknown/Library/PackageCache/com.unity.modules.video)
    com.unity.modules.wind@1.0.0 (location: /Users/jangyoung/orca/unknown/unity/Unknown/Library/PackageCache/com.unity.modules.wind)
    com.unity.modules.xr@1.0.0 (location: /Users/jangyoung/orca/unknown/unity/Unknown/Library/PackageCache/com.unity.modules.xr)
    com.unity.modules.subsystems@1.0.0 (location: /Users/jangyoung/orca/unknown/unity/Unknown/Library/PackageCache/com.unity.modules.subsystems)
    com.unity.modules.hierarchycore@1.0.0 (location: /Users/jangyoung/orca/unknown/unity/Unknown/Library/PackageCache/com.unity.modules.hierarchycore)
    com.unity.ext.nunit@2.1.0 (location: /Users/jangyoung/orca/unknown/unity/Unknown/Library/PackageCache/com.unity.ext.nunit@44f7d31723bd)
    com.unity.render-pipelines.core@17.5.0 (location: /Users/jangyoung/orca/unknown/unity/Unknown/Library/PackageCache/com.unity.render-pipelines.core@645717f21c5f)
    com.unity.shadergraph@17.5.0 (location: /Users/jangyoung/orca/unknown/unity/Unknown/Library/PackageCache/com.unity.shadergraph@8d7376ec43ee)
    com.unity.render-pipelines.universal-config@17.5.0 (location: /Users/jangyoung/orca/unknown/unity/Unknown/Library/PackageCache/com.unity.render-pipelines.universal-config@fdda01c80fe3)
    com.unity.collections@6.5.0 (location: /Users/jangyoung/orca/unknown/unity/Unknown/Library/PackageCache/com.unity.collections@a43cabe808ca)
    com.unity.mathematics@1.4.0 (location: /Users/jangyoung/orca/unknown/unity/Unknown/Library/PackageCache/com.unity.mathematics@981956d94fb6)
[Subsystems] No new subsystems found in resolved package list.
[Package Manager] Done registering packages in 0.01 seconds
[ScriptCompilation] Requested script compilation because: AssetDatabase observed changes in script compilation related files
info: Microsoft.Hosting.Lifetime[14]
      Now listening on: http://unix:/tmp/ilpp.sock-91ce4cc105a82451580320b8034fc51a
info: Microsoft.Hosting.Lifetime[0]
      Application started. Press Ctrl+C to shut down.
info: Microsoft.Hosting.Lifetime[0]
      Hosting environment: Production
info: Microsoft.Hosting.Lifetime[0]
      Content root path: /Users/jangyoung/orca/unknown/unity/Unknown
info: Microsoft.AspNetCore.Hosting.Diagnostics[1]
      Request starting HTTP/2 POST http://ilpp/UnityILPP.PostProcessing/Ping - application/grpc -
info: Microsoft.AspNetCore.Routing.EndpointMiddleware[0]
      Executing endpoint 'gRPC - /UnityILPP.PostProcessing/Ping'
info: Microsoft.AspNetCore.Routing.EndpointMiddleware[1]
      Executed endpoint 'gRPC - /UnityILPP.PostProcessing/Ping'
info: Microsoft.AspNetCore.Hosting.Diagnostics[2]
      Request finished HTTP/2 POST http://ilpp/UnityILPP.PostProcessing/Ping - 200 - application/grpc 38.9563ms
Starting: /Applications/Unity/Hub/Editor/6000.5.6f1/Unity.app/Contents/Resources/BuildPipeline/bee_backend --ipc --defer-dag-verification --dagfile="Library/Bee/200b0aEDbg.dag" --continue-on-failure --profile="Library/Bee/backend1.traceevents" ScriptAssemblies
WorkingDir: /Users/jangyoung/orca/unknown/unity/Unknown
DisplayProgressbar: Compiling Scripts
info: Microsoft.AspNetCore.Hosting.Diagnostics[1]
      Request starting HTTP/2 POST http://ilpp/UnityILPP.PostProcessing/ConfigurePostProcessors - application/grpc -
info: Microsoft.AspNetCore.Routing.EndpointMiddleware[0]
      Executing endpoint 'gRPC - /UnityILPP.PostProcessing/ConfigurePostProcessors'
warn: Unity.ILPP.Runner.PostProcessingAssemblyLoadContext[0]
      Assembly system.runtime.interopservices.windowsruntime has duplicate hint path. Ignoring "/Applications/Unity/Hub/Editor/6000.5.6f1/Unity.app/Contents/Resources/Scripting/UnityReferenceAssemblies/unity-4.8-api/Facades/System.Runtime.InteropServices.WindowsRuntime.dll" in favor of "/Applications/Unity/Hub/Editor/6000.5.6f1/Unity.app/Contents/Resources/Scripting/NetStandard/Extensions/2.0.0/System.Runtime.InteropServices.WindowsRuntime.dll"
warn: Unity.ILPP.Runner.PostProcessingAssemblyLoadContext[0]
      Assembly system.componentmodel.composition has duplicate hint path. Ignoring "/Applications/Unity/Hub/Editor/6000.5.6f1/Unity.app/Contents/Resources/Scripting/UnityReferenceAssemblies/unity-4.8-api/System.ComponentModel.Composition.dll" in favor of "/Applications/Unity/Hub/Editor/6000.5.6f1/Unity.app/Contents/Resources/Scripting/NetStandard/compat/2.1.0/shims/netfx/System.ComponentModel.Composition.dll"
info: Unity.ILPP.Runner.PostProcessingAssemblyLoadContext[0]
      Resolved Unity.Burst.Cecil, Version=0.11.6.0, Culture=neutral, PublicKeyToken=50cebf1cceb9d05e with Library/PackageCache/com.unity.burst@6bb9aca3ef38/Unity.Burst.CodeGen/Unity.Burst.Cecil.dll
info: Unity.ILPP.Runner.PostProcessingAssemblyLoadContext[0]
      Resolved Mono.Cecil, Version=0.11.5.0, Culture=neutral, PublicKeyToken=50cebf1cceb9d05e with Library/PackageCache/com.unity.nuget.mono-cecil@ecb9724e46ff/Mono.Cecil.dll
info: Microsoft.AspNetCore.Routing.EndpointMiddleware[1]
      Executed endpoint 'gRPC - /UnityILPP.PostProcessing/ConfigurePostProcessors'
info: Microsoft.AspNetCore.Hosting.Diagnostics[2]
      Request finished HTTP/2 POST http://ilpp/UnityILPP.PostProcessing/ConfigurePostProcessors - 200 - application/grpc 27.7140ms
info: Microsoft.AspNetCore.Hosting.Diagnostics[1]
      Request starting HTTP/2 POST http://ilpp/UnityILPP.PostProcessing/PostProcessAssembly - application/grpc -
info: Microsoft.AspNetCore.Routing.EndpointMiddleware[0]
      Executing endpoint 'gRPC - /UnityILPP.PostProcessing/PostProcessAssembly'
info: Microsoft.AspNetCore.Hosting.Diagnostics[1]
      Request starting HTTP/2 POST http://ilpp/UnityILPP.PostProcessing/PostProcessAssembly - application/grpc -
info: Microsoft.AspNetCore.Routing.EndpointMiddleware[0]
      Executing endpoint 'gRPC - /UnityILPP.PostProcessing/PostProcessAssembly'
info: Unity.ILPP.Runner.PostProcessingPipeline[0]
      Processing assembly Library/Bee/artifacts/200b0aEDbg.dag/Tide.EditorTools.dll, with 135 defines and 305 references
info: Unity.ILPP.Runner.PostProcessingPipeline[0]
      Processing assembly Library/Bee/artifacts/200b0aEDbg.dag/Tide.Tests.Sim.dll, with 136 defines and 301 references
info: Unity.ILPP.Runner.PostProcessingPipeline[0]
      processors: Unity.Jobs.CodeGen.JobsILPostProcessor, zzzUnity.Burst.CodeGen.BurstILPostProcessor
info: Unity.ILPP.Runner.PostProcessingPipeline[0]
      processors: Unity.Jobs.CodeGen.JobsILPostProcessor, zzzUnity.Burst.CodeGen.BurstILPostProcessor
info: Unity.ILPP.Runner.PostProcessingPipeline[0]
      running Unity.Jobs.CodeGen.JobsILPostProcessor
info: Unity.ILPP.Runner.PostProcessingPipeline[0]
      running Unity.Jobs.CodeGen.JobsILPostProcessor
info: Unity.ILPP.Runner.PostProcessingPipeline[0]
      running zzzUnity.Burst.CodeGen.BurstILPostProcessor
info: Unity.ILPP.Runner.PostProcessingPipeline[0]
      running zzzUnity.Burst.CodeGen.BurstILPostProcessor
info: Microsoft.AspNetCore.Routing.EndpointMiddleware[1]
      Executed endpoint 'gRPC - /UnityILPP.PostProcessing/PostProcessAssembly'
info: Microsoft.AspNetCore.Routing.EndpointMiddleware[1]
      Executed endpoint 'gRPC - /UnityILPP.PostProcessing/PostProcessAssembly'
info: Microsoft.AspNetCore.Hosting.Diagnostics[2]
      Request finished HTTP/2 POST http://ilpp/UnityILPP.PostProcessing/PostProcessAssembly - 200 - application/grpc 20.0452ms
info: Microsoft.AspNetCore.Hosting.Diagnostics[2]
      Request finished HTTP/2 POST http://ilpp/UnityILPP.PostProcessing/PostProcessAssembly - 200 - application/grpc 17.9938ms
ExitCode: 0 Duration: 2s436ms
[622/820    0s] ILPP-Configuration Library/ilpp-configuration.nevergeneratedoutput
[812/820    2s] Csc Library/Bee/artifacts/200b0aEDbg.dag/Tide.EditorTools.dll (+2 others)
[814/820    0s] ILPostProcess Library/Bee/artifacts/200b0aEDbg.dag/post-processed/Tide.EditorTools.dll (+pdb)
Processing assembly Library/Bee/artifacts/200b0aEDbg.dag/Tide.EditorTools.dll, with 135 defines and 305 references
processors: Unity.Jobs.CodeGen.JobsILPostProcessor, zzzUnity.Burst.CodeGen.BurstILPostProcessor
running Unity.Jobs.CodeGen.JobsILPostProcessor
running zzzUnity.Burst.CodeGen.BurstILPostProcessor
[815/820    0s] ILPostProcess Library/Bee/artifacts/200b0aEDbg.dag/post-processed/Tide.Tests.Sim.dll (+pdb)
Processing assembly Library/Bee/artifacts/200b0aEDbg.dag/Tide.Tests.Sim.dll, with 136 defines and 301 references
processors: Unity.Jobs.CodeGen.JobsILPostProcessor, zzzUnity.Burst.CodeGen.BurstILPostProcessor
running Unity.Jobs.CodeGen.JobsILPostProcessor
running zzzUnity.Burst.CodeGen.BurstILPostProcessor
[816/820    0s] CopyFiles Library/ScriptAssemblies/Tide.EditorTools.pdb
[817/820    0s] CopyFiles Library/ScriptAssemblies/Tide.EditorTools.dll
*** Tundra build success (2.39 seconds), 6 items updated, 820 evaluated
AssetDatabase: script compilation time: 3.466665s
Total cache size 57636860
Total cache size after purge 57636860, took 00:00:00.0984967
Begin MonoManager ReloadAssembly
Symbol file LoadedFromMemory is not a mono symbol file
Native extension for OSXStandalone target not found
Native extension for WebGL target not found
ScheduleIndexationOnStartup MainProcess:True IndexOnStartup:True
Mono: successfully reloaded assembly
- Finished resetting the current domain, in  3.559 seconds
Domain Reload Profiling: 4358ms
	BeginReloadAssembly (267ms)
		DisableScriptedObjects (67ms)
		CreateAndSetChildDomain (48ms)
	RebuildCommonClasses (8ms)
	RebuildNativeTypeToScriptingClass (12ms)
	initialDomainReloadingComplete (45ms)
	LoadAllAssembliesAndSetupDomain (467ms)
		LoadAssemblies (309ms)
		AnalyzeDomain (170ms)
			TypeCache.Refresh (123ms)
				TypeCache.ScanAssembly (100ms)
			BuildScriptInfoCaches (38ms)
			ResolveRequiredComponents (4ms)
	FinalizeReload (3560ms)
		SetupLoadedEditorAssemblies (0ms)
			InitializePlatformSupportModulesInManaged (3ms)
			BeforeProcessingInitializeOnLoad (78ms)
			ProcessInitializeOnLoadAttributes (2653ms)
			ProcessInitializeOnLoadMethodAttributes (553ms)
		AwakeInstancesAfterBackupRestoration (18ms)
Starting new worker id: 0 with log in /Users/jangyoung/orca/unknown/unity/Unknown/Logs/AssetImportWorkerHW0.log

Asset Pipeline Refresh (id=b4cf85c8b146746a99f8d77c19747331): Total: 9.605 seconds - Initiated by InitialRefreshV2(ForceSynchronousImport)
	(Values over 0.05ms)
	Summary:
		Imports: total=0 (actual=0, local cache=0, cache server=0)
		Asset DB Process Time: managed=0 ms, native=4871 ms
		Asset DB Callback time: managed=312 ms, native=33 ms
		Scripting: domain reloads=1, domain reload time=855 ms, compile time=3468 ms, other=64 ms
		Project Asset Count: scripts=1109, non-scripts=1932
		Asset File Changes: new=0, changed=1, moved=0, deleted=0
		Scan Filter Count: 1
	InvokePackagesCallback: 15.099ms
	ApplyChangesToAssetFolders: 0.398ms
	Scan: 829.771ms
	Collect global state as custom dependencies: 27.966ms
	OnSourceAssetsModified: 1.124ms
	CategorizeScriptCompilationAssets: 35.811ms
	ProcessAssetsWithTransientArtifactChanges: 49.059ms
	CategorizeAssets: 107.243ms
	CompileScripts: 3468.009ms
	ImportOutOfDateAssets: 3614.084ms (3573.812ms without children)
		ReloadNativeAssets: 0.051ms
		UnloadImportedAssets: 6.887ms
		EnsureUptoDateAssetsAreRegisteredWithGuidPM: 0.626ms
		ImportSchedulerStart: 32.705ms
	PostProcessAllAssets: 317.264ms
		VCAutoAddAssetPostprocess 1.871ms
		PostProcessCallbackCreateDeferredMaterials 0.509ms
		ShaderAssetModifiedCallback 0.186ms
		XRBuildSystem.XRAssetImported 0.083ms
		MonoPostProcessAllAssets: 311.953ms
			AssetPostprocessor.OnPostprocessAllAssets 239.677ms
			StyleCatalogPostProcessor.OnPostprocessAllAssets 20.828ms
			UniversalRenderPipelineGlobalSettingsPostprocessor.OnPostprocessAllAssets 18.077ms
			BuilderAssetPostprocessor.OnPostprocessAllAssets 4.005ms
			SyncVS.PostprocessSyncProject 3.111ms
			SpeedTree9Postprocessor.OnPostprocessAllAssets 1.881ms
			WindowAssetPostprocessingWatcher.OnPostprocessAllAssets 1.573ms
			ShaderGraphAssetPostProcessor.OnPostprocessAllAssets 1.368ms
			AssetChangedListener.OnPostprocessAllAssets 1.203ms
			RetainedModeAssetPostprocessor.OnPostprocessAllAssets 1.063ms
			AddressablesAssetPostProcessor.OnPostprocessAllAssets 0.911ms
			LocalizationAssetPostProcessor.OnPostprocessAllAssets 0.806ms
			EditModeScopePostprocessor.OnPostprocessAllAssets 0.644ms
			MaterialPostprocessor.OnPostprocessAllAssets 0.437ms
			PostProcessor.OnPostprocessAllAssets 0.436ms
			RenderPipelineGlobalSettingsPostprocessor.OnPostprocessAllAssets 0.401ms
			ArtifactBrowserPostProcessor.OnPostprocessAllAssets 0.379ms
			InputActionAssetPostprocessor.OnPostprocessAllAssets 0.376ms
			TMPro_TexturePostProcessor.OnPostprocessAllAssets 0.360ms
			AssetPathToTypes.OnPostprocessAllAssets 0.343ms
			SampleDependencyImporterPostProcessor.OnPostprocessAllAssets 0.290ms
			ShaderReflectionAssetPostProcessor.OnPostprocessAllAssets 0.270ms
			TextAssetPostProcessor.OnPostprocessAllAssets 0.268ms
			AudioMixerPostprocessor.OnPostprocessAllAssets 0.209ms
			InputActionJsonNameModifierAssetProcessor.OnPostprocessAllAssets 0.202ms
			AssetEvents.OnPostprocessAllAssets 0.200ms
			TerrainToolbarOverlayPostProcessor.OnPostprocessAllAssets 0.167ms
			ReferencedClipsPostProcessor.OnPostprocessAllAssets 0.138ms
			SpeedTreePostProcessor.OnPostprocessAllAssets 0.138ms
			AssetDatabaseCallbacks.OnPostprocessAllAssets 0.135ms
			ProjectSettingsPostprocessor.OnPostprocessAllAssets 0.128ms
			ConfigAssetsTracker.OnPostprocessAllAssets 0.107ms
			ScenarioDriftAssetsTracker.OnPostprocessAllAssets 0.098ms
			AudioContainerPostProcessor.OnPostprocessAllAssets 0.066ms
	PostAssetChangesProfiler: 14.562ms
	UnloadStreamsBegin: 1.169ms
	PersistCurrentRevisions: 0.075ms
	GenerateScriptTypeHashes: 2.143ms
	GenerateScriptTypeSerializationHashes: 3.403ms
	Untracked: 1120.386ms

Application.AssetDatabase Initial Refresh End
Shader Hidden/ChartRasterizerHardware is not supported: GPU does not support conservative rasterization
Launching external process: /Applications/Unity/Hub/Editor/6000.5.6f1/Unity.app/Contents/Helpers/UnityShaderCompiler
Launched and connected shader compiler UnityShaderCompiler after 0.09 seconds
Shader Hidden/ChartRasterizerHardware is not supported: GPU does not support conservative rasterization
Scanning for USB devices : 0.050ms
Initializing Unity extensions:
[MODES] ModeService[none].Initialize
[MODES] ModeService[none].LoadModes
[MODES] Loading mode Default (0) for mode-current-id-Unknown T0
2026-09-10 17:43:02.184 Unity[88401:142039469] NSEventModifierFlagFunction specified to -setKeyEquivalentModifierMask: for item <NSMenuItem: 0x8f5e17160 SDF, ke='Command-F12'>, but is only supported for system-provided menu items; will not be used
Unloading 66 Unused Serialized files (Serialized files now loaded: 0)
Unloading 4735 unused Assets / (9.5 MB). Loaded Objects now: 5551.
Memory consumption went from 256.9 MB to 247.4 MB.
Total: 33.962208 ms (FindLiveObjects: 0.458375 ms CreateObjectMapping: 2.298125 ms MarkObjects: 18.793958 ms  DeleteObjects: 12.411084 ms)

2026-09-10 17:43:02.323 Unity[88401:142039469] NSEventModifierFlagFunction specified to -setKeyEquivalentModifierMask: for item <NSMenuItem: 0x8f5bd4960 SDF, ke='Command-F12'>, but is only supported for system-provided menu items; will not be used

Asset Pipeline Refresh (id=b457b9db19c354c78b24fd56071799e5): Total: 0.400 seconds - Initiated by RefreshV2(NoUpdateAssetOptions)
	(Values over 0.05ms)
	Summary:
		Imports: total=0 (actual=0, local cache=0, cache server=0)
		Asset DB Process Time: managed=0 ms, native=400 ms
		Asset DB Callback time: managed=0 ms, native=0 ms
		Scripting: domain reloads=0, domain reload time=0 ms, compile time=0 ms, other=0 ms
		Project Asset Count: scripts=1109, non-scripts=1932
		Asset File Changes: new=0, changed=0, moved=0, deleted=0
		Scan Filter Count: 1
	ApplyChangesToAssetFolders: 0.126ms
	Scan: 325.309ms
	Collect global state as custom dependencies: 0.539ms
	ProcessAssetsWithTransientArtifactChanges: 0.255ms
	CategorizeAssets: 25.825ms
	ImportOutOfDateAssets: 32.333ms (6.081ms without children)
		UnloadImportedAssets: 0.084ms
		EnsureUptoDateAssetsAreRegisteredWithGuidPM: 0.320ms
		ImportSchedulerStart: 25.824ms
	GatherAllCurrentPrimaryImportResultRevisions: 0.399ms
	PersistCurrentRevisions: 0.076ms
	Untracked: 13.048ms

Importing 'GUID: d976090fbdb834735ad3b70978db3efd - Path: Assets/_Project/Art/Candidates/drawer-r03/textures/SM_Hub_Workbench_Drawer_Casing_BaseColor.png' with importer (TextureImporter)
Imported 'GUID: d976090fbdb834735ad3b70978db3efd' -> (Import Result ID: 'c40ac657e682a67b8d5188d98527d4bc') in 0.051 seconds [static and dynamic dependencies]. Details - ImportResultOutputID=02abc9bae0039c154893b92b72b906e5 DependenciesID=d0aa7064ac3c0f944599374d42a7fb42 StaticDependenciesID=d4804e9c7c679a2312649ee5ad69c5ab 
Asset Pipeline Refresh (id=67ff8a2a74a5e4f198f5b5c9ea9a7349): Total: 0.115 seconds - Initiated by StopAssetImportingV2(NoUpdateAssetOptions)
Importing 'GUID: 3d15f2ec180904e1aa1dc9537f382dc5 - Path: Assets/_Project/Art/Candidates/drawer-r03/textures/SM_Hub_Workbench_Drawer_Casing_Roughness.png' with importer (TextureImporter)
Imported 'GUID: 3d15f2ec180904e1aa1dc9537f382dc5' -> (Import Result ID: '3f775d6d8c25c7766c61db2d4215d64f') in 0.011 seconds [static and dynamic dependencies]. Details - ImportResultOutputID=9e97e6418a64744a42525dc9fcd337b2 DependenciesID=a7b36937345d3085ed55a54b41a672e8 StaticDependenciesID=01fee21085fb8d14d23d2160cc80310a 
Asset Pipeline Refresh (id=f0a09265496f84a64a51088b154ef98d): Total: 0.053 seconds - Initiated by StopAssetImportingV2(NoUpdateAssetOptions)
Importing 'GUID: 7dfb1a0f83c98424bb275b228cd36dab - Path: Assets/_Project/Art/Candidates/drawer-r03/textures/SM_Hub_Workbench_Drawer_Tray_BaseColor.png' with importer (TextureImporter)
Imported 'GUID: 7dfb1a0f83c98424bb275b228cd36dab' -> (Import Result ID: '343053225573825d51c6d5e182f4b373') in 0.014 seconds [static and dynamic dependencies]. Details - ImportResultOutputID=5008bc1d6ac8cd9495350fc0041e9199 DependenciesID=a6d2633e57a54d2b0eec28d2e9618e3d StaticDependenciesID=aaa2679334fd03e0144c570211aabf9f 
Asset Pipeline Refresh (id=8cf4e54d6bc5f4a8f88e8b8e39d5d591): Total: 0.058 seconds - Initiated by StopAssetImportingV2(NoUpdateAssetOptions)
Importing 'GUID: 2660d3f4555d34433a486b7f0ebc1b09 - Path: Assets/_Project/Art/Candidates/drawer-r03/textures/SM_Hub_Workbench_Drawer_Tray_Roughness.png' with importer (TextureImporter)
Imported 'GUID: 2660d3f4555d34433a486b7f0ebc1b09' -> (Import Result ID: '6279067da762b40df4052417de2fbacb') in 0.008 seconds [static and dynamic dependencies]. Details - ImportResultOutputID=08366dd5dade3cde3a93795e937b686f DependenciesID=2047a7976a889676c9af2cead79efd2f StaticDependenciesID=2117137e3fb566afe7d0d5f3e468da9f 
Asset Pipeline Refresh (id=14d8cd9a0a9af482ba2c95975e161c5e): Total: 0.045 seconds - Initiated by StopAssetImportingV2(NoUpdateAssetOptions)
Unloading 1 Unused Serialized files (Serialized files now loaded: 0)
Unloading 11 unused Assets / (Unknown). Loaded Objects now: 5553.
Memory consumption went from 236.7 MB to 237.0 MB.
Total: 18.079625 ms (FindLiveObjects: 0.349750 ms CreateObjectMapping: 0.667458 ms MarkObjects: 16.995875 ms  DeleteObjects: 0.065959 ms)

Worker ready: AssetImportWorkerHW0 0
Importing 'GUID: cc0dedc970e924231afddddfd6a665f5 - Path: Assets/_Project/Art/Candidates/drawer-r03/DrawerDiagnostic.prefab' with importer (PrefabImporter)
Imported 'GUID: cc0dedc970e924231afddddfd6a665f5' -> (Import Result ID: '5590b5497fd84f95fcde5946abd76b8d') in 0.005 seconds [static and dynamic dependencies]. Details - ImportResultOutputID=1f39a04ec06be608f0a4a6975a6fe7a8 DependenciesID=3a73adc82875366861294f84579458d7 StaticDependenciesID=ac4bc489b3945d267d45b399998b5ec5 
Asset Pipeline Refresh (id=caaab2b135f9041ad944ecfa125d4c4b): Total: 0.073 seconds - Initiated by StopAssetImportingV2(NoUpdateAssetOptions)
Importing 'GUID: b4bd74afe28f34072bddf280b645b9ae - Path: Assets/_Project/Art/Candidates/drawer-r03/Casing.mat' with importer (NativeFormatImporter)
Imported 'GUID: b4bd74afe28f34072bddf280b645b9ae' -> (Import Result ID: 'e9da10693b3d8aab7aa20046d63805ad') in 0.001 seconds [static dependencies only]. Details - ImportResultOutputID=8e4e94bd5099544cdd53e3084b73908a DependenciesID=545fea9c0830ca3e9c32db41a39b9798 StaticDependenciesID=3b57cdbb61a5ecfbd202886d10f35dc8 
Importing 'GUID: 994b64781508f4c6fb8c3136d8584ec3 - Path: Assets/_Project/Art/Candidates/drawer-r03/Tray.mat' with importer (NativeFormatImporter)
Imported 'GUID: 994b64781508f4c6fb8c3136d8584ec3' -> (Import Result ID: '6d4b7447f4590b770144ff3ba4c59caf') in 0.001 seconds [static dependencies only]. Details - ImportResultOutputID=3bf5466e12365badea6038dd9d11bae2 DependenciesID=02c77692527dacac4a8b8c2e37535bc8 StaticDependenciesID=72b93096f7e21ab86d4dcdee32914e35 
Asset Pipeline Refresh (id=f3a2bb059436f4f94a6cbbe47d913dd8): Total: 0.047 seconds - Initiated by StopAssetImportingV2(NoUpdateAssetOptions)
T0_R03_DIAGNOSTICS {"revision":"r03","runtimeEligible":false,"colorSpace":"Gamma","graphicsDevice":"Metal","textures":[{"file":"SM_Hub_Workbench_Drawer_Casing_BaseColor.png","width":1024,"height":1024,"sRGB":true},{"file":"SM_Hub_Workbench_Drawer_Casing_Roughness.png","width":1024,"height":1024,"sRGB":false},{"file":"SM_Hub_Workbench_Drawer_Tray_BaseColor.png","width":1024,"height":1024,"sRGB":true},{"file":"SM_Hub_Workbench_Drawer_Tray_Roughness.png","width":1024,"height":1024,"sRGB":false}],"unityAdapterYawDeg":180,"materials":[{"renderer":"SM_Hub_Workbench_Drawer_Tray","center":[-4.80825157E-09,0.13,-0.0549999736],"size":[1.02,0.180000052,0.68],"baseMapBound":true,"roughnessBound":true,"metallic":0.08,"shaderSupported":true},{"renderer":"SM_Hub_Workbench_Drawer_Casing","center":[1.38555818E-15,0.12999998,2.32458088E-08],"size":[1.10000014,0.26000005,0.7000001],"baseMapBound":true,"roughnessBound":true,"metallic":0.08,"shaderSupported":true}],"meshCount":2,"triangles":156,"fitAdaptation":"Diagnostic AABB subtraction from authored workbench; no runtime promotion","drawerPosition":[0,0.32,1.1]}
UnityEngine.Debug:ExtractStackTraceNoAlloc (byte*,int,string)
UnityEngine.StackTraceUtility:ExtractStackTrace () (at /Users/bokken/build/output/unity/unity/Runtime/Export/Scripting/StackTrace.cs:35)
UnityEngine.DebugLogHandler:Internal_Log (UnityEngine.LogType,UnityEngine.LogOption,string,UnityEngine.Object)
UnityEngine.DebugLogHandler:LogFormat (UnityEngine.LogType,UnityEngine.Object,string,object[])
UnityEngine.Logger:Log (UnityEngine.LogType,object)
UnityEngine.Debug:Log (object)
Tide.EditorTools.T0ResourceDiagnostics:ImportAndCapture () (at Assets/_Project/Editor/T0ResourceDiagnostics.cs:41)

(Filename: Assets/_Project/Editor/T0ResourceDiagnostics.cs Line: 41)

Batchmode quit successfully invoked - shutting down!
Thread 0x3236a7000 may have been prematurely finalized
Input System module state changed to: ShutdownInProgress.
Input Polling Thread exited.
Input System module state changed to: Shutdown.
MSBuild 서버을(를) 종료하는 중...
VB/C# 컴파일러 서버을(를) 종료하는 중...
[Physics::Module] Cleanup current backend.
[Physics::Module] Id: 0xf2b8ea05
[Licensing::IpcConnector] LicenseClient-jangyoung-notifications channel disconnected successfully.
[Licensing::IpcConnector] LicenseClient-jangyoung channel disconnected successfully.
Thread 0x16c467000 may have been prematurely finalized
Thread 0x16c60b000 may have been prematurely finalized
Thread 0x16c4f3000 may have been prematurely finalized
Thread 0x16c57f000 may have been prematurely finalized
Thread 0x16c697000 may have been prematurely finalized
Thread 0x16c83b000 may have been prematurely finalized
Thread 0x16c7af000 may have been prematurely finalized
Thread 0x16c723000 may have been prematurely finalized
MSBuild 서버을(를) 종료했습니다.
VB/C# 컴파일러 서버을(를) 종료했습니다.
AcceleratorClientConnectionCallback - disconnected - :0
Thread 0x174b3f000 may have been prematurely finalized
info: Microsoft.Hosting.Lifetime[0]
      Application is shutting down...
Cleanup mono
CodeReloadManager destroyed
info: Unity.ILPP.Runner.PostProcessingAssemblyLoadContext[0]
      ALC ILPP context 1 is unloading
debugger-agent: Unable to listen on 43
Exiting batchmode successfully now!
[Package Manager] Server process was shutdown
